Archive member included to satisfy reference by file (symbol)

d:/aplicativos/stm32cubeide_1.11.2/stm32cubeide/plugins/com.st.stm32cube.ide.mcu.externaltools.gnu-tools-for-stm32.10.3-2021.10.win32_1.0.100.202210260954/tools/bin/../lib/gcc/arm-none-eabi/10.3.1/../../../../arm-none-eabi/lib/thumb/v7e-m+dp/hard\libc_nano.a(lib_a-errno.o)
                              ./Core/Src/syscalls.o (__errno)
d:/aplicativos/stm32cubeide_1.11.2/stm32cubeide/plugins/com.st.stm32cube.ide.mcu.externaltools.gnu-tools-for-stm32.10.3-2021.10.win32_1.0.100.202210260954/tools/bin/../lib/gcc/arm-none-eabi/10.3.1/../../../../arm-none-eabi/lib/thumb/v7e-m+dp/hard\libc_nano.a(lib_a-exit.o)
                              d:/aplicativos/stm32cubeide_1.11.2/stm32cubeide/plugins/com.st.stm32cube.ide.mcu.externaltools.gnu-tools-for-stm32.10.3-2021.10.win32_1.0.100.202210260954/tools/bin/../lib/gcc/arm-none-eabi/10.3.1/../../../../arm-none-eabi/lib/thumb/v7e-m+dp/hard/crt0.o (exit)
d:/aplicativos/stm32cubeide_1.11.2/stm32cubeide/plugins/com.st.stm32cube.ide.mcu.externaltools.gnu-tools-for-stm32.10.3-2021.10.win32_1.0.100.202210260954/tools/bin/../lib/gcc/arm-none-eabi/10.3.1/../../../../arm-none-eabi/lib/thumb/v7e-m+dp/hard\libc_nano.a(lib_a-impure.o)
                              d:/aplicativos/stm32cubeide_1.11.2/stm32cubeide/plugins/com.st.stm32cube.ide.mcu.externaltools.gnu-tools-for-stm32.10.3-2021.10.win32_1.0.100.202210260954/tools/bin/../lib/gcc/arm-none-eabi/10.3.1/../../../../arm-none-eabi/lib/thumb/v7e-m+dp/hard\libc_nano.a(lib_a-exit.o) (_global_impure_ptr)
d:/aplicativos/stm32cubeide_1.11.2/stm32cubeide/plugins/com.st.stm32cube.ide.mcu.externaltools.gnu-tools-for-stm32.10.3-2021.10.win32_1.0.100.202210260954/tools/bin/../lib/gcc/arm-none-eabi/10.3.1/../../../../arm-none-eabi/lib/thumb/v7e-m+dp/hard\libc_nano.a(lib_a-init.o)
                              d:/aplicativos/stm32cubeide_1.11.2/stm32cubeide/plugins/com.st.stm32cube.ide.mcu.externaltools.gnu-tools-for-stm32.10.3-2021.10.win32_1.0.100.202210260954/tools/bin/../lib/gcc/arm-none-eabi/10.3.1/../../../../arm-none-eabi/lib/thumb/v7e-m+dp/hard/crt0.o (__libc_init_array)
d:/aplicativos/stm32cubeide_1.11.2/stm32cubeide/plugins/com.st.stm32cube.ide.mcu.externaltools.gnu-tools-for-stm32.10.3-2021.10.win32_1.0.100.202210260954/tools/bin/../lib/gcc/arm-none-eabi/10.3.1/../../../../arm-none-eabi/lib/thumb/v7e-m+dp/hard\libc_nano.a(lib_a-memcpy-stub.o)
                              ./Core/Src/main.o (memcpy)
d:/aplicativos/stm32cubeide_1.11.2/stm32cubeide/plugins/com.st.stm32cube.ide.mcu.externaltools.gnu-tools-for-stm32.10.3-2021.10.win32_1.0.100.202210260954/tools/bin/../lib/gcc/arm-none-eabi/10.3.1/../../../../arm-none-eabi/lib/thumb/v7e-m+dp/hard\libc_nano.a(lib_a-memset.o)
                              d:/aplicativos/stm32cubeide_1.11.2/stm32cubeide/plugins/com.st.stm32cube.ide.mcu.externaltools.gnu-tools-for-stm32.10.3-2021.10.win32_1.0.100.202210260954/tools/bin/../lib/gcc/arm-none-eabi/10.3.1/../../../../arm-none-eabi/lib/thumb/v7e-m+dp/hard/crt0.o (memset)
d:/aplicativos/stm32cubeide_1.11.2/stm32cubeide/plugins/com.st.stm32cube.ide.mcu.externaltools.gnu-tools-for-stm32.10.3-2021.10.win32_1.0.100.202210260954/tools/bin/../lib/gcc/arm-none-eabi/10.3.1/../../../../arm-none-eabi/lib/thumb/v7e-m+dp/hard\libm.a(lib_a-pow.o)
                              ./Core/Src/func_CAN.o (pow)
d:/aplicativos/stm32cubeide_1.11.2/stm32cubeide/plugins/com.st.stm32cube.ide.mcu.externaltools.gnu-tools-for-stm32.10.3-2021.10.win32_1.0.100.202210260954/tools/bin/../lib/gcc/arm-none-eabi/10.3.1/../../../../arm-none-eabi/lib/thumb/v7e-m+dp/hard\libm.a(lib_a-pow_log_data.o)
                              d:/aplicativos/stm32cubeide_1.11.2/stm32cubeide/plugins/com.st.stm32cube.ide.mcu.externaltools.gnu-tools-for-stm32.10.3-2021.10.win32_1.0.100.202210260954/tools/bin/../lib/gcc/arm-none-eabi/10.3.1/../../../../arm-none-eabi/lib/thumb/v7e-m+dp/hard\libm.a(lib_a-pow.o) (__pow_log_data)
d:/aplicativos/stm32cubeide_1.11.2/stm32cubeide/plugins/com.st.stm32cube.ide.mcu.externaltools.gnu-tools-for-stm32.10.3-2021.10.win32_1.0.100.202210260954/tools/bin/../lib/gcc/arm-none-eabi/10.3.1/../../../../arm-none-eabi/lib/thumb/v7e-m+dp/hard\libm.a(lib_a-exp_data.o)
                              d:/aplicativos/stm32cubeide_1.11.2/stm32cubeide/plugins/com.st.stm32cube.ide.mcu.externaltools.gnu-tools-for-stm32.10.3-2021.10.win32_1.0.100.202210260954/tools/bin/../lib/gcc/arm-none-eabi/10.3.1/../../../../arm-none-eabi/lib/thumb/v7e-m+dp/hard\libm.a(lib_a-pow.o) (__exp_data)
d:/aplicativos/stm32cubeide_1.11.2/stm32cubeide/plugins/com.st.stm32cube.ide.mcu.externaltools.gnu-tools-for-stm32.10.3-2021.10.win32_1.0.100.202210260954/tools/bin/../lib/gcc/arm-none-eabi/10.3.1/../../../../arm-none-eabi/lib/thumb/v7e-m+dp/hard\libm.a(lib_a-math_err.o)
[...]
Memory Configuration

Name             Origin             Length             Attributes
FLASH            0x0000000008000000 0x0000000000200000 xr
DTCMRAM          0x0000000020000000 0x0000000000020000 xrw
RAM_D1           0x0000000024000000 0x0000000000080000 xrw
RAM_D2           0x0000000030000000 0x0000000000048000 xrw
RAM_D3           0x0000000038000000 0x0000000000010000 xrw
ITCMRAM          0x0000000000000000 0x0000000000010000 xrw
*default*        0x0000000000000000 0xffffffffffffffff

Linker script and memory map

LOAD d:/aplicativos/stm32cubeide_1.11.2/stm32cubeide/plugins/com.st.stm32cube.ide.mcu.externaltools.gnu-tools-for-stm32.10.3-2021.10.win32_1.0.100.202210260954/tools/bin/../lib/gcc/arm-none-eabi/10.3.1/thumb/v7e-m+dp/hard/crti.o
LOAD d:/aplicativos/stm32cubeide_1.11.2/stm32cubeide/plugins/com.st.stm32cube.ide.mcu.externaltools.gnu-tools-for-stm32.10.3-2021.10.win32_1.0.100.202210260954/tools/bin/../lib/gcc/arm-none-eabi/10.3.1/thumb/v7e-m+dp/hard/crtbegin.o
LOAD d:/aplicativos/stm32cubeide_1.11.2/stm32cubeide/plugins/com.st.stm32cube.ide.mcu.externaltools.gnu-tools-for-stm32.10.3-2021.10.win32_1.0.100.202210260954/tools/bin/../lib/gcc/arm-none-eabi/10.3.1/../../../../arm-none-eabi/lib/thumb/v7e-m+dp/hard/crt0.o
LOAD ./Core/Src/func_CAN.o
LOAD ./Core/Src/main.o
LOAD ./Core/Src/stm32h7xx_hal_msp.o
LOAD ./Core/Src/stm32h7xx_it.o
LOAD ./Core/Src/syscalls.o
LOAD ./Core/Src/sysmem.o
LOAD ./Core/Src/system_stm32h7xx.o
LOAD ./Core/Startup/startup_stm32h743vitx.o
LOAD ./Drivers/STM32H7xx_HAL_Driver/Src/stm32h7xx_hal.o
LOAD ./Drivers/STM32H7xx_HAL_Driver/Src/stm32h7xx_hal_cortex.o
LOAD ./Drivers/STM32H7xx_HAL_Driver/Src/stm32h7xx_hal_dma.o
LOAD ./Drivers/STM32H7xx_HAL_Driver/Src/stm32h7xx_hal_dma_ex.o
LOAD ./Drivers/STM32H7xx_HAL_Driver/Src/stm32h7xx_hal_exti.o
LOAD ./Drivers/STM32H7xx_HAL_Driver/Src/stm32h7xx_hal_fdcan.o
LOAD ./Drivers/STM32H7xx_HAL_Driver/Src/stm32h7xx_hal_flash.o
LOAD ./Drivers/STM32H7xx_HAL_Driver/Src/stm32h7xx_hal_flash_ex.o
LOAD ./Drivers/STM32H7xx_HAL_Driver/Src/stm32h7xx_hal_gpio.o
LOAD ./Drivers/STM32H7xx_HAL_Driver/Src/stm32h7xx_hal_hsem.o
LOAD ./Drivers/STM32H7xx_HAL_Driver/Src/stm32h7xx_hal_i2c.o
LOAD ./Drivers/STM32H7xx_HAL_Driver/Src/stm32h7xx_hal_i2c_ex.o
LOAD ./Drivers/STM32H7xx_HAL_Driver/Src/stm32h7xx_hal_mdma.o
LOAD ./Drivers/STM32H7xx_HAL_Driver/Src/stm32h7xx_hal_pwr.o
LOAD ./Drivers/STM32H7xx_HAL_Driver/Src/stm32h7xx_hal_pwr_ex.o
LOAD ./Drivers/STM32H7xx_HAL_Driver/Src/stm32h7xx_hal_rcc.o
LOAD ./Drivers/STM32H7xx_HAL_Driver/Src/stm32h7xx_hal_rcc_ex.o
LOAD ./Drivers/STM32H7xx_HAL_Driver/Src/stm32h7xx_hal_rng.o
LOAD ./Drivers/STM32H7xx_HAL_Driver/Src/stm32h7xx_hal_rng_ex.o
LOAD ./Drivers/STM32H7xx_HAL_Driver/Src/stm32h7xx_hal_tim.o
LOAD ./Drivers/STM32H7xx_HAL_Driver/Src/stm32h7xx_hal_tim_ex.o
START GROUP
LOAD d:/aplicativos/stm32cubeide_1.11.2/stm32cubeide/plugins/com.st.stm32cube.ide.mcu.externaltools.gnu-tools-for-stm32.10.3-2021.10.win32_1.0.100.202210260954/tools/bin/../lib/gcc/arm-none-eabi/10.3.1/../../../../arm-none-eabi/lib/thumb/v7e-m+dp/hard\libc_nano.a
LOAD d:/aplicativos/stm32cubeide_1.11.2/stm32cubeide/plugins/com.st.stm32cube.ide.mcu.externaltools.gnu-tools-for-stm32.10.3-2021.10.win32_1.0.100.202210260954/tools/bin/../lib/gcc/arm-none-eabi/10.3.1/../../../../arm-none-eabi/lib/thumb/v7e-m+dp/hard\libm.a
END GROUP
START GROUP
LOAD d:/aplicativos/stm32cubeide_1.11.2/stm32cubeide/plugins/com.st.stm32cube.ide.mcu.externaltools.gnu-tools-for-stm32.10.3-2021.10.win32_1.0.100.202210260954/tools/bin/../lib/gcc/arm-none-eabi/10.3.1/thumb/v7e-m+dp/hard\libgcc.a
LOAD d:/aplicativos/stm32cubeide_1.11.2/stm32cubeide/plugins/com.st.stm32cube.ide.mcu.externaltools.gnu-tools-for-stm32.10.3-2021.10.win32_1.0.100.202210260954/tools/bin/../lib/gcc/arm-none-eabi/10.3.1/../../../../arm-none-eabi/lib/thumb/v7e-m+dp/hard\libc_nano.a
END GROUP
START GROUP
LOAD d:/aplicativos/stm32cubeide_1.11.2/stm32cubeide/plugins/com.st.stm32cube.ide.mcu.externaltools.gnu-tools-for-stm32.10.3-2021.10.win32_1.0.100.202210260954/tools/bin/../lib/gcc/arm-none-eabi/10.3.1/thumb/v7e-m+dp/hard\libgcc.a
LOAD d:/aplicativos/stm32cubeide_1.11.2/stm32cubeide/plugins/com.st.stm32cube.ide.mcu.externaltools.gnu-tools-for-stm32.10.3-2021.10.win32_1.0.100.202210260954/tools/bin/../lib/gcc/arm-none-eabi/10.3.1/../../../../arm-none-eabi/lib/thumb/v7e-m+dp/hard\libc_nano.a
LOAD d:/aplicativos/stm32cubeide_1.11.2/stm32cubeide/plugins/com.st.stm32cube.ide.mcu.externaltools.gnu-tools-for-stm32.10.3-2021.10.win32_1.0.100.202210260954/tools/bin/../lib/gcc/arm-none-eabi/10.3.1/../../../../arm-none-eabi/lib/thumb/v7e-m+dp/hard\libnosys.a
END GROUP
START GROUP
LOAD d:/aplicativos/stm32cubeide_1.11.2/stm32cubeide/plugins/com.st.stm32cube.ide.mcu.externaltools.gnu-tools-for-stm32.10.3-2021.10.win32_1.0.100.202210260954/tools/bin/../lib/gcc/arm-none-eabi/10.3.1/thumb/v7e-m+dp/hard\libgcc.a
LOAD d:/aplicativos/stm32cubeide_1.11.2/stm32cubeide/plugins/com.st.stm32cube.ide.mcu.externaltools.gnu-tools-for-stm32.10.3-2021.10.win32_1.0.100.202210260954/tools/bin/../lib/gcc/arm-none-eabi/10.3.1/../../../../arm-none-eabi/lib/thumb/v7e-m+dp/hard\libc_nano.a
LOAD d:/aplicativos/stm32cubeide_1.11.2/stm32cubeide/plugins/com.st.stm32cube.ide.mcu.externaltools.gnu-tools-for-stm32.10.3-2021.10.win32_1.0.100.202210260954/tools/bin/../lib/gcc/arm-none-eabi/10.3.1/../../../../arm-none-eabi/lib/thumb/v7e-m+dp/hard\libnosys.a
END GROUP
LOAD d:/aplicativos/stm32cubeide_1.11.2/stm32cubeide/plugins/com.st.stm32cube.ide.mcu.externaltools.gnu-tools-for-stm32.10.3-2021.10.win32_1.0.100.202210260954/tools/bin/../lib/gcc/arm-none-eabi/10.3.1/thumb/v7e-m+dp/hard/crtend.o
LOAD d:/aplicativos/stm32cubeide_1.11.2/stm32cubeide/plugins/com.st.stm32cube.ide.mcu.externaltools.gnu-tools-for-stm32.10.3-2021.10.win32_1.0.100.202210260954/tools/bin/../lib/gcc/arm-none-eabi/10.3.1/thumb/v7e-m+dp/hard/crtn.o
                0x0000000024080000                _estack = (ORIGIN (RAM_D1) + LENGTH (RAM_D1))
                0x0000000000000200                _Min_Heap_Size = 0x200
                0x0000000000000400                _Min_Stack_Size = 0x400

.isr_vector     0x0000000008000000      0x298
                0x0000000008000000                . = ALIGN (0x4)
 *(.isr_vector)
 .isr_vector    0x0000000008000000      0x298 ./Core/Startup/startup_stm32h743vitx.o
                0x0000000008000000                g_pfnVectors
                0x0000000008000298                . = ALIGN (0x4)

.text           0x0000000008000298     0x58f0
                0x0000000008000298                . = ALIGN (0x4)
 *(.text)
 .text          0x0000000008000298       0x40 d:/aplicativos/stm32cubeide_1.11.2/stm32cubeide/plugins/com.st.stm32cube.ide.mcu.externaltools.gnu-tools-for-stm32.10.3-2021.10.win32_1.0.100.202210260954/tools/bin/../lib/gcc/arm-none-eabi/10.3.1/thumb/v7e-m+dp/hard/crtbegin.o
 .text          0x00000000080002d8      0x378 d:/aplicativos/stm32cubeide_1.11.2/stm32cubeide/plugins/com.st.stm32cube.ide.mcu.externaltools.gnu-tools-for-stm32.10.3-2021.10.win32_1.0.100.202210260954/tools/bin/../lib/gcc/arm-none-eabi/10.3.1/thumb/v7e-m+dp/hard\libgcc.a(_arm_addsubdf3.o)
                0x00000000080002d8                __aeabi_drsub
                0x00000000080002e0                __aeabi_dsub
                0x00000000080002e0                __subdf3
                0x00000000080002e4                __aeabi_dadd
                0x00000000080002e4                __adddf3
                0x000000000800055c                __floatunsidf
                0x000000000800055c                __aeabi_ui2d
                0x000000000800057c                __floatsidf
                0x000000000800057c                __aeabi_i2d
                0x00000000080005a0                __aeabi_f2d
                0x00000000080005a0                __extendsfdf2
                0x00000000080005e4                __floatundidf
                0x00000000080005e4                __aeabi_ul2d
                0x00000000080005f4                __floatdidf
                0x00000000080005f4                __aeabi_l2d
 .text          0x0000000008000650       0x30 d:/aplicativos/stm32cubeide_1.11.2/stm32cubeide/plugins/com.st.stm32cube.ide.mcu.externaltools.gnu-tools-for-stm32.10.3-2021.10.win32_1.0.100.202210260954/tools/bin/../lib/gcc/arm-none-eabi/10.3.1/thumb/v7e-m+dp/hard\libgcc.a(_fixdfdi.o)
                0x0000000008000650                __fixdfdi
                0x0000000008000650                __aeabi_d2lz
 .text          0x0000000008000680       0x40 d:/aplicativos/stm32cubeide_1.11.2/stm32cubeide/plugins/com.st.stm32cube.ide.mcu.externaltools.gnu-tools-for-stm32.10.3-2021.10.win32_1.0.100.202210260954/tools/bin/../lib/gcc/arm-none-eabi/10.3.1/thumb/v7e-m+dp/hard\libgcc.a(_fixunsdfdi.o)
                0x0000000008000680                __fixunsdfdi
                0x0000000008000680                __aeabi_d2ulz
 *(.text*)
 .text.send_message_CAN_double
                0x00000000080006c0       0xde ./Core/Src/func_CAN.o
                0x00000000080006c0                send_message_CAN_double
 .text.uint64_to_array_of_uint8
                0x000000000800079e       0x64 ./Core/Src/func_CAN.o
                0x000000000800079e                uint64_to_array_of_uint8
 .text.minimum_normal_number_byte_size
                0x0000000008000802       0x92 ./Core/Src/func_CAN.o
                0x0000000008000802                minimum_normal_number_byte_size
 .text.configure_message_header
                0x0000000008000894       0x5a ./Core/Src/func_CAN.o
                0x0000000008000894                configure_message_header
 .text.array_of_uint8_to_uint64
                0x00000000080008ee       0x8c ./Core/Src/func_CAN.o
                0x00000000080008ee                array_of_uint8_to_uint64
 *fill*         0x000000000800097a        0x2 
 .text.number_of_bytes_to_ST_notation
                0x000000000800097c       0x80 ./Core/Src/func_CAN.o
                0x000000000800097c                number_of_bytes_to_ST_notation
 .text.ST_notation_to_number_of_bytes
                0x00000000080009fc       0xba ./Core/Src/func_CAN.o
                0x00000000080009fc                ST_notation_to_number_of_bytes
 *fill*         0x0000000008000ab6        0x2 
 .text.HAL_FDCAN_RxFifo0Callback
                0x0000000008000ab8       0xa0 ./Core/Src/main.o
                0x0000000008000ab8                HAL_FDCAN_RxFifo0Callback
 .text.main     0x0000000008000b58      0x1a8 ./Core/Src/main.o
                0x0000000008000b58                main
 .text.SystemClock_Config
                0x0000000008000d00      0x100 ./Core/Src/main.o
                0x0000000008000d00                SystemClock_Config
 .text.MX_FDCAN1_Init
                0x0000000008000e00       0xcc ./Core/Src/main.o
 .text.MX_RNG_Init
                0x0000000008000ecc       0x2c ./Core/Src/main.o
 .text.MX_GPIO_Init
                0x0000000008000ef8       0xb0 ./Core/Src/main.o
 .text.Error_Handler
                0x0000000008000fa8        0xa ./Core/Src/main.o
                0x0000000008000fa8                Error_Handler
 *fill*         0x0000000008000fb2        0x2 
 .text.HAL_MspInit
                0x0000000008000fb4       0x34 ./Core/Src/stm32h7xx_hal_msp.o
                0x0000000008000fb4                HAL_MspInit
 .text.HAL_FDCAN_MspInit
                0x0000000008000fe8       0xe4 ./Core/Src/stm32h7xx_hal_msp.o
                0x0000000008000fe8                HAL_FDCAN_MspInit
 .text.HAL_RNG_MspInit
                0x00000000080010cc       0x74 ./Core/Src/stm32h7xx_hal_msp.o
                0x00000000080010cc                HAL_RNG_MspInit
 .text.NMI_Handler
                0x0000000008001140        0x6 ./Core/Src/stm32h7xx_it.o
                0x0000000008001140                NMI_Handler
 .text.HardFault_Handler
                0x0000000008001146        0x6 ./Core/Src/stm32h7xx_it.o
                0x0000000008001146                HardFault_Handler
 .text.MemManage_Handler
                0x000000000800114c        0x6 ./Core/Src/stm32h7xx_it.o
                0x000000000800114c                MemManage_Handler
 .text.BusFault_Handler
                0x0000000008001152        0x6 ./Core/Src/stm32h7xx_it.o
                0x0000000008001152                BusFault_Handler
 .text.UsageFault_Handler
                0x0000000008001158        0x6 ./Core/Src/stm32h7xx_it.o
                0x0000000008001158                UsageFault_Handler
 .text.SVC_Handler
                0x000000000800115e        0xe ./Core/Src/stm32h7xx_it.o
                0x000000000800115e                SVC_Handler
 .text.DebugMon_Handler
                0x000000000800116c        0xe ./Core/Src/stm32h7xx_it.o
                0x000000000800116c                DebugMon_Handler
 .text.PendSV_Handler
                0x000000000800117a        0xe ./Core/Src/stm32h7xx_it.o
                0x000000000800117a                PendSV_Handler
 .text.SysTick_Handler
                0x0000000008001188        0xc ./Core/Src/stm32h7xx_it.o
                0x0000000008001188                SysTick_Handler
 .text.FDCAN1_IT0_IRQHandler
                0x0000000008001194       0x14 ./Core/Src/stm32h7xx_it.o
                0x0000000008001194                FDCAN1_IT0_IRQHandler
 .text.SystemInit
                0x00000000080011a8      0x110 ./Core/Src/system_stm32h7xx.o
                0x00000000080011a8                SystemInit
 .text.Reset_Handler
                0x00000000080012b8       0x50 ./Core/Startup/startup_stm32h743vitx.o
                0x00000000080012b8                Reset_Handler
 .text.Default_Handler
                0x0000000008001308        0x2 ./Core/Startup/startup_stm32h743vitx.o
                0x0000000008001308                RTC_Alarm_IRQHandler
                0x0000000008001308                EXTI2_IRQHandler
                0x0000000008001308                TIM8_CC_IRQHandler
                0x0000000008001308                HRTIM1_Master_IRQHandler
                0x0000000008001308                UART8_IRQHandler
                0x0000000008001308                SPI4_IRQHandler
                0x0000000008001308                TIM1_CC_IRQHandler
                0x0000000008001308                BDMA_Channel6_IRQHandler
                0x0000000008001308                DMA2_Stream5_IRQHandler
                0x0000000008001308                HRTIM1_FLT_IRQHandler
                0x0000000008001308                JPEG_IRQHandler
                0x0000000008001308                DMA1_Stream5_IRQHandler
                0x0000000008001308                BDMA_Channel1_IRQHandler
                0x0000000008001308                HRTIM1_TIMD_IRQHandler
                0x0000000008001308                TAMP_STAMP_IRQHandler
                0x0000000008001308                EXTI3_IRQHandler
                0x0000000008001308                LPTIM4_IRQHandler
                0x0000000008001308                TIM8_TRG_COM_TIM14_IRQHandler
                0x0000000008001308                LPTIM2_IRQHandler
                0x0000000008001308                DFSDM1_FLT1_IRQHandler
                0x0000000008001308                DMAMUX2_OVR_IRQHandler
                0x0000000008001308                TIM8_UP_TIM13_IRQHandler
                0x0000000008001308                I2C3_ER_IRQHandler
                0x0000000008001308                DFSDM1_FLT2_IRQHandler
                0x0000000008001308                MDMA_IRQHandler
                0x0000000008001308                LPTIM3_IRQHandler
                0x0000000008001308                HSEM1_IRQHandler
                0x0000000008001308                EXTI0_IRQHandler
                0x0000000008001308                I2C2_EV_IRQHandler
                0x0000000008001308                DMA1_Stream2_IRQHandler
                0x0000000008001308                FPU_IRQHandler
                0x0000000008001308                OTG_HS_WKUP_IRQHandler
                0x0000000008001308                FDCAN1_IT1_IRQHandler
                0x0000000008001308                LTDC_ER_IRQHandler
                0x0000000008001308                DMA2_Stream2_IRQHandler
                0x0000000008001308                HRTIM1_TIME_IRQHandler
                0x0000000008001308                SPI1_IRQHandler
                0x0000000008001308                TIM6_DAC_IRQHandler
                0x0000000008001308                DCMI_IRQHandler
                0x0000000008001308                HRTIM1_TIMC_IRQHandler
                0x0000000008001308                DMA2_Stream3_IRQHandler
                0x0000000008001308                SAI2_IRQHandler
                0x0000000008001308                DFSDM1_FLT3_IRQHandler
                0x0000000008001308                USART6_IRQHandler
                0x0000000008001308                TIM17_IRQHandler
                0x0000000008001308                USART3_IRQHandler
                0x0000000008001308                BDMA_Channel7_IRQHandler
                0x0000000008001308                LPTIM5_IRQHandler
                0x0000000008001308                UART5_IRQHandler
                0x0000000008001308                ADC3_IRQHandler
                0x0000000008001308                DMA2_Stream0_IRQHandler
                0x0000000008001308                TIM4_IRQHandler
                0x0000000008001308                BDMA_Channel2_IRQHandler
                0x0000000008001308                QUADSPI_IRQHandler
                0x0000000008001308                I2C1_EV_IRQHandler
                0x0000000008001308                DMA1_Stream6_IRQHandler
                0x0000000008001308                DMAMUX1_OVR_IRQHandler
                0x0000000008001308                DMA1_Stream1_IRQHandler
                0x0000000008001308                TIM16_IRQHandler
                0x0000000008001308                UART4_IRQHandler
                0x0000000008001308                BDMA_Channel5_IRQHandler
                0x0000000008001308                TIM3_IRQHandler
                0x0000000008001308                RCC_IRQHandler
                0x0000000008001308                TIM8_BRK_TIM12_IRQHandler
                0x0000000008001308                TIM1_TRG_COM_IRQHandler
                0x0000000008001308                Default_Handler
                0x0000000008001308                ECC_IRQHandler
                0x0000000008001308                CEC_IRQHandler
                0x0000000008001308                EXTI15_10_IRQHandler
                0x0000000008001308                BDMA_Channel0_IRQHandler
                0x0000000008001308                ADC_IRQHandler
                0x0000000008001308                DMA1_Stream7_IRQHandler
                0x0000000008001308                HRTIM1_TIMA_IRQHandler
                0x0000000008001308                SPI5_IRQHandler
                0x0000000008001308                TIM7_IRQHandler
                0x0000000008001308                SDMMC1_IRQHandler
                0x0000000008001308                TIM5_IRQHandler
                0x0000000008001308                DMA2_Stream7_IRQHandler
                0x0000000008001308                TIM15_IRQHandler
                0x0000000008001308                PVD_AVD_IRQHandler
                0x0000000008001308                I2C3_EV_IRQHandler
                0x0000000008001308                EXTI9_5_IRQHandler
                0x0000000008001308                RTC_WKUP_IRQHandler
                0x0000000008001308                LTDC_IRQHandler
                0x0000000008001308                SAI3_IRQHandler
                0x0000000008001308                ETH_WKUP_IRQHandler
                0x0000000008001308                SPDIF_RX_IRQHandler
                0x0000000008001308                SPI2_IRQHandler
                0x0000000008001308                OTG_HS_EP1_IN_IRQHandler
                0x0000000008001308                DMA1_Stream0_IRQHandler
                0x0000000008001308                CRS_IRQHandler
                0x0000000008001308                EXTI4_IRQHandler
                0x0000000008001308                RNG_IRQHandler
                0x0000000008001308                HRTIM1_TIMB_IRQHandler
                0x0000000008001308                FDCAN2_IT1_IRQHandler
                0x0000000008001308                ETH_IRQHandler
                0x0000000008001308                TIM1_UP_IRQHandler
                0x0000000008001308                BDMA_Channel4_IRQHandler
                0x0000000008001308                OTG_HS_EP1_OUT_IRQHandler
                0x0000000008001308                WWDG_IRQHandler
                0x0000000008001308                SPI6_IRQHandler
                0x0000000008001308                MDIOS_IRQHandler
                0x0000000008001308                I2C4_EV_IRQHandler
                0x0000000008001308                FDCAN2_IT0_IRQHandler
                0x0000000008001308                LPUART1_IRQHandler
                0x0000000008001308                TIM2_IRQHandler
                0x0000000008001308                OTG_FS_WKUP_IRQHandler
                0x0000000008001308                OTG_HS_IRQHandler
                0x0000000008001308                DMA2D_IRQHandler
                0x0000000008001308                TIM1_BRK_IRQHandler
                0x0000000008001308                EXTI1_IRQHandler
                0x0000000008001308                SDMMC2_IRQHandler
                0x0000000008001308                OTG_FS_EP1_OUT_IRQHandler
                0x0000000008001308                BDMA_Channel3_IRQHandler
                0x0000000008001308                UART7_IRQHandler
                0x0000000008001308                MDIOS_WKUP_IRQHandler
                0x0000000008001308                USART2_IRQHandler
                0x0000000008001308                DFSDM1_FLT0_IRQHandler
                0x0000000008001308                SAI4_IRQHandler
                0x0000000008001308                I2C2_ER_IRQHandler
                0x0000000008001308                DMA2_Stream1_IRQHandler
                0x0000000008001308                FLASH_IRQHandler
                0x0000000008001308                DMA2_Stream4_IRQHandler
                0x0000000008001308                USART1_IRQHandler
                0x0000000008001308                OTG_FS_IRQHandler
                0x0000000008001308                SPI3_IRQHandler
                0x0000000008001308                WAKEUP_PIN_IRQHandler
                0x0000000008001308                DMA1_Stream4_IRQHandler
                0x0000000008001308                OTG_FS_EP1_IN_IRQHandler
                0x0000000008001308                I2C1_ER_IRQHandler
                0x0000000008001308                FMC_IRQHandler
                0x0000000008001308                FDCAN_CAL_IRQHandler
                0x0000000008001308                SWPMI1_IRQHandler
                0x0000000008001308                COMP1_IRQHandler
                0x0000000008001308                LPTIM1_IRQHandler
                0x0000000008001308                I2C4_ER_IRQHandler
                0x0000000008001308                DMA2_Stream6_IRQHandler
                0x0000000008001308                SAI1_IRQHandler
                0x0000000008001308                DMA1_Stream3_IRQHandler
 *fill*         0x000000000800130a        0x2 
 .text.HAL_Init
                0x000000000800130c       0x78 ./Drivers/STM32H7xx_HAL_Driver/Src/stm32h7xx_hal.o
                0x000000000800130c                HAL_Init
 .text.HAL_InitTick
                0x0000000008001384       0x6c ./Drivers/STM32H7xx_HAL_Driver/Src/stm32h7xx_hal.o
                0x0000000008001384                HAL_InitTick
 .text.HAL_IncTick
                0x00000000080013f0       0x28 ./Drivers/STM32H7xx_HAL_Driver/Src/stm32h7xx_hal.o
                0x00000000080013f0                HAL_IncTick
 .text.HAL_GetTick
                0x0000000008001418       0x18 ./Drivers/STM32H7xx_HAL_Driver/Src/stm32h7xx_hal.o
                0x0000000008001418                HAL_GetTick
 .text.HAL_Delay
                0x0000000008001430       0x48 ./Drivers/STM32H7xx_HAL_Driver/Src/stm32h7xx_hal.o
                0x0000000008001430                HAL_Delay
 .text.HAL_GetREVID
                0x0000000008001478       0x18 ./Drivers/STM32H7xx_HAL_Driver/Src/stm32h7xx_hal.o
                0x0000000008001478                HAL_GetREVID
 .text.__NVIC_SetPriorityGrouping
                0x0000000008001490       0x48 ./Drivers/STM32H7xx_HAL_Driver/Src/stm32h7xx_hal_cortex.o
 .text.__NVIC_GetPriorityGrouping
                0x00000000080014d8       0x1c ./Drivers/STM32H7xx_HAL_Driver/Src/stm32h7xx_hal_cortex.o
 .text.__NVIC_EnableIRQ
                0x00000000080014f4       0x3c ./Drivers/STM32H7xx_HAL_Driver/Src/stm32h7xx_hal_cortex.o
 .text.__NVIC_SetPriority
                0x0000000008001530       0x54 ./Drivers/STM32H7xx_HAL_Driver/Src/stm32h7xx_hal_cortex.o
 .text.NVIC_EncodePriority
                0x0000000008001584       0x66 ./Drivers/STM32H7xx_HAL_Driver/Src/stm32h7xx_hal_cortex.o
 *fill*         0x00000000080015ea        0x2 
 .text.SysTick_Config
                0x00000000080015ec       0x44 ./Drivers/STM32H7xx_HAL_Driver/Src/stm32h7xx_hal_cortex.o
 .text.HAL_NVIC_SetPriorityGrouping
                0x0000000008001630       0x16 ./Drivers/STM32H7xx_HAL_Driver/Src/stm32h7xx_hal_cortex.o
                0x0000000008001630                HAL_NVIC_SetPriorityGrouping
 .text.HAL_NVIC_SetPriority
                0x0000000008001646       0x34 ./Drivers/STM32H7xx_HAL_Driver/Src/stm32h7xx_hal_cortex.o
                0x0000000008001646                HAL_NVIC_SetPriority
 .text.HAL_NVIC_EnableIRQ
                0x000000000800167a       0x1c ./Drivers/STM32H7xx_HAL_Driver/Src/stm32h7xx_hal_cortex.o
                0x000000000800167a                HAL_NVIC_EnableIRQ
 .text.HAL_SYSTICK_Config
                0x0000000008001696       0x18 ./Drivers/STM32H7xx_HAL_Driver/Src/stm32h7xx_hal_cortex.o
                0x0000000008001696                HAL_SYSTICK_Config
 *fill*         0x00000000080016ae        0x2 
 .text.HAL_FDCAN_Init
                0x00000000080016b0      0x3bc ./Drivers/STM32H7xx_HAL_Driver/Src/stm32h7xx_hal_fdcan.o
                0x00000000080016b0                HAL_FDCAN_Init
 .text.HAL_FDCAN_Start
                0x0000000008001a6c       0x56 ./Drivers/STM32H7xx_HAL_Driver/Src/stm32h7xx_hal_fdcan.o
                0x0000000008001a6c                HAL_FDCAN_Start
 .text.HAL_FDCAN_AddMessageToTxFifoQ
                0x0000000008001ac2       0xb6 ./Drivers/STM32H7xx_HAL_Driver/Src/stm32h7xx_hal_fdcan.o
                0x0000000008001ac2                HAL_FDCAN_AddMessageToTxFifoQ
 .text.HAL_FDCAN_GetRxMessage
                0x0000000008001b78      0x2dc ./Drivers/STM32H7xx_HAL_Driver/Src/stm32h7xx_hal_fdcan.o
                0x0000000008001b78                HAL_FDCAN_GetRxMessage
 .text.HAL_FDCAN_ActivateNotification
                0x0000000008001e54       0xf4 ./Drivers/STM32H7xx_HAL_Driver/Src/stm32h7xx_hal_fdcan.o
                0x0000000008001e54                HAL_FDCAN_ActivateNotification
 .text.HAL_FDCAN_IRQHandler
                0x0000000008001f48      0x4bc ./Drivers/STM32H7xx_HAL_Driver/Src/stm32h7xx_hal_fdcan.o
                0x0000000008001f48                HAL_FDCAN_IRQHandler
 .text.HAL_FDCAN_ClockCalibrationCallback
                0x0000000008002404       0x16 ./Drivers/STM32H7xx_HAL_Driver/Src/stm32h7xx_hal_fdcan.o
                0x0000000008002404                HAL_FDCAN_ClockCalibrationCallback
 .text.HAL_FDCAN_TxEventFifoCallback
                0x000000000800241a       0x16 ./Drivers/STM32H7xx_HAL_Driver/Src/stm32h7xx_hal_fdcan.o
                0x000000000800241a                HAL_FDCAN_TxEventFifoCallback
 .text.HAL_FDCAN_RxFifo1Callback
                0x0000000008002430       0x16 ./Drivers/STM32H7xx_HAL_Driver/Src/stm32h7xx_hal_fdcan.o
                0x0000000008002430                HAL_FDCAN_RxFifo1Callback
 .text.HAL_FDCAN_TxFifoEmptyCallback
                0x0000000008002446       0x14 ./Drivers/STM32H7xx_HAL_Driver/Src/stm32h7xx_hal_fdcan.o
                0x0000000008002446                HAL_FDCAN_TxFifoEmptyCallback
 .text.HAL_FDCAN_TxBufferCompleteCallback
                0x000000000800245a       0x16 ./Drivers/STM32H7xx_HAL_Driver/Src/stm32h7xx_hal_fdcan.o
                0x000000000800245a                HAL_FDCAN_TxBufferCompleteCallback
 .text.HAL_FDCAN_TxBufferAbortCallback
                0x0000000008002470       0x16 ./Drivers/STM32H7xx_HAL_Driver/Src/stm32h7xx_hal_fdcan.o
                0x0000000008002470                HAL_FDCAN_TxBufferAbortCallback
 .text.HAL_FDCAN_RxBufferNewMessageCallback
                0x0000000008002486       0x14 ./Drivers/STM32H7xx_HAL_Driver/Src/stm32h7xx_hal_fdcan.o
                0x0000000008002486                HAL_FDCAN_RxBufferNewMessageCallback
 .text.HAL_FDCAN_TimestampWraparoundCallback
                0x000000000800249a       0x14 ./Drivers/STM32H7xx_HAL_Driver/Src/stm32h7xx_hal_fdcan.o
                0x000000000800249a                HAL_FDCAN_TimestampWraparoundCallback
 .text.HAL_FDCAN_TimeoutOccurredCallback
                0x00000000080024ae       0x14 ./Drivers/STM32H7xx_HAL_Driver/Src/stm32h7xx_hal_fdcan.o
                0x00000000080024ae                HAL_FDCAN_TimeoutOccurredCallback
 .text.HAL_FDCAN_HighPriorityMessageCallback
                0x00000000080024c2       0x14 ./Drivers/STM32H7xx_HAL_Driver/Src/stm32h7xx_hal_fdcan.o
                0x00000000080024c2                HAL_FDCAN_HighPriorityMessageCallback
 .text.HAL_FDCAN_ErrorCallback
                0x00000000080024d6       0x14 ./Drivers/STM32H7xx_HAL_Driver/Src/stm32h7xx_hal_fdcan.o
                0x00000000080024d6                HAL_FDCAN_ErrorCallback
 .text.HAL_FDCAN_ErrorStatusCallback
                0x00000000080024ea       0x16 ./Drivers/STM32H7xx_HAL_Driver/Src/stm32h7xx_hal_fdcan.o
                0x00000000080024ea                HAL_FDCAN_ErrorStatusCallback
 .text.HAL_FDCAN_TT_ScheduleSyncCallback
                0x0000000008002500       0x16 ./Drivers/STM32H7xx_HAL_Driver/Src/stm32h7xx_hal_fdcan.o
                0x0000000008002500                HAL_FDCAN_TT_ScheduleSyncCallback
 .text.HAL_FDCAN_TT_TimeMarkCallback
                0x0000000008002516       0x16 ./Drivers/STM32H7xx_HAL_Driver/Src/stm32h7xx_hal_fdcan.o
                0x0000000008002516                HAL_FDCAN_TT_TimeMarkCallback
 .text.HAL_FDCAN_TT_StopWatchCallback
                0x000000000800252c       0x18 ./Drivers/STM32H7xx_HAL_Driver/Src/stm32h7xx_hal_fdcan.o
                0x000000000800252c                HAL_FDCAN_TT_StopWatchCallback
 .text.HAL_FDCAN_TT_GlobalTimeCallback
                0x0000000008002544       0x16 ./Drivers/STM32H7xx_HAL_Driver/Src/stm32h7xx_hal_fdcan.o
                0x0000000008002544                HAL_FDCAN_TT_GlobalTimeCallback
 *fill*         0x000000000800255a        0x2 
 .text.FDCAN_CalcultateRamBlockAddresses
                0x000000000800255c      0x30c ./Drivers/STM32H7xx_HAL_Driver/Src/stm32h7xx_hal_fdcan.o
 .text.FDCAN_CopyMessageToRAM
                0x0000000008002868       0xfc ./Drivers/STM32H7xx_HAL_Driver/Src/stm32h7xx_hal_fdcan.o
 .text.HAL_GPIO_Init
                0x0000000008002964      0x360 ./Drivers/STM32H7xx_HAL_Driver/Src/stm32h7xx_hal_gpio.o
                0x0000000008002964                HAL_GPIO_Init
 .text.HAL_GPIO_WritePin
                0x0000000008002cc4       0x32 ./Drivers/STM32H7xx_HAL_Driver/Src/stm32h7xx_hal_gpio.o
                0x0000000008002cc4                HAL_GPIO_WritePin
 .text.HAL_GPIO_TogglePin
                0x0000000008002cf6       0x34 ./Drivers/STM32H7xx_HAL_Driver/Src/stm32h7xx_hal_gpio.o
                0x0000000008002cf6                HAL_GPIO_TogglePin
 *fill*         0x0000000008002d2a        0x2 
 .text.HAL_PWREx_ConfigSupply
                0x0000000008002d2c       0x74 ./Drivers/STM32H7xx_HAL_Driver/Src/stm32h7xx_hal_pwr_ex.o
                0x0000000008002d2c                HAL_PWREx_ConfigSupply
 .text.HAL_RCC_OscConfig
                0x0000000008002da0      0x8b4 ./Drivers/STM32H7xx_HAL_Driver/Src/stm32h7xx_hal_rcc.o
                0x0000000008002da0                HAL_RCC_OscConfig
 .text.HAL_RCC_ClockConfig
                0x0000000008003654      0x36c ./Drivers/STM32H7xx_HAL_Driver/Src/stm32h7xx_hal_rcc.o
                0x0000000008003654                HAL_RCC_ClockConfig
 .text.HAL_RCC_GetSysClockFreq
                0x00000000080039c0      0x2f4 ./Drivers/STM32H7xx_HAL_Driver/Src/stm32h7xx_hal_rcc.o
                0x00000000080039c0                HAL_RCC_GetSysClockFreq
 .text.HAL_RCCEx_PeriphCLKConfig
                0x0000000008003cb4     0x1414 ./Drivers/STM32H7xx_HAL_Driver/Src/stm32h7xx_hal_rcc_ex.o
                0x0000000008003cb4                HAL_RCCEx_PeriphCLKConfig
 .text.RCCEx_PLL2_Config
                0x00000000080050c8      0x164 ./Drivers/STM32H7xx_HAL_Driver/Src/stm32h7xx_hal_rcc_ex.o
 .text.RCCEx_PLL3_Config
                0x000000000800522c      0x164 ./Drivers/STM32H7xx_HAL_Driver/Src/stm32h7xx_hal_rcc_ex.o
 .text.HAL_RNG_Init
                0x0000000008005390       0xc4 ./Drivers/STM32H7xx_HAL_Driver/Src/stm32h7xx_hal_rng.o
                0x0000000008005390                HAL_RNG_Init
 .text.HAL_RNG_GenerateRandomNumber
                0x0000000008005454       0xac ./Drivers/STM32H7xx_HAL_Driver/Src/stm32h7xx_hal_rng.o
                0x0000000008005454                HAL_RNG_GenerateRandomNumber
 .text.__errno  0x0000000008005500        0xc d:/aplicativos/stm32cubeide_1.11.2/stm32cubeide/plugins/com.st.stm32cube.ide.mcu.externaltools.gnu-tools-for-stm32.10.3-2021.10.win32_1.0.100.202210260954/tools/bin/../lib/gcc/arm-none-eabi/10.3.1/../../../../arm-none-eabi/lib/thumb/v7e-m+dp/hard\libc_nano.a(lib_a-errno.o)
                0x0000000008005500                __errno
 .text.__libc_init_array
                0x000000000800550c       0x48 d:/aplicativos/stm32cubeide_1.11.2/stm32cubeide/plugins/com.st.stm32cube.ide.mcu.externaltools.gnu-tools-for-stm32.10.3-2021.10.win32_1.0.100.202210260954/tools/bin/../lib/gcc/arm-none-eabi/10.3.1/../../../../arm-none-eabi/lib/thumb/v7e-m+dp/hard\libc_nano.a(lib_a-init.o)
                0x000000000800550c                __libc_init_array
 .text.memcpy   0x0000000008005554       0x1c d:/aplicativos/stm32cubeide_1.11.2/stm32cubeide/plugins/com.st.stm32cube.ide.mcu.externaltools.gnu-tools-for-stm32.10.3-2021.10.win32_1.0.100.202210260954/tools/bin/../lib/gcc/arm-none-eabi/10.3.1/../../../../arm-none-eabi/lib/thumb/v7e-m+dp/hard\libc_nano.a(lib_a-memcpy-stub.o)
                0x0000000008005554                memcpy
 .text.memset   0x0000000008005570       0x10 d:/aplicativos/stm32cubeide_1.11.2/stm32cubeide/plugins/com.st.stm32cube.ide.mcu.externaltools.gnu-tools-for-stm32.10.3-2021.10.win32_1.0.100.202210260954/tools/bin/../lib/gcc/arm-none-eabi/10.3.1/../../../../arm-none-eabi/lib/thumb/v7e-m+dp/hard\libc_nano.a(lib_a-memset.o)
                0x0000000008005570                memset
 .text.checkint
                0x0000000008005580       0x68 d:/aplicativos/stm32cubeide_1.11.2/stm32cubeide/plugins/com.st.stm32cube.ide.mcu.externaltools.gnu-tools-for-stm32.10.3-2021.10.win32_1.0.100.202210260954/tools/bin/../lib/gcc/arm-none-eabi/10.3.1/../../../../arm-none-eabi/lib/thumb/v7e-m+dp/hard\libm.a(lib_a-pow.o)
 .text.pow      0x00000000080055e8      0x4a4 d:/aplicativos/stm32cubeide_1.11.2/stm32cubeide/plugins/com.st.stm32cube.ide.mcu.externaltools.gnu-tools-for-stm32.10.3-2021.10.win32_1.0.100.202210260954/tools/bin/../lib/gcc/arm-none-eabi/10.3.1/../../../../arm-none-eabi/lib/thumb/v7e-m+dp/hard\libm.a(lib_a-pow.o)
                0x00000000080055e8                pow
 .text.with_errno
                0x0000000008005a8c       0x16 d:/aplicativos/stm32cubeide_1.11.2/stm32cubeide/plugins/com.st.stm32cube.ide.mcu.externaltools.gnu-tools-for-stm32.10.3-2021.10.win32_1.0.100.202210260954/tools/bin/../lib/gcc/arm-none-eabi/10.3.1/../../../../arm-none-eabi/lib/thumb/v7e-m+dp/hard\libm.a(lib_a-math_err.o)
 .text.xflow    0x0000000008005aa2       0x22 d:/aplicativos/stm32cubeide_1.11.2/stm32cubeide/plugins/com.st.stm32cube.ide.mcu.externaltools.gnu-tools-for-stm32.10.3-2021.10.win32_1.0.100.202210260954/tools/bin/../lib/gcc/arm-none-eabi/10.3.1/../../../../arm-none-eabi/lib/thumb/v7e-m+dp/hard\libm.a(lib_a-math_err.o)
 *fill*         0x0000000008005ac4        0x4 
 .text.__math_uflow
                0x0000000008005ac8       0x10 d:/aplicativos/stm32cubeide_1.11.2/stm32cubeide/plugins/com.st.stm32cube.ide.mcu.externaltools.gnu-tools-for-stm32.10.3-2021.10.win32_1.0.100.202210260954/tools/bin/../lib/gcc/arm-none-eabi/10.3.1/../../../../arm-none-eabi/lib/thumb/v7e-m+dp/hard\libm.a(lib_a-math_err.o)
                0x0000000008005ac8                __math_uflow
 .text.__math_oflow
                0x0000000008005ad8       0x10 d:/aplicativos/stm32cubeide_1.11.2/stm32cubeide/plugins/com.st.stm32cube.ide.mcu.externaltools.gnu-tools-for-stm32.10.3-2021.10.win32_1.0.100.202210260954/tools/bin/../lib/gcc/arm-none-eabi/10.3.1/../../../../arm-none-eabi/lib/thumb/v7e-m+dp/hard\libm.a(lib_a-math_err.o)
                0x0000000008005ad8                __math_oflow
 .text.__math_divzero
                0x0000000008005ae8       0x30 d:/aplicativos/stm32cubeide_1.11.2/stm32cubeide/plugins/com.st.stm32cube.ide.mcu.externaltools.gnu-tools-for-stm32.10.3-2021.10.win32_1.0.100.202210260954/tools/bin/../lib/gcc/arm-none-eabi/10.3.1/../../../../arm-none-eabi/lib/thumb/v7e-m+dp/hard\libm.a(lib_a-math_err.o)
                0x0000000008005ae8                __math_divzero
 .text.__math_invalid
                0x0000000008005b18       0x1e d:/aplicativos/stm32cubeide_1.11.2/stm32cubeide/plugins/com.st.stm32cube.ide.mcu.externaltools.gnu-tools-for-stm32.10.3-2021.10.win32_1.0.100.202210260954/tools/bin/../lib/gcc/arm-none-eabi/10.3.1/../../../../arm-none-eabi/lib/thumb/v7e-m+dp/hard\libm.a(lib_a-math_err.o)
                0x0000000008005b18                __math_invalid
 .text.__math_check_uflow
                0x0000000008005b36       0x12 d:/aplicativos/stm32cubeide_1.11.2/stm32cubeide/plugins/com.st.stm32cube.ide.mcu.externaltools.gnu-tools-for-stm32.10.3-2021.10.win32_1.0.100.202210260954/tools/bin/../lib/gcc/arm-none-eabi/10.3.1/../../../../arm-none-eabi/lib/thumb/v7e-m+dp/hard\libm.a(lib_a-math_err.o)
                0x0000000008005b36                __math_check_uflow
 .text.__math_check_oflow
                0x0000000008005b48       0x28 d:/aplicativos/stm32cubeide_1.11.2/stm32cubeide/plugins/com.st.stm32cube.ide.mcu.externaltools.gnu-tools-for-stm32.10.3-2021.10.win32_1.0.100.202210260954/tools/bin/../lib/gcc/arm-none-eabi/10.3.1/../../../../arm-none-eabi/lib/thumb/v7e-m+dp/hard\libm.a(lib_a-math_err.o)
                0x0000000008005b48                __math_check_oflow
 *(.glue_7)
 .glue_7        0x0000000008005b70        0x0 linker stubs
 *(.glue_7t)
 .glue_7t       0x0000000008005b70        0x0 linker stubs
 *(.eh_frame)
 .eh_frame      0x0000000008005b70        0x0 d:/aplicativos/stm32cubeide_1.11.2/stm32cubeide/plugins/com.st.stm32cube.ide.mcu.externaltools.gnu-tools-for-stm32.10.3-2021.10.win32_1.0.100.202210260954/tools/bin/../lib/gcc/arm-none-eabi/10.3.1/thumb/v7e-m+dp/hard/crtbegin.o
 *(.init)
 .init          0x0000000008005b70        0x4 d:/aplicativos/stm32cubeide_1.11.2/stm32cubeide/plugins/com.st.stm32cube.ide.mcu.externaltools.gnu-tools-for-stm32.10.3-2021.10.win32_1.0.100.202210260954/tools/bin/../lib/gcc/arm-none-eabi/10.3.1/thumb/v7e-m+dp/hard/crti.o
                0x0000000008005b70                _init
 .init          0x0000000008005b74        0x8 d:/aplicativos/stm32cubeide_1.11.2/stm32cubeide/plugins/com.st.stm32cube.ide.mcu.externaltools.gnu-tools-for-stm32.10.3-2021.10.win32_1.0.100.202210260954/tools/bin/../lib/gcc/arm-none-eabi/10.3.1/thumb/v7e-m+dp/hard/crtn.o
 *(.fini)
 .fini          0x0000000008005b7c        0x4 d:/aplicativos/stm32cubeide_1.11.2/stm32cubeide/plugins/com.st.stm32cube.ide.mcu.externaltools.gnu-tools-for-stm32.10.3-2021.10.win32_1.0.100.202210260954/tools/bin/../lib/gcc/arm-none-eabi/10.3.1/thumb/v7e-m+dp/hard/crti.o
                0x0000000008005b7c                _fini
 .fini          0x0000000008005b80        0x8 d:/aplicativos/stm32cubeide_1.11.2/stm32cubeide/plugins/com.st.stm32cube.ide.mcu.externaltools.gnu-tools-for-stm32.10.3-2021.10.win32_1.0.100.202210260954/tools/bin/../lib/gcc/arm-none-eabi/10.3.1/thumb/v7e-m+dp/hard/crtn.o
                0x0000000008005b88                . = ALIGN (0x4)
                0x0000000008005b88                _etext = .

.vfp11_veneer   0x0000000008005b88        0x0
 .vfp11_veneer  0x0000000008005b88        0x0 linker stubs

.v4_bx          0x0000000008005b88        0x0
 .v4_bx         0x0000000008005b88        0x0 linker stubs

.iplt           0x0000000008005b88        0x0
 .iplt          0x0000000008005b88        0x0 d:/aplicativos/stm32cubeide_1.11.2/stm32cubeide/plugins/com.st.stm32cube.ide.mcu.externaltools.gnu-tools-for-stm32.10.3-2021.10.win32_1.0.100.202210260954/tools/bin/../lib/gcc/arm-none-eabi/10.3.1/thumb/v7e-m+dp/hard/crtbegin.o

.rodata         0x0000000008005b88     0x1928
                0x0000000008005b88                . = ALIGN (0x4)
 *(.rodata)
 .rodata        0x0000000008005b88       0x4c ./Drivers/STM32H7xx_HAL_Driver/Src/stm32h7xx_hal_fdcan.o
 *(.rodata*)
 .rodata.D1CorePrescTable
                0x0000000008005bd4       0x10 ./Core/Src/system_stm32h7xx.o
                0x0000000008005bd4                D1CorePrescTable
 .rodata.DLCtoBytes
                0x0000000008005be4       0x10 ./Drivers/STM32H7xx_HAL_Driver/Src/stm32h7xx_hal_fdcan.o
 *fill*         0x0000000008005bf4        0x4 
 .rodata.__pow_log_data
                0x0000000008005bf8     0x1048 d:/aplicativos/stm32cubeide_1.11.2/stm32cubeide/plugins/com.st.stm32cube.ide.mcu.externaltools.gnu-tools-for-stm32.10.3-2021.10.win32_1.0.100.202210260954/tools/bin/../lib/gcc/arm-none-eabi/10.3.1/../../../../arm-none-eabi/lib/thumb/v7e-m+dp/hard\libm.a(lib_a-pow_log_data.o)
                0x0000000008005bf8                __pow_log_data
 .rodata.__exp_data
                0x0000000008006c40      0x870 d:/aplicativos/stm32cubeide_1.11.2/stm32cubeide/plugins/com.st.stm32cube.ide.mcu.externaltools.gnu-tools-for-stm32.10.3-2021.10.win32_1.0.100.202210260954/tools/bin/../lib/gcc/arm-none-eabi/10.3.1/../../../../arm-none-eabi/lib/thumb/v7e-m+dp/hard\libm.a(lib_a-exp_data.o)
                0x0000000008006c40                __exp_data
                0x00000000080074b0                . = ALIGN (0x4)

.rel.dyn        0x00000000080074b0        0x0
 .rel.iplt      0x00000000080074b0        0x0 d:/aplicativos/stm32cubeide_1.11.2/stm32cubeide/plugins/com.st.stm32cube.ide.mcu.externaltools.gnu-tools-for-stm32.10.3-2021.10.win32_1.0.100.202210260954/tools/bin/../lib/gcc/arm-none-eabi/10.3.1/thumb/v7e-m+dp/hard/crtbegin.o

.ARM.extab
 *(.ARM.extab* .gnu.linkonce.armextab.*)

.ARM            0x00000000080074b0        0x0
                0x00000000080074b0                __exidx_start = .
 *(.ARM.exidx*)
                0x00000000080074b0                __exidx_end = .

.preinit_array  0x00000000080074b0        0x0
                0x00000000080074b0                PROVIDE (__preinit_array_start = .)
 *(.preinit_array*)
                0x00000000080074b0                PROVIDE (__preinit_array_end = .)

.init_array     0x00000000080074b0        0x4
                0x00000000080074b0                PROVIDE (__init_array_start = .)
 *(SORT_BY_NAME(.init_array.*))
 *(.init_array*)
 .init_array    0x00000000080074b0        0x4 d:/aplicativos/stm32cubeide_1.11.2/stm32cubeide/plugins/com.st.stm32cube.ide.mcu.externaltools.gnu-tools-for-stm32.10.3-2021.10.win32_1.0.100.202210260954/tools/bin/../lib/gcc/arm-none-eabi/10.3.1/thumb/v7e-m+dp/hard/crtbegin.o
                0x00000000080074b4                PROVIDE (__init_array_end = .)

.fini_array     0x00000000080074b4        0x4
                [!provide]                        PROVIDE (__fini_array_start = .)
 *(SORT_BY_NAME(.fini_array.*))
 *(.fini_array*)
 .fini_array    0x00000000080074b4        0x4 d:/aplicativos/stm32cubeide_1.11.2/stm32cubeide/plugins/com.st.stm32cube.ide.mcu.externaltools.gnu-tools-for-stm32.10.3-2021.10.win32_1.0.100.202210260954/tools/bin/../lib/gcc/arm-none-eabi/10.3.1/thumb/v7e-m+dp/hard/crtbegin.o
                [!provide]                        PROVIDE (__fini_array_end = .)
                0x00000000080074b8                _sidata = LOADADDR (.data)

.data           0x0000000024000000       0x74 load address 0x00000000080074b8
                0x0000000024000000                . = ALIGN (0x4)
                0x0000000024000000                _sdata = .
 *(.data)
 *(.data*)
 .data.SystemCoreClock
                0x0000000024000000        0x4 ./Core/Src/system_stm32h7xx.o
                0x0000000024000000                SystemCoreClock
 .data.SystemD2Clock
                0x0000000024000004        0x4 ./Core/Src/system_stm32h7xx.o
                0x0000000024000004                SystemD2Clock
 .data.uwTickPrio
                0x0000000024000008        0x4 ./Drivers/STM32H7xx_HAL_Driver/Src/stm32h7xx_hal.o
                0x0000000024000008                uwTickPrio
 .data.uwTickFreq
                0x000000002400000c        0x1 ./Drivers/STM32H7xx_HAL_Driver/Src/stm32h7xx_hal.o
                0x000000002400000c                uwTickFreq
 *fill*         0x000000002400000d        0x3 
 .data._impure_ptr
                0x0000000024000010        0x4 d:/aplicativos/stm32cubeide_1.11.2/stm32cubeide/plugins/com.st.stm32cube.ide.mcu.externaltools.gnu-tools-for-stm32.10.3-2021.10.win32_1.0.100.202210260954/tools/bin/../lib/gcc/arm-none-eabi/10.3.1/../../../../arm-none-eabi/lib/thumb/v7e-m+dp/hard\libc_nano.a(lib_a-impure.o)
                0x0000000024000010                _impure_ptr
 .data.impure_data
                0x0000000024000014       0x60 d:/aplicativos/stm32cubeide_1.11.2/stm32cubeide/plugins/com.st.stm32cube.ide.mcu.externaltools.gnu-tools-for-stm32.10.3-2021.10.win32_1.0.100.202210260954/tools/bin/../lib/gcc/arm-none-eabi/10.3.1/../../../../arm-none-eabi/lib/thumb/v7e-m+dp/hard\libc_nano.a(lib_a-impure.o)
 *(.RamFunc)
 *(.RamFunc*)
                0x0000000024000074                . = ALIGN (0x4)
                0x0000000024000074                _edata = .

.igot.plt       0x0000000024000074        0x0 load address 0x000000000800752c
 .igot.plt      0x0000000024000074        0x0 d:/aplicativos/stm32cubeide_1.11.2/stm32cubeide/plugins/com.st.stm32cube.ide.mcu.externaltools.gnu-tools-for-stm32.10.3-2021.10.win32_1.0.100.202210260954/tools/bin/../lib/gcc/arm-none-eabi/10.3.1/thumb/v7e-m+dp/hard/crtbegin.o
                0x0000000024000074                . = ALIGN (0x4)

.bss            0x0000000024000078      0x134 load address 0x000000000800752c
                0x0000000024000078                _sbss = .
                0x0000000024000078                __bss_start__ = _sbss
 *(.bss)
 .bss           0x0000000024000078       0x1c d:/aplicativos/stm32cubeide_1.11.2/stm32cubeide/plugins/com.st.stm32cube.ide.mcu.externaltools.gnu-tools-for-stm32.10.3-2021.10.win32_1.0.100.202210260954/tools/bin/../lib/gcc/arm-none-eabi/10.3.1/thumb/v7e-m+dp/hard/crtbegin.o
 *(.bss*)
 .bss.hfdcan1   0x0000000024000094       0xa0 ./Core/Src/main.o
                0x0000000024000094                hfdcan1
 .bss.hrng      0x0000000024000134       0x14 ./Core/Src/main.o
                0x0000000024000134                hrng
 .bss.rngHandle
                0x0000000024000148       0x14 ./Core/Src/main.o
                0x0000000024000148                rngHandle
 .bss.RxHeader  0x000000002400015c       0x28 ./Core/Src/main.o
                0x000000002400015c                RxHeader
 .bss.RxData    0x0000000024000184        0x8 ./Core/Src/main.o
                0x0000000024000184                RxData
 .bss.randomNumber
                0x000000002400018c        0x4 ./Core/Src/main.o
                0x000000002400018c                randomNumber
 .bss.sent      0x0000000024000190        0x8 ./Core/Src/main.o
                0x0000000024000190                sent
 .bss.number_of_bytes_received
                0x0000000024000198        0x1 ./Core/Src/main.o
                0x0000000024000198                number_of_bytes_received
 *fill*         0x0000000024000199        0x7 
 .bss.receive   0x00000000240001a0        0x8 ./Core/Src/main.o
                0x00000000240001a0                receive
 .bss.uwTick    0x00000000240001a8        0x4 ./Drivers/STM32H7xx_HAL_Driver/Src/stm32h7xx_hal.o
                0x00000000240001a8                uwTick
 *(COMMON)
                0x00000000240001ac                . = ALIGN (0x4)
                0x00000000240001ac                _ebss = .
                0x00000000240001ac                __bss_end__ = _ebss

._user_heap_stack
                0x00000000240001ac      0x604 load address 0x000000000800752c
                0x00000000240001b0                . = ALIGN (0x8)
 *fill*         0x00000000240001ac        0x4 
                [!provide]                        PROVIDE (end = .)
                0x00000000240001b0                PROVIDE (_end = .)
                0x00000000240003b0                . = (. + _Min_Heap_Size)
 *fill*         0x00000000240001b0      0x200 
                0x00000000240007b0                . = (. + _Min_Stack_Size)
 *fill*         0x00000000240003b0      0x400 
                0x00000000240007b0                . = ALIGN (0x8)

/DISCARD/
 libc.a(*)
 libm.a(*)
 libgcc.a(*)

.ARM.attributes
                0x0000000000000000       0x2e
 *(.ARM.attributes)
 .ARM.attributes
                0x0000000000000000       0x1e d:/aplicativos/stm32cubeide_1.11.2/stm32cubeide/plugins/com.st.stm32cube.ide.mcu.externaltools.gnu-tools-for-stm32.10.3-2021.10.win32_1.0.100.202210260954/tools/bin/../lib/gcc/arm-none-eabi/10.3.1/thumb/v7e-m+dp/hard/crti.o
 .ARM.attributes
                0x000000000000001e       0x32 d:/aplicativos/stm32cubeide_1.11.2/stm32cubeide/plugins/com.st.stm32cube.ide.mcu.externaltools.gnu-tools-for-stm32.10.3-2021.10.win32_1.0.100.202210260954/tools/bin/../lib/gcc/arm-none-eabi/10.3.1/thumb/v7e-m+dp/hard/crtbegin.o
 .ARM.attributes
                0x0000000000000050       0x32 ./Core/Src/func_CAN.o
 .ARM.attributes
                0x0000000000000082       0x32 ./Core/Src/main.o
 .ARM.attributes
                0x00000000000000b4       0x32 ./Core/Src/stm32h7xx_hal_msp.o
 .ARM.attributes
                0x00000000000000e6       0x32 ./Core/Src/stm32h7xx_it.o
 .ARM.attributes
                0x0000000000000118       0x32 ./Core/Src/system_stm32h7xx.o
 .ARM.attributes
                0x000000000000014a       0x21 ./Core/Startup/startup_stm32h743vitx.o
 .ARM.attributes
                0x000000000000016b       0x32 ./Drivers/STM32H7xx_HAL_Driver/Src/stm32h7xx_hal.o
 .ARM.attributes
                0x000000000000019d       0x32 ./Drivers/STM32H7xx_HAL_Driver/Src/stm32h7xx_hal_cortex.o
 .ARM.attributes
                0x00000000000001cf       0x32 ./Drivers/STM32H7xx_HAL_Driver/Src/stm32h7xx_hal_fdcan.o
 .ARM.attributes
                0x0000000000000201       0x32 ./Drivers/STM32H7xx_HAL_Driver/Src/stm32h7xx_hal_gpio.o
 .ARM.attributes
                0x0000000000000233       0x32 ./Drivers/STM32H7xx_HAL_Driver/Src/stm32h7xx_hal_pwr_ex.o
 .ARM.attributes
                0x0000000000000265       0x32 ./Drivers/STM32H7xx_HAL_Driver/Src/stm32h7xx_hal_rcc.o
 .ARM.attributes
                0x0000000000000297       0x32 ./Drivers/STM32H7xx_HAL_Driver/Src/stm32h7xx_hal_rcc_ex.o
 .ARM.attributes
                0x00000000000002c9       0x32 ./Drivers/STM32H7xx_HAL_Driver/Src/stm32h7xx_hal_rng.o
 .ARM.attributes
                0x00000000000002fb       0x32 d:/aplicativos/stm32cubeide_1.11.2/stm32cubeide/plugins/com.st.stm32cube.ide.mcu.externaltools.gnu-tools-for-stm32.10.3-2021.10.win32_1.0.100.202210260954/tools/bin/../lib/gcc/arm-none-eabi/10.3.1/../../../../arm-none-eabi/lib/thumb/v7e-m+dp/hard\libc_nano.a(lib_a-errno.o)
 .ARM.attributes
                0x000000000000032d       0x32 d:/aplicativos/stm32cubeide_1.11.2/stm32cubeide/plugins/com.st.stm32cube.ide.mcu.externaltools.gnu-tools-for-stm32.10.3-2021.10.win32_1.0.100.202210260954/tools/bin/../lib/gcc/arm-none-eabi/10.3.1/../../../../arm-none-eabi/lib/thumb/v7e-m+dp/hard\libc_nano.a(lib_a-impure.o)
 .ARM.attributes
                0x000000000000035f       0x32 d:/aplicativos/stm32cubeide_1.11.2/stm32cubeide/plugins/com.st.stm32cube.ide.mcu.externaltools.gnu-tools-for-stm32.10.3-2021.10.win32_1.0.100.202210260954/tools/bin/../lib/gcc/arm-none-eabi/10.3.1/../../../../arm-none-eabi/lib/thumb/v7e-m+dp/hard\libc_nano.a(lib_a-init.o)
 .ARM.attributes
                0x0000000000000391       0x32 d:/aplicativos/stm32cubeide_1.11.2/stm32cubeide/plugins/com.st.stm32cube.ide.mcu.externaltools.gnu-tools-for-stm32.10.3-2021.10.win32_1.0.100.202210260954/tools/bin/../lib/gcc/arm-none-eabi/10.3.1/../../../../arm-none-eabi/lib/thumb/v7e-m+dp/hard\libc_nano.a(lib_a-memcpy-stub.o)
 .ARM.attributes
                0x00000000000003c3       0x32 d:/aplicativos/stm32cubeide_1.11.2/stm32cubeide/plugins/com.st.stm32cube.ide.mcu.externaltools.gnu-tools-for-stm32.10.3-2021.10.win32_1.0.100.202210260954/tools/bin/../lib/gcc/arm-none-eabi/10.3.1/../../../../arm-none-eabi/lib/thumb/v7e-m+dp/hard\libc_nano.a(lib_a-memset.o)
 .ARM.attributes
                0x00000000000003f5       0x32 d:/aplicativos/stm32cubeide_1.11.2/stm32cubeide/plugins/com.st.stm32cube.ide.mcu.externaltools.gnu-tools-for-stm32.10.3-2021.10.win32_1.0.100.202210260954/tools/bin/../lib/gcc/arm-none-eabi/10.3.1/../../../../arm-none-eabi/lib/thumb/v7e-m+dp/hard\libm.a(lib_a-pow.o)
 .ARM.attributes
                0x0000000000000427       0x32 d:/aplicativos/stm32cubeide_1.11.2/stm32cubeide/plugins/com.st.stm32cube.ide.mcu.externaltools.gnu-tools-for-stm32.10.3-2021.10.win32_1.0.100.202210260954/tools/bin/../lib/gcc/arm-none-eabi/10.3.1/../../../../arm-none-eabi/lib/thumb/v7e-m+dp/hard\libm.a(lib_a-pow_log_data.o)
 .ARM.attributes
                0x0000000000000459       0x32 d:/aplicativos/stm32cubeide_1.11.2/stm32cubeide/plugins/com.st.stm32cube.ide.mcu.externaltools.gnu-tools-for-stm32.10.3-2021.10.win32_1.0.100.202210260954/tools/bin/../lib/gcc/arm-none-eabi/10.3.1/../../../../arm-none-eabi/lib/thumb/v7e-m+dp/hard\libm.a(lib_a-exp_data.o)
 .ARM.attributes
                0x000000000000048b       0x32 d:/aplicativos/stm32cubeide_1.11.2/stm32cubeide/plugins/com.st.stm32cube.ide.mcu.externaltools.gnu-tools-for-stm32.10.3-2021.10.win32_1.0.100.202210260954/tools/bin/../lib/gcc/arm-none-eabi/10.3.1/../../../../arm-none-eabi/lib/thumb/v7e-m+dp/hard\libm.a(lib_a-math_err.o)
 .ARM.attributes
                0x00000000000004bd       0x1e d:/aplicativos/stm32cubeide_1.11.2/stm32cubeide/plugins/com.st.stm32cube.ide.mcu.externaltools.gnu-tools-for-stm32.10.3-2021.10.win32_1.0.100.202210260954/tools/bin/../lib/gcc/arm-none-eabi/10.3.1/thumb/v7e-m+dp/hard\libgcc.a(_arm_addsubdf3.o)
 .ARM.attributes
                0x00000000000004db       0x32 d:/aplicativos/stm32cubeide_1.11.2/stm32cubeide/plugins/com.st.stm32cube.ide.mcu.externaltools.gnu-tools-for-stm32.10.3-2021.10.win32_1.0.100.202210260954/tools/bin/../lib/gcc/arm-none-eabi/10.3.1/thumb/v7e-m+dp/hard\libgcc.a(_fixdfdi.o)
 .ARM.attributes
                0x000000000000050d       0x32 d:/aplicativos/stm32cubeide_1.11.2/stm32cubeide/plugins/com.st.stm32cube.ide.mcu.externaltools.gnu-tools-for-stm32.10.3-2021.10.win32_1.0.100.202210260954/tools/bin/../lib/gcc/arm-none-eabi/10.3.1/thumb/v7e-m+dp/hard\libgcc.a(_fixunsdfdi.o)
 .ARM.attributes
                0x000000000000053f       0x1e d:/aplicativos/stm32cubeide_1.11.2/stm32cubeide/plugins/com.st.stm32cube.ide.mcu.externaltools.gnu-tools-for-stm32.10.3-2021.10.win32_1.0.100.202210260954/tools/bin/../lib/gcc/arm-none-eabi/10.3.1/thumb/v7e-m+dp/hard/crtn.o
OUTPUT(Datalogger_Can_0.elf elf32-littlearm)
LOAD linker stubs
LOAD d:/aplicativos/stm32cubeide_1.11.2/stm32cubeide/plugins/com.st.stm32cube.ide.mcu.externaltools.gnu-tools-for-stm32.10.3-2021.10.win32_1.0.100.202210260954/tools/bin/../lib/gcc/arm-none-eabi/10.3.1/../../../../arm-none-eabi/lib/thumb/v7e-m+dp/hard\libc.a
LOAD d:/aplicativos/stm32cubeide_1.11.2/stm32cubeide/plugins/com.st.stm32cube.ide.mcu.externaltools.gnu-tools-for-stm32.10.3-2021.10.win32_1.0.100.202210260954/tools/bin/../lib/gcc/arm-none-eabi/10.3.1/../../../../arm-none-eabi/lib/thumb/v7e-m+dp/hard\libm.a
LOAD d:/aplicativos/stm32cubeide_1.11.2/stm32cubeide/plugins/com.st.stm32cube.ide.mcu.externaltools.gnu-tools-for-stm32.10.3-2021.10.win32_1.0.100.202210260954/tools/bin/../lib/gcc/arm-none-eabi/10.3.1/thumb/v7e-m+dp/hard\libgcc.a

.debug_info     0x0000000000000000     0xebe1
 .debug_info    0x0000000000000000      0xd38 ./Core/Src/func_CAN.o
 .debug_info    0x0000000000000d38     0x17eb ./Core/Src/main.o
 .debug_info    0x0000000000002523     0x16e2 ./Core/Src/stm32h7xx_hal_msp.o
 .debug_info    0x0000000000003c05      0x933 ./Core/Src/stm32h7xx_it.o
 .debug_info    0x0000000000004538      0xd07 ./Core/Src/system_stm32h7xx.o
 .debug_info    0x000000000000523f       0x22 ./Core/Startup/startup_stm32h743vitx.o
 .debug_info    0x0000000000005261     0x15d7 ./Drivers/STM32H7xx_HAL_Driver/Src/stm32h7xx_hal.o
 .debug_info    0x0000000000006838     0x116d ./Drivers/STM32H7xx_HAL_Driver/Src/stm32h7xx_hal_cortex.o
 .debug_info    0x00000000000079a5     0x2dae ./Drivers/STM32H7xx_HAL_Driver/Src/stm32h7xx_hal_fdcan.o
 .debug_info    0x000000000000a753      0xd28 ./Drivers/STM32H7xx_HAL_Driver/Src/stm32h7xx_hal_gpio.o
 .debug_info    0x000000000000b47b     0x109d ./Drivers/STM32H7xx_HAL_Driver/Src/stm32h7xx_hal_pwr_ex.o
 .debug_info    0x000000000000c518      0xf4a ./Drivers/STM32H7xx_HAL_Driver/Src/stm32h7xx_hal_rcc.o
 .debug_info    0x000000000000d462     0x12d9 ./Drivers/STM32H7xx_HAL_Driver/Src/stm32h7xx_hal_rcc_ex.o
 .debug_info    0x000000000000e73b      0x4a6 ./Drivers/STM32H7xx_HAL_Driver/Src/stm32h7xx_hal_rng.o

.debug_abbrev   0x0000000000000000     0x1cc9
 .debug_abbrev  0x0000000000000000      0x20c ./Core/Src/func_CAN.o
 .debug_abbrev  0x000000000000020c      0x29b ./Core/Src/main.o
 .debug_abbrev  0x00000000000004a7      0x1f7 ./Core/Src/stm32h7xx_hal_msp.o
 .debug_abbrev  0x000000000000069e      0x170 ./Core/Src/stm32h7xx_it.o
 .debug_abbrev  0x000000000000080e      0x147 ./Core/Src/system_stm32h7xx.o
 .debug_abbrev  0x0000000000000955       0x12 ./Core/Startup/startup_stm32h743vitx.o
 .debug_abbrev  0x0000000000000967      0x289 ./Drivers/STM32H7xx_HAL_Driver/Src/stm32h7xx_hal.o
 .debug_abbrev  0x0000000000000bf0      0x329 ./Drivers/STM32H7xx_HAL_Driver/Src/stm32h7xx_hal_cortex.o
 .debug_abbrev  0x0000000000000f19      0x278 ./Drivers/STM32H7xx_HAL_Driver/Src/stm32h7xx_hal_fdcan.o
 .debug_abbrev  0x0000000000001191      0x1ec ./Drivers/STM32H7xx_HAL_Driver/Src/stm32h7xx_hal_gpio.o
 .debug_abbrev  0x000000000000137d      0x28f ./Drivers/STM32H7xx_HAL_Driver/Src/stm32h7xx_hal_pwr_ex.o
 .debug_abbrev  0x000000000000160c      0x2b8 ./Drivers/STM32H7xx_HAL_Driver/Src/stm32h7xx_hal_rcc.o
 .debug_abbrev  0x00000000000018c4      0x25c ./Drivers/STM32H7xx_HAL_Driver/Src/stm32h7xx_hal_rcc_ex.o
 .debug_abbrev  0x0000000000001b20      0x1a9 ./Drivers/STM32H7xx_HAL_Driver/Src/stm32h7xx_hal_rng.o

.debug_aranges  0x0000000000000000      0xb48
 .debug_aranges
                0x0000000000000000       0x68 ./Core/Src/func_CAN.o
 .debug_aranges
                0x0000000000000068       0x50 ./Core/Src/main.o
 .debug_aranges
                0x00000000000000b8       0x40 ./Core/Src/stm32h7xx_hal_msp.o
 .debug_aranges
                0x00000000000000f8       0x68 ./Core/Src/stm32h7xx_it.o
 .debug_aranges
                0x0000000000000160       0x28 ./Core/Src/system_stm32h7xx.o
 .debug_aranges
                0x0000000000000188       0x28 ./Core/Startup/startup_stm32h743vitx.o
 .debug_aranges
                0x00000000000001b0      0x198 ./Drivers/STM32H7xx_HAL_Driver/Src/stm32h7xx_hal.o
 .debug_aranges
                0x0000000000000348      0x120 ./Drivers/STM32H7xx_HAL_Driver/Src/stm32h7xx_hal_cortex.o
 .debug_aranges
                0x0000000000000468      0x338 ./Drivers/STM32H7xx_HAL_Driver/Src/stm32h7xx_hal_fdcan.o
 .debug_aranges
                0x00000000000007a0       0x58 ./Drivers/STM32H7xx_HAL_Driver/Src/stm32h7xx_hal_gpio.o
 .debug_aranges
                0x00000000000007f8      0x158 ./Drivers/STM32H7xx_HAL_Driver/Src/stm32h7xx_hal_pwr_ex.o
 .debug_aranges
                0x0000000000000950       0x88 ./Drivers/STM32H7xx_HAL_Driver/Src/stm32h7xx_hal_rcc.o
 .debug_aranges
                0x00000000000009d8       0xf8 ./Drivers/STM32H7xx_HAL_Driver/Src/stm32h7xx_hal_rcc_ex.o
 .debug_aranges
                0x0000000000000ad0       0x78 ./Drivers/STM32H7xx_HAL_Driver/Src/stm32h7xx_hal_rng.o

.debug_ranges   0x0000000000000000      0xa70
 .debug_ranges  0x0000000000000000       0x58 ./Core/Src/func_CAN.o
 .debug_ranges  0x0000000000000058       0x40 ./Core/Src/main.o
 .debug_ranges  0x0000000000000098       0x30 ./Core/Src/stm32h7xx_hal_msp.o
 .debug_ranges  0x00000000000000c8       0x58 ./Core/Src/stm32h7xx_it.o
 .debug_ranges  0x0000000000000120       0x18 ./Core/Src/system_stm32h7xx.o
 .debug_ranges  0x0000000000000138       0x20 ./Core/Startup/startup_stm32h743vitx.o
 .debug_ranges  0x0000000000000158      0x188 ./Drivers/STM32H7xx_HAL_Driver/Src/stm32h7xx_hal.o
 .debug_ranges  0x00000000000002e0      0x110 ./Drivers/STM32H7xx_HAL_Driver/Src/stm32h7xx_hal_cortex.o
 .debug_ranges  0x00000000000003f0      0x328 ./Drivers/STM32H7xx_HAL_Driver/Src/stm32h7xx_hal_fdcan.o
 .debug_ranges  0x0000000000000718       0x48 ./Drivers/STM32H7xx_HAL_Driver/Src/stm32h7xx_hal_gpio.o
 .debug_ranges  0x0000000000000760      0x148 ./Drivers/STM32H7xx_HAL_Driver/Src/stm32h7xx_hal_pwr_ex.o
 .debug_ranges  0x00000000000008a8       0x78 ./Drivers/STM32H7xx_HAL_Driver/Src/stm32h7xx_hal_rcc.o
 .debug_ranges  0x0000000000000920       0xe8 ./Drivers/STM32H7xx_HAL_Driver/Src/stm32h7xx_hal_rcc_ex.o
 .debug_ranges  0x0000000000000a08       0x68 ./Drivers/STM32H7xx_HAL_Driver/Src/stm32h7xx_hal_rng.o

.debug_macro    0x0000000000000000    0x35da5
 .debug_macro   0x0000000000000000      0x2a7 ./Core/Src/func_CAN.o
 .debug_macro   0x00000000000002a7      0xa90 ./Core/Src/func_CAN.o
 .debug_macro   0x0000000000000d37      0x238 ./Core/Src/func_CAN.o
 .debug_macro   0x0000000000000f6f       0x2e ./Core/Src/func_CAN.o
 .debug_macro   0x0000000000000f9d       0x3b ./Core/Src/func_CAN.o
 .debug_macro   0x0000000000000fd8       0x22 ./Core/Src/func_CAN.o
 .debug_macro   0x0000000000000ffa       0x8e ./Core/Src/func_CAN.o
 .debug_macro   0x0000000000001088       0x51 ./Core/Src/func_CAN.o
 .debug_macro   0x00000000000010d9      0x103 ./Core/Src/func_CAN.o
 .debug_macro   0x00000000000011dc       0x6a ./Core/Src/func_CAN.o
 .debug_macro   0x0000000000001246      0x1df ./Core/Src/func_CAN.o
 .debug_macro   0x0000000000001425       0x1c ./Core/Src/func_CAN.o
 .debug_macro   0x0000000000001441       0x22 ./Core/Src/func_CAN.o
 .debug_macro   0x0000000000001463       0xfb ./Core/Src/func_CAN.o
 .debug_macro   0x000000000000155e     0x1305 ./Core/Src/func_CAN.o
 .debug_macro   0x0000000000002863      0x11f ./Core/Src/func_CAN.o
 .debug_macro   0x0000000000002982       0x27 ./Core/Src/func_CAN.o
 .debug_macro   0x00000000000029a9    0x25882 ./Core/Src/func_CAN.o
 .debug_macro   0x000000000002822b       0x6d ./Core/Src/func_CAN.o
 .debug_macro   0x0000000000028298     0x3d5d ./Core/Src/func_CAN.o
 .debug_macro   0x000000000002bff5      0x174 ./Core/Src/func_CAN.o
 .debug_macro   0x000000000002c169       0x52 ./Core/Src/func_CAN.o
 .debug_macro   0x000000000002c1bb       0x1d ./Core/Src/func_CAN.o
 .debug_macro   0x000000000002c1d8       0x3c ./Core/Src/func_CAN.o
 .debug_macro   0x000000000002c214       0x34 ./Core/Src/func_CAN.o
 .debug_macro   0x000000000002c248       0x16 ./Core/Src/func_CAN.o
 .debug_macro   0x000000000002c25e       0x43 ./Core/Src/func_CAN.o
 .debug_macro   0x000000000002c2a1       0x34 ./Core/Src/func_CAN.o
 .debug_macro   0x000000000002c2d5       0x10 ./Core/Src/func_CAN.o
 .debug_macro   0x000000000002c2e5       0x58 ./Core/Src/func_CAN.o
 .debug_macro   0x000000000002c33d       0x71 ./Core/Src/func_CAN.o
 .debug_macro   0x000000000002c3ae       0x1c ./Core/Src/func_CAN.o
 .debug_macro   0x000000000002c3ca      0x12a ./Core/Src/func_CAN.o
 .debug_macro   0x000000000002c4f4      0x341 ./Core/Src/func_CAN.o
 .debug_macro   0x000000000002c835      0x19b ./Core/Src/func_CAN.o
 .debug_macro   0x000000000002c9d0       0x5d ./Core/Src/func_CAN.o
 .debug_macro   0x000000000002ca2d     0x2382 ./Core/Src/func_CAN.o
 .debug_macro   0x000000000002edaf     0x102c ./Core/Src/func_CAN.o
 .debug_macro   0x000000000002fddb      0x154 ./Core/Src/func_CAN.o
 .debug_macro   0x000000000002ff2f      0x114 ./Core/Src/func_CAN.o
 .debug_macro   0x0000000000030043      0x3b2 ./Core/Src/func_CAN.o
 .debug_macro   0x00000000000303f5       0xac ./Core/Src/func_CAN.o
 .debug_macro   0x00000000000304a1      0x72d ./Core/Src/func_CAN.o
 .debug_macro   0x0000000000030bce      0x228 ./Core/Src/func_CAN.o
 .debug_macro   0x0000000000030df6       0x66 ./Core/Src/func_CAN.o
 .debug_macro   0x0000000000030e5c      0x3bb ./Core/Src/func_CAN.o
 .debug_macro   0x0000000000031217      0x3e4 ./Core/Src/func_CAN.o
 .debug_macro   0x00000000000315fb      0x275 ./Core/Src/func_CAN.o
 .debug_macro   0x0000000000031870      0xe42 ./Core/Src/func_CAN.o
 .debug_macro   0x00000000000326b2      0x3ca ./Core/Src/func_CAN.o
 .debug_macro   0x0000000000032a7c      0x408 ./Core/Src/func_CAN.o
 .debug_macro   0x0000000000032e84       0x51 ./Core/Src/func_CAN.o
 .debug_macro   0x0000000000032ed5       0x4a ./Core/Src/func_CAN.o
 .debug_macro   0x0000000000032f1f      0x22c ./Core/Src/func_CAN.o
 .debug_macro   0x000000000003314b       0x67 ./Core/Src/func_CAN.o
 .debug_macro   0x00000000000331b2       0xa5 ./Core/Src/func_CAN.o
 .debug_macro   0x0000000000033257      0x1c4 ./Core/Src/func_CAN.o
 .debug_macro   0x000000000003341b      0x25e ./Core/Src/func_CAN.o
 .debug_macro   0x0000000000033679       0x35 ./Core/Src/func_CAN.o
 .debug_macro   0x00000000000336ae       0xb9 ./Core/Src/func_CAN.o
 .debug_macro   0x0000000000033767      0x5a0 ./Core/Src/func_CAN.o
 .debug_macro   0x0000000000033d07      0x2ab ./Core/Src/main.o
 .debug_macro   0x0000000000033fb2      0x29d ./Core/Src/stm32h7xx_hal_msp.o
 .debug_macro   0x000000000003424f      0x2a7 ./Core/Src/stm32h7xx_it.o
 .debug_macro   0x00000000000344f6      0x293 ./Core/Src/system_stm32h7xx.o
 .debug_macro   0x0000000000034789      0x2bd ./Drivers/STM32H7xx_HAL_Driver/Src/stm32h7xx_hal.o
 .debug_macro   0x0000000000034a46      0x293 ./Drivers/STM32H7xx_HAL_Driver/Src/stm32h7xx_hal_cortex.o
 .debug_macro   0x0000000000034cd9      0x358 ./Drivers/STM32H7xx_HAL_Driver/Src/stm32h7xx_hal_fdcan.o
 .debug_macro   0x0000000000035031      0x29a ./Drivers/STM32H7xx_HAL_Driver/Src/stm32h7xx_hal_gpio.o
 .debug_macro   0x00000000000352cb      0x2cc ./Drivers/STM32H7xx_HAL_Driver/Src/stm32h7xx_hal_pwr_ex.o
 .debug_macro   0x0000000000035597      0x2b7 ./Drivers/STM32H7xx_HAL_Driver/Src/stm32h7xx_hal_rcc.o
 .debug_macro   0x000000000003584e      0x2b1 ./Drivers/STM32H7xx_HAL_Driver/Src/stm32h7xx_hal_rcc_ex.o
 .debug_macro   0x0000000000035aff      0x2a6 ./Drivers/STM32H7xx_HAL_Driver/Src/stm32h7xx_hal_rng.o

.debug_line     0x0000000000000000     0xcbee
 .debug_line    0x0000000000000000      0xaa8 ./Core/Src/func_CAN.o
 .debug_line    0x0000000000000aa8      0xa60 ./Core/Src/main.o
 .debug_line    0x0000000000001508      0x8fd ./Core/Src/stm32h7xx_hal_msp.o
 .debug_line    0x0000000000001e05      0x929 ./Core/Src/stm32h7xx_it.o
 .debug_line    0x000000000000272e      0x9fe ./Core/Src/system_stm32h7xx.o
 .debug_line    0x000000000000312c       0x88 ./Core/Startup/startup_stm32h743vitx.o
 .debug_line    0x00000000000031b4      0xdfc ./Drivers/STM32H7xx_HAL_Driver/Src/stm32h7xx_hal.o
 .debug_line    0x0000000000003fb0      0xe02 ./Drivers/STM32H7xx_HAL_Driver/Src/stm32h7xx_hal_cortex.o
 .debug_line    0x0000000000004db2     0x275d ./Drivers/STM32H7xx_HAL_Driver/Src/stm32h7xx_hal_fdcan.o
 .debug_line    0x000000000000750f      0xcbf ./Drivers/STM32H7xx_HAL_Driver/Src/stm32h7xx_hal_gpio.o
 .debug_line    0x00000000000081ce      0xf16 ./Drivers/STM32H7xx_HAL_Driver/Src/stm32h7xx_hal_pwr_ex.o
 .debug_line    0x00000000000090e4     0x13cc ./Drivers/STM32H7xx_HAL_Driver/Src/stm32h7xx_hal_rcc.o
 .debug_line    0x000000000000a4b0     0x1c9a ./Drivers/STM32H7xx_HAL_Driver/Src/stm32h7xx_hal_rcc_ex.o
 .debug_line    0x000000000000c14a      0xaa4 ./Drivers/STM32H7xx_HAL_Driver/Src/stm32h7xx_hal_rng.o

.debug_str      0x0000000000000000   0x1588ce
 .debug_str     0x0000000000000000   0x153b0e ./Core/Src/func_CAN.o
                                     0x153fc6 (size before relaxing)
 .debug_str     0x0000000000153b0e      0x76b ./Core/Src/main.o
                                     0x154572 (size before relaxing)
 .debug_str     0x0000000000154279      0xb91 ./Core/Src/stm32h7xx_hal_msp.o
                                     0x154c98 (size before relaxing)
 .debug_str     0x0000000000154e0a       0xf4 ./Core/Src/stm32h7xx_it.o
                                     0x153d95 (size before relaxing)
 .debug_str     0x0000000000154efe      0x33a ./Core/Src/system_stm32h7xx.o
                                     0x153d31 (size before relaxing)
 .debug_str     0x0000000000155238       0x36 ./Core/Startup/startup_stm32h743vitx.o
                                         0x69 (size before relaxing)
 .debug_str     0x000000000015526e      0x7ef ./Drivers/STM32H7xx_HAL_Driver/Src/stm32h7xx_hal.o
                                     0x154c47 (size before relaxing)
 .debug_str     0x0000000000155a5d      0x338 ./Drivers/STM32H7xx_HAL_Driver/Src/stm32h7xx_hal_cortex.o
                                     0x15464a (size before relaxing)
 .debug_str     0x0000000000155d95     0x1a66 ./Drivers/STM32H7xx_HAL_Driver/Src/stm32h7xx_hal_fdcan.o
                                     0x155a1f (size before relaxing)
 .debug_str     0x00000000001577fb       0xde ./Drivers/STM32H7xx_HAL_Driver/Src/stm32h7xx_hal_gpio.o
                                     0x153ce8 (size before relaxing)
 .debug_str     0x00000000001578d9      0x62e ./Drivers/STM32H7xx_HAL_Driver/Src/stm32h7xx_hal_pwr_ex.o
                                     0x1541a9 (size before relaxing)
 .debug_str     0x0000000000157f07      0x22e ./Drivers/STM32H7xx_HAL_Driver/Src/stm32h7xx_hal_rcc.o
                                     0x1540cc (size before relaxing)
 .debug_str     0x0000000000158135      0x653 ./Drivers/STM32H7xx_HAL_Driver/Src/stm32h7xx_hal_rcc_ex.o
                                     0x1545ad (size before relaxing)
 .debug_str     0x0000000000158788      0x146 ./Drivers/STM32H7xx_HAL_Driver/Src/stm32h7xx_hal_rng.o
                                     0x153aa4 (size before relaxing)

.comment        0x0000000000000000       0x50
 .comment       0x0000000000000000       0x50 ./Core/Src/func_CAN.o
                                         0x51 (size before relaxing)
 .comment       0x0000000000000050       0x51 ./Core/Src/main.o
 .comment       0x0000000000000050       0x51 ./Core/Src/stm32h7xx_hal_msp.o
 .comment       0x0000000000000050       0x51 ./Core/Src/stm32h7xx_it.o
 .comment       0x0000000000000050       0x51 ./Core/Src/system_stm32h7xx.o
 .comment       0x0000000000000050       0x51 ./Drivers/STM32H7xx_HAL_Driver/Src/stm32h7xx_hal.o
 .comment       0x0000000000000050       0x51 ./Drivers/STM32H7xx_HAL_Driver/Src/stm32h7xx_hal_cortex.o
 .comment       0x0000000000000050       0x51 ./Drivers/STM32H7xx_HAL_Driver/Src/stm32h7xx_hal_fdcan.o
 .comment       0x0000000000000050       0x51 ./Drivers/STM32H7xx_HAL_Driver/Src/stm32h7xx_hal_gpio.o
 .comment       0x0000000000000050       0x51 ./Drivers/STM32H7xx_HAL_Driver/Src/stm32h7xx_hal_pwr_ex.o
 .comment       0x0000000000000050       0x51 ./Drivers/STM32H7xx_HAL_Driver/Src/stm32h7xx_hal_rcc.o
 .comment       0x0000000000000050       0x51 ./Drivers/STM32H7xx_HAL_Driver/Src/stm32h7xx_hal_rcc_ex.o
 .comment       0x0000000000000050       0x51 ./Drivers/STM32H7xx_HAL_Driver/Src/stm32h7xx_hal_rng.o

.debug_frame    0x0000000000000000     0x327c
 .debug_frame   0x0000000000000000      0x1d4 ./Core/Src/func_CAN.o
 .debug_frame   0x00000000000001d4       0xf0 ./Core/Src/main.o
 .debug_frame   0x00000000000002c4       0xd0 ./Core/Src/stm32h7xx_hal_msp.o
 .debug_frame   0x0000000000000394      0x120 ./Core/Src/stm32h7xx_it.o
 .debug_frame   0x00000000000004b4       0x58 ./Core/Src/system_stm32h7xx.o
 .debug_frame   0x000000000000050c      0x690 ./Drivers/STM32H7xx_HAL_Driver/Src/stm32h7xx_hal.o
 .debug_frame   0x0000000000000b9c      0x4b8 ./Drivers/STM32H7xx_HAL_Driver/Src/stm32h7xx_hal_cortex.o
 .debug_frame   0x0000000000001054      0xf9c ./Drivers/STM32H7xx_HAL_Driver/Src/stm32h7xx_hal_fdcan.o
 .debug_frame   0x0000000000001ff0      0x14c ./Drivers/STM32H7xx_HAL_Driver/Src/stm32h7xx_hal_gpio.o
 .debug_frame   0x000000000000213c      0x580 ./Drivers/STM32H7xx_HAL_Driver/Src/stm32h7xx_hal_pwr_ex.o
 .debug_frame   0x00000000000026bc      0x1f8 ./Drivers/STM32H7xx_HAL_Driver/Src/stm32h7xx_hal_rcc.o
 .debug_frame   0x00000000000028b4      0x414 ./Drivers/STM32H7xx_HAL_Driver/Src/stm32h7xx_hal_rcc_ex.o
 .debug_frame   0x0000000000002cc8      0x1e0 ./Drivers/STM32H7xx_HAL_Driver/Src/stm32h7xx_hal_rng.o
 .debug_frame   0x0000000000002ea8       0x20 d:/aplicativos/stm32cubeide_1.11.2/stm32cubeide/plugins/com.st.stm32cube.ide.mcu.externaltools.gnu-tools-for-stm32.10.3-2021.10.win32_1.0.100.202210260954/tools/bin/../lib/gcc/arm-none-eabi/10.3.1/../../../../arm-none-eabi/lib/thumb/v7e-m+dp/hard\libc_nano.a(lib_a-errno.o)
 .debug_frame   0x0000000000002ec8       0x2c d:/aplicativos/stm32cubeide_1.11.2/stm32cubeide/plugins/com.st.stm32cube.ide.mcu.externaltools.gnu-tools-for-stm32.10.3-2021.10.win32_1.0.100.202210260954/tools/bin/../lib/gcc/arm-none-eabi/10.3.1/../../../../arm-none-eabi/lib/thumb/v7e-m+dp/hard\libc_nano.a(lib_a-init.o)
 .debug_frame   0x0000000000002ef4       0x28 d:/aplicativos/stm32cubeide_1.11.2/stm32cubeide/plugins/com.st.stm32cube.ide.mcu.externaltools.gnu-tools-for-stm32.10.3-2021.10.win32_1.0.100.202210260954/tools/bin/../lib/gcc/arm-none-eabi/10.3.1/../../../../arm-none-eabi/lib/thumb/v7e-m+dp/hard\libc_nano.a(lib_a-memcpy-stub.o)
 .debug_frame   0x0000000000002f1c       0x20 d:/aplicativos/stm32cubeide_1.11.2/stm32cubeide/plugins/com.st.stm32cube.ide.mcu.externaltools.gnu-tools-for-stm32.10.3-2021.10.win32_1.0.100.202210260954/tools/bin/../lib/gcc/arm-none-eabi/10.3.1/../../../../arm-none-eabi/lib/thumb/v7e-m+dp/hard\libc_nano.a(lib_a-memset.o)
 .debug_frame   0x0000000000002f3c      0x184 d:/aplicativos/stm32cubeide_1.11.2/stm32cubeide/plugins/com.st.stm32cube.ide.mcu.externaltools.gnu-tools-for-stm32.10.3-2021.10.win32_1.0.100.202210260954/tools/bin/../lib/gcc/arm-none-eabi/10.3.1/../../../../arm-none-eabi/lib/thumb/v7e-m+dp/hard\libm.a(lib_a-pow.o)
 .debug_frame   0x00000000000030c0       0xc0 d:/aplicativos/stm32cubeide_1.11.2/stm32cubeide/plugins/com.st.stm32cube.ide.mcu.externaltools.gnu-tools-for-stm32.10.3-2021.10.win32_1.0.100.202210260954/tools/bin/../lib/gcc/arm-none-eabi/10.3.1/../../../../arm-none-eabi/lib/thumb/v7e-m+dp/hard\libm.a(lib_a-math_err.o)
 .debug_frame   0x0000000000003180       0xac d:/aplicativos/stm32cubeide_1.11.2/stm32cubeide/plugins/com.st.stm32cube.ide.mcu.externaltools.gnu-tools-for-stm32.10.3-2021.10.win32_1.0.100.202210260954/tools/bin/../lib/gcc/arm-none-eabi/10.3.1/thumb/v7e-m+dp/hard\libgcc.a(_arm_addsubdf3.o)
 .debug_frame   0x000000000000322c       0x30 d:/aplicativos/stm32cubeide_1.11.2/stm32cubeide/plugins/com.st.stm32cube.ide.mcu.externaltools.gnu-tools-for-stm32.10.3-2021.10.win32_1.0.100.202210260954/tools/bin/../lib/gcc/arm-none-eabi/10.3.1/thumb/v7e-m+dp/hard\libgcc.a(_fixdfdi.o)
 .debug_frame   0x000000000000325c       0x20 d:/aplicativos/stm32cubeide_1.11.2/stm32cubeide/plugins/com.st.stm32cube.ide.mcu.externaltools.gnu-tools-for-stm32.10.3-2021.10.win32_1.0.100.202210260954/tools/bin/../lib/gcc/arm-none-eabi/10.3.1/thumb/v7e-m+dp/hard\libgcc.a(_fixunsdfdi.o)
