Archive member included to satisfy reference by file (symbol)

d:/aplicativos/stm32cubeide_1.11.2/stm32cubeide/plugins/com.st.stm32cube.ide.mcu.externaltools.gnu-tools-for-stm32.10.3-2021.10.win32_1.0.100.202210260954/tools/bin/../lib/gcc/arm-none-eabi/10.3.1/../../../../arm-none-eabi/lib/thumb/v7e-m+dp/hard\libc_nano.a(lib_a-errno.o)
                              ./Core/Src/syscalls.o (__errno)
d:/aplicativos/stm32cubeide_1.11.2/stm32cubeide/plugins/com.st.stm32cube.ide.mcu.externaltools.gnu-tools-for-stm32.10.3-2021.10.win32_1.0.100.202210260954/tools/bin/../lib/gcc/arm-none-eabi/10.3.1/../../../../arm-none-eabi/lib/thumb/v7e-m+dp/hard\libc_nano.a(lib_a-exit.o)
                              d:/aplicativos/stm32cubeide_1.11.2/stm32cubeide/plugins/com.st.stm32cube.ide.mcu.externaltools.gnu-tools-for-stm32.10.3-2021.10.win32_1.0.100.202210260954/tools/bin/../lib/gcc/arm-none-eabi/10.3.1/../../../../arm-none-eabi/lib/thumb/v7e-m+dp/hard/crt0.o (exit)
d:/aplicativos/stm32cubeide_1.11.2/stm32cubeide/plugins/com.st.stm32cube.ide.mcu.externaltools.gnu-tools-for-stm32.10.3-2021.10.win32_1.0.100.202210260954/tools/bin/../lib/gcc/arm-none-eabi/10.3.1/../../../../arm-none-eabi/lib/thumb/v7e-m+dp/hard\libc_nano.a(lib_a-impure.o)
                              d:/aplicativos/stm32cubeide_1.11.2/stm32cubeide/plugins/com.st.stm32cube.ide.mcu.externaltools.gnu-tools-for-stm32.10.3-2021.10.win32_1.0.100.202210260954/tools/bin/../lib/gcc/arm-none-eabi/10.3.1/../../../../arm-none-eabi/lib/thumb/v7e-m+dp/hard\libc_nano.a(lib_a-exit.o) (_global_impure_ptr)
d:/aplicativos/stm32cubeide_1.11.2/stm32cubeide/plugins/com.st.stm32cube.ide.mcu.externaltools.gnu-tools-for-stm32.10.3-2021.10.win32_1.0.100.202210260954/tools/bin/../lib/gcc/arm-none-eabi/10.3.1/../../../../arm-none-eabi/lib/thumb/v7e-m+dp/hard\libc_nano.a(lib_a-init.o)
                              d:/aplicativos/stm32cubeide_1.11.2/stm32cubeide/plugins/com.st.stm32cube.ide.mcu.externaltools.gnu-tools-for-stm32.10.3-2021.10.win32_1.0.100.202210260954/tools/bin/../lib/gcc/arm-none-eabi/10.3.1/../../../../arm-none-eabi/lib/thumb/v7e-m+dp/hard/crt0.o (__libc_init_array)
d:/aplicativos/stm32cubeide_1.11.2/stm32cubeide/plugins/com.st.stm32cube.ide.mcu.externaltools.gnu-tools-for-stm32.10.3-2021.10.win32_1.0.100.202210260954/tools/bin/../lib/gcc/arm-none-eabi/10.3.1/../../../../arm-none-eabi/lib/thumb/v7e-m+dp/hard\libc_nano.a(lib_a-memset.o)
                              d:/aplicativos/stm32cubeide_1.11.2/stm32cubeide/plugins/com.st.stm32cube.ide.mcu.externaltools.gnu-tools-for-stm32.10.3-2021.10.win32_1.0.100.202210260954/tools/bin/../lib/gcc/arm-none-eabi/10.3.1/../../../../arm-none-eabi/lib/thumb/v7e-m+dp/hard/crt0.o (memset)
d:/aplicativos/stm32cubeide_1.11.2/stm32cubeide/plugins/com.st.stm32cube.ide.mcu.externaltools.gnu-tools-for-stm32.10.3-2021.10.win32_1.0.100.202210260954/tools/bin/../lib/gcc/arm-none-eabi/10.3.1/thumb/v7e-m+dp/hard\libgcc.a(_aeabi_ldivmod.o)
                              ./Drivers/STM32H7xx_HAL_Driver/Src/stm32h7xx_hal_uart.o (__aeabi_ldivmod)
d:/aplicativos/stm32cubeide_1.11.2/stm32cubeide/plugins/com.st.stm32cube.ide.mcu.externaltools.gnu-tools-for-stm32.10.3-2021.10.win32_1.0.100.202210260954/tools/bin/../lib/gcc/arm-none-eabi/10.3.1/thumb/v7e-m+dp/hard\libgcc.a(_aeabi_uldivmod.o)
                              ./Drivers/STM32H7xx_HAL_Driver/Src/stm32h7xx_hal_uart.o (__aeabi_uldivmod)
d:/aplicativos/stm32cubeide_1.11.2/stm32cubeide/plugins/com.st.stm32cube.ide.mcu.externaltools.gnu-tools-for-stm32.10.3-2021.10.win32_1.0.100.202210260954/tools/bin/../lib/gcc/arm-none-eabi/10.3.1/thumb/v7e-m+dp/hard\libgcc.a(_udivmoddi4.o)
                              d:/aplicativos/stm32cubeide_1.11.2/stm32cubeide/plugins/com.st.stm32cube.ide.mcu.externaltools.gnu-tools-for-stm32.10.3-2021.10.win32_1.0.100.202210260954/tools/bin/../lib/gcc/arm-none-eabi/10.3.1/thumb/v7e-m+dp/hard\libgcc.a(_aeabi_ldivmod.o) (__udivmoddi4)
d:/aplicativos/stm32cubeide_1.11.2/stm32cubeide/plugins/com.st.stm32cube.ide.mcu.externaltools.gnu-tools-for-stm32.10.3-2021.10.win32_1.0.100.202210260954/tools/bin/../lib/gcc/arm-none-eabi/10.3.1/thumb/v7e-m+dp/hard\libgcc.a(_dvmd_tls.o)
                              d:/aplicativos/stm32cubeide_1.11.2/stm32cubeide/plugins/com.st.stm32cube.ide.mcu.externaltools.gnu-tools-for-stm32.10.3-2021.10.win32_1.0.100.202210260954/tools/bin/../lib/gcc/arm-none-eabi/10.3.1/thumb/v7e-m+dp/hard\libgcc.a(_aeabi_ldivmod.o) (__aeabi_ldiv0)

Discarded input sections

 .text          0x0000000000000000        0x0 d:/aplicativos/stm32cubeide_1.11.2/stm32cubeide/plugins/com.st.stm32cube.ide.mcu.externaltools.gnu-tools-for-stm32.10.3-2021.10.win32_1.0.100.202210260954/tools/bin/../lib/gcc/arm-none-eabi/10.3.1/thumb/v7e-m+dp/hard/crti.o
[...]
Memory Configuration

Name             Origin             Length             Attributes
FLASH            0x0000000008000000 0x0000000000200000 xr
DTCMRAM          0x0000000020000000 0x0000000000020000 xrw
RAM_D1           0x0000000024000000 0x0000000000080000 xrw
RAM_D2           0x0000000030000000 0x0000000000048000 xrw
RAM_D3           0x0000000038000000 0x0000000000010000 xrw
ITCMRAM          0x0000000000000000 0x0000000000010000 xrw
*default*        0x0000000000000000 0xffffffffffffffff

Linker script and memory map

LOAD d:/aplicativos/stm32cubeide_1.11.2/stm32cubeide/plugins/com.st.stm32cube.ide.mcu.externaltools.gnu-tools-for-stm32.10.3-2021.10.win32_1.0.100.202210260954/tools/bin/../lib/gcc/arm-none-eabi/10.3.1/thumb/v7e-m+dp/hard/crti.o
LOAD d:/aplicativos/stm32cubeide_1.11.2/stm32cubeide/plugins/com.st.stm32cube.ide.mcu.externaltools.gnu-tools-for-stm32.10.3-2021.10.win32_1.0.100.202210260954/tools/bin/../lib/gcc/arm-none-eabi/10.3.1/thumb/v7e-m+dp/hard/crtbegin.o
LOAD d:/aplicativos/stm32cubeide_1.11.2/stm32cubeide/plugins/com.st.stm32cube.ide.mcu.externaltools.gnu-tools-for-stm32.10.3-2021.10.win32_1.0.100.202210260954/tools/bin/../lib/gcc/arm-none-eabi/10.3.1/../../../../arm-none-eabi/lib/thumb/v7e-m+dp/hard/crt0.o
LOAD ./Core/Src/Funcoes_uSD.o
LOAD ./Core/Src/main.o
LOAD ./Core/Src/stm32h7xx_hal_msp.o
LOAD ./Core/Src/stm32h7xx_it.o
LOAD ./Core/Src/syscalls.o
LOAD ./Core/Src/sysmem.o
LOAD ./Core/Src/system_stm32h7xx.o
LOAD ./Core/Startup/startup_stm32h743vitx.o
LOAD ./Drivers/STM32H7xx_HAL_Driver/Src/stm32h7xx_hal.o
LOAD ./Drivers/STM32H7xx_HAL_Driver/Src/stm32h7xx_hal_cortex.o
LOAD ./Drivers/STM32H7xx_HAL_Driver/Src/stm32h7xx_hal_dma.o
LOAD ./Drivers/STM32H7xx_HAL_Driver/Src/stm32h7xx_hal_dma_ex.o
LOAD ./Drivers/STM32H7xx_HAL_Driver/Src/stm32h7xx_hal_exti.o
LOAD ./Drivers/STM32H7xx_HAL_Driver/Src/stm32h7xx_hal_flash.o
LOAD ./Drivers/STM32H7xx_HAL_Driver/Src/stm32h7xx_hal_flash_ex.o
LOAD ./Drivers/STM32H7xx_HAL_Driver/Src/stm32h7xx_hal_gpio.o
LOAD ./Drivers/STM32H7xx_HAL_Driver/Src/stm32h7xx_hal_hsem.o
LOAD ./Drivers/STM32H7xx_HAL_Driver/Src/stm32h7xx_hal_i2c.o
LOAD ./Drivers/STM32H7xx_HAL_Driver/Src/stm32h7xx_hal_i2c_ex.o
LOAD ./Drivers/STM32H7xx_HAL_Driver/Src/stm32h7xx_hal_mdma.o
LOAD ./Drivers/STM32H7xx_HAL_Driver/Src/stm32h7xx_hal_pwr.o
LOAD ./Drivers/STM32H7xx_HAL_Driver/Src/stm32h7xx_hal_pwr_ex.o
LOAD ./Drivers/STM32H7xx_HAL_Driver/Src/stm32h7xx_hal_rcc.o
LOAD ./Drivers/STM32H7xx_HAL_Driver/Src/stm32h7xx_hal_rcc_ex.o
LOAD ./Drivers/STM32H7xx_HAL_Driver/Src/stm32h7xx_hal_sd.o
LOAD ./Drivers/STM32H7xx_HAL_Driver/Src/stm32h7xx_hal_sd_ex.o
LOAD ./Drivers/STM32H7xx_HAL_Driver/Src/stm32h7xx_hal_tim.o
LOAD ./Drivers/STM32H7xx_HAL_Driver/Src/stm32h7xx_hal_tim_ex.o
LOAD ./Drivers/STM32H7xx_HAL_Driver/Src/stm32h7xx_hal_uart.o
LOAD ./Drivers/STM32H7xx_HAL_Driver/Src/stm32h7xx_hal_uart_ex.o
LOAD ./Drivers/STM32H7xx_HAL_Driver/Src/stm32h7xx_ll_delayblock.o
LOAD ./Drivers/STM32H7xx_HAL_Driver/Src/stm32h7xx_ll_sdmmc.o
LOAD ./FATFS/App/fatfs.o
LOAD ./FATFS/Target/bsp_driver_sd.o
LOAD ./FATFS/Target/fatfs_platform.o
LOAD ./FATFS/Target/sd_diskio.o
LOAD ./Middlewares/Third_Party/FatFs/src/diskio.o
LOAD ./Middlewares/Third_Party/FatFs/src/ff.o
LOAD ./Middlewares/Third_Party/FatFs/src/ff_gen_drv.o
LOAD ./Middlewares/Third_Party/FatFs/src/option/ccsbcs.o
LOAD ./Middlewares/Third_Party/FatFs/src/option/syscall.o
START GROUP
LOAD d:/aplicativos/stm32cubeide_1.11.2/stm32cubeide/plugins/com.st.stm32cube.ide.mcu.externaltools.gnu-tools-for-stm32.10.3-2021.10.win32_1.0.100.202210260954/tools/bin/../lib/gcc/arm-none-eabi/10.3.1/../../../../arm-none-eabi/lib/thumb/v7e-m+dp/hard\libc_nano.a
LOAD d:/aplicativos/stm32cubeide_1.11.2/stm32cubeide/plugins/com.st.stm32cube.ide.mcu.externaltools.gnu-tools-for-stm32.10.3-2021.10.win32_1.0.100.202210260954/tools/bin/../lib/gcc/arm-none-eabi/10.3.1/../../../../arm-none-eabi/lib/thumb/v7e-m+dp/hard\libm.a
END GROUP
START GROUP
LOAD d:/aplicativos/stm32cubeide_1.11.2/stm32cubeide/plugins/com.st.stm32cube.ide.mcu.externaltools.gnu-tools-for-stm32.10.3-2021.10.win32_1.0.100.202210260954/tools/bin/../lib/gcc/arm-none-eabi/10.3.1/thumb/v7e-m+dp/hard\libgcc.a
LOAD d:/aplicativos/stm32cubeide_1.11.2/stm32cubeide/plugins/com.st.stm32cube.ide.mcu.externaltools.gnu-tools-for-stm32.10.3-2021.10.win32_1.0.100.202210260954/tools/bin/../lib/gcc/arm-none-eabi/10.3.1/../../../../arm-none-eabi/lib/thumb/v7e-m+dp/hard\libc_nano.a
END GROUP
START GROUP
LOAD d:/aplicativos/stm32cubeide_1.11.2/stm32cubeide/plugins/com.st.stm32cube.ide.mcu.externaltools.gnu-tools-for-stm32.10.3-2021.10.win32_1.0.100.202210260954/tools/bin/../lib/gcc/arm-none-eabi/10.3.1/thumb/v7e-m+dp/hard\libgcc.a
LOAD d:/aplicativos/stm32cubeide_1.11.2/stm32cubeide/plugins/com.st.stm32cube.ide.mcu.externaltools.gnu-tools-for-stm32.10.3-2021.10.win32_1.0.100.202210260954/tools/bin/../lib/gcc/arm-none-eabi/10.3.1/../../../../arm-none-eabi/lib/thumb/v7e-m+dp/hard\libc_nano.a
LOAD d:/aplicativos/stm32cubeide_1.11.2/stm32cubeide/plugins/com.st.stm32cube.ide.mcu.externaltools.gnu-tools-for-stm32.10.3-2021.10.win32_1.0.100.202210260954/tools/bin/../lib/gcc/arm-none-eabi/10.3.1/../../../../arm-none-eabi/lib/thumb/v7e-m+dp/hard\libnosys.a
END GROUP
START GROUP
LOAD d:/aplicativos/stm32cubeide_1.11.2/stm32cubeide/plugins/com.st.stm32cube.ide.mcu.externaltools.gnu-tools-for-stm32.10.3-2021.10.win32_1.0.100.202210260954/tools/bin/../lib/gcc/arm-none-eabi/10.3.1/thumb/v7e-m+dp/hard\libgcc.a
LOAD d:/aplicativos/stm32cubeide_1.11.2/stm32cubeide/plugins/com.st.stm32cube.ide.mcu.externaltools.gnu-tools-for-stm32.10.3-2021.10.win32_1.0.100.202210260954/tools/bin/../lib/gcc/arm-none-eabi/10.3.1/../../../../arm-none-eabi/lib/thumb/v7e-m+dp/hard\libc_nano.a
LOAD d:/aplicativos/stm32cubeide_1.11.2/stm32cubeide/plugins/com.st.stm32cube.ide.mcu.externaltools.gnu-tools-for-stm32.10.3-2021.10.win32_1.0.100.202210260954/tools/bin/../lib/gcc/arm-none-eabi/10.3.1/../../../../arm-none-eabi/lib/thumb/v7e-m+dp/hard\libnosys.a
END GROUP
LOAD d:/aplicativos/stm32cubeide_1.11.2/stm32cubeide/plugins/com.st.stm32cube.ide.mcu.externaltools.gnu-tools-for-stm32.10.3-2021.10.win32_1.0.100.202210260954/tools/bin/../lib/gcc/arm-none-eabi/10.3.1/thumb/v7e-m+dp/hard/crtend.o
LOAD d:/aplicativos/stm32cubeide_1.11.2/stm32cubeide/plugins/com.st.stm32cube.ide.mcu.externaltools.gnu-tools-for-stm32.10.3-2021.10.win32_1.0.100.202210260954/tools/bin/../lib/gcc/arm-none-eabi/10.3.1/thumb/v7e-m+dp/hard/crtn.o
                0x0000000024080000                _estack = (ORIGIN (RAM_D1) + LENGTH (RAM_D1))
                0x0000000000000400                _Min_Heap_Size = 0x400
                0x0000000000000800                _Min_Stack_Size = 0x800

.isr_vector     0x0000000008000000      0x298
                0x0000000008000000                . = ALIGN (0x4)
 *(.isr_vector)
 .isr_vector    0x0000000008000000      0x298 ./Core/Startup/startup_stm32h743vitx.o
                0x0000000008000000                g_pfnVectors
                0x0000000008000298                . = ALIGN (0x4)

.text           0x0000000008000298     0x5f40
                0x0000000008000298                . = ALIGN (0x4)
 *(.text)
 .text          0x0000000008000298       0x40 d:/aplicativos/stm32cubeide_1.11.2/stm32cubeide/plugins/com.st.stm32cube.ide.mcu.externaltools.gnu-tools-for-stm32.10.3-2021.10.win32_1.0.100.202210260954/tools/bin/../lib/gcc/arm-none-eabi/10.3.1/thumb/v7e-m+dp/hard/crtbegin.o
 .text          0x00000000080002d8       0x30 d:/aplicativos/stm32cubeide_1.11.2/stm32cubeide/plugins/com.st.stm32cube.ide.mcu.externaltools.gnu-tools-for-stm32.10.3-2021.10.win32_1.0.100.202210260954/tools/bin/../lib/gcc/arm-none-eabi/10.3.1/thumb/v7e-m+dp/hard\libgcc.a(_aeabi_uldivmod.o)
                0x00000000080002d8                __aeabi_uldivmod
 .text          0x0000000008000308      0x2d0 d:/aplicativos/stm32cubeide_1.11.2/stm32cubeide/plugins/com.st.stm32cube.ide.mcu.externaltools.gnu-tools-for-stm32.10.3-2021.10.win32_1.0.100.202210260954/tools/bin/../lib/gcc/arm-none-eabi/10.3.1/thumb/v7e-m+dp/hard\libgcc.a(_udivmoddi4.o)
                0x0000000008000308                __udivmoddi4
 .text          0x00000000080005d8        0x4 d:/aplicativos/stm32cubeide_1.11.2/stm32cubeide/plugins/com.st.stm32cube.ide.mcu.externaltools.gnu-tools-for-stm32.10.3-2021.10.win32_1.0.100.202210260954/tools/bin/../lib/gcc/arm-none-eabi/10.3.1/thumb/v7e-m+dp/hard\libgcc.a(_dvmd_tls.o)
                0x00000000080005d8                __aeabi_idiv0
                0x00000000080005d8                __aeabi_ldiv0
 *(.text*)
 .text.SD_Criar_Arquivo
                0x00000000080005dc       0x50 ./Core/Src/Funcoes_uSD.o
                0x00000000080005dc                SD_Criar_Arquivo
 .text.SD_Escrever_Arquivo
                0x000000000800062c       0x50 ./Core/Src/Funcoes_uSD.o
                0x000000000800062c                SD_Escrever_Arquivo
 .text.SystemClock_Config
                0x000000000800067c       0xb8 ./Core/Src/main.o
                0x000000000800067c                SystemClock_Config
 .text.startup.main
                0x0000000008000734      0x154 ./Core/Src/main.o
                0x0000000008000734                main
 .text.Error_Handler
                0x0000000008000888        0x4 ./Core/Src/main.o
                0x0000000008000888                Error_Handler
 .text.HAL_MspInit
                0x000000000800088c       0x24 ./Core/Src/stm32h7xx_hal_msp.o
                0x000000000800088c                HAL_MspInit
 .text.HAL_SD_MspInit
                0x00000000080008b0       0xdc ./Core/Src/stm32h7xx_hal_msp.o
                0x00000000080008b0                HAL_SD_MspInit
 .text.HAL_UART_MspInit
                0x000000000800098c       0x94 ./Core/Src/stm32h7xx_hal_msp.o
                0x000000000800098c                HAL_UART_MspInit
 .text.NMI_Handler
                0x0000000008000a20        0x2 ./Core/Src/stm32h7xx_it.o
                0x0000000008000a20                NMI_Handler
 .text.HardFault_Handler
                0x0000000008000a22        0x2 ./Core/Src/stm32h7xx_it.o
                0x0000000008000a22                HardFault_Handler
 .text.MemManage_Handler
                0x0000000008000a24        0x2 ./Core/Src/stm32h7xx_it.o
                0x0000000008000a24                MemManage_Handler
 .text.BusFault_Handler
                0x0000000008000a26        0x2 ./Core/Src/stm32h7xx_it.o
                0x0000000008000a26                BusFault_Handler
 .text.UsageFault_Handler
                0x0000000008000a28        0x2 ./Core/Src/stm32h7xx_it.o
                0x0000000008000a28                UsageFault_Handler
 .text.SVC_Handler
                0x0000000008000a2a        0x2 ./Core/Src/stm32h7xx_it.o
                0x0000000008000a2a                SVC_Handler
 .text.DebugMon_Handler
                0x0000000008000a2c        0x2 ./Core/Src/stm32h7xx_it.o
                0x0000000008000a2c                DebugMon_Handler
 .text.PendSV_Handler
                0x0000000008000a2e        0x2 ./Core/Src/stm32h7xx_it.o
                0x0000000008000a2e                PendSV_Handler
 .text.SysTick_Handler
                0x0000000008000a30        0x4 ./Core/Src/stm32h7xx_it.o
                0x0000000008000a30                SysTick_Handler
 .text.SDMMC1_IRQHandler
                0x0000000008000a34        0xc ./Core/Src/stm32h7xx_it.o
                0x0000000008000a34                SDMMC1_IRQHandler
 .text.SystemInit
                0x0000000008000a40       0xc0 ./Core/Src/system_stm32h7xx.o
                0x0000000008000a40                SystemInit
 .text.Reset_Handler
                0x0000000008000b00       0x50 ./Core/Startup/startup_stm32h743vitx.o
                0x0000000008000b00                Reset_Handler
 .text.Default_Handler
                0x0000000008000b50        0x2 ./Core/Startup/startup_stm32h743vitx.o
                0x0000000008000b50                RTC_Alarm_IRQHandler
                0x0000000008000b50                EXTI2_IRQHandler
                0x0000000008000b50                TIM8_CC_IRQHandler
                0x0000000008000b50                HRTIM1_Master_IRQHandler
                0x0000000008000b50                UART8_IRQHandler
                0x0000000008000b50                SPI4_IRQHandler
                0x0000000008000b50                TIM1_CC_IRQHandler
                0x0000000008000b50                BDMA_Channel6_IRQHandler
                0x0000000008000b50                DMA2_Stream5_IRQHandler
                0x0000000008000b50                HRTIM1_FLT_IRQHandler
                0x0000000008000b50                JPEG_IRQHandler
                0x0000000008000b50                DMA1_Stream5_IRQHandler
                0x0000000008000b50                BDMA_Channel1_IRQHandler
                0x0000000008000b50                HRTIM1_TIMD_IRQHandler
                0x0000000008000b50                TAMP_STAMP_IRQHandler
                0x0000000008000b50                EXTI3_IRQHandler
                0x0000000008000b50                LPTIM4_IRQHandler
                0x0000000008000b50                TIM8_TRG_COM_TIM14_IRQHandler
                0x0000000008000b50                LPTIM2_IRQHandler
                0x0000000008000b50                DFSDM1_FLT1_IRQHandler
                0x0000000008000b50                DMAMUX2_OVR_IRQHandler
                0x0000000008000b50                TIM8_UP_TIM13_IRQHandler
                0x0000000008000b50                I2C3_ER_IRQHandler
                0x0000000008000b50                DFSDM1_FLT2_IRQHandler
                0x0000000008000b50                MDMA_IRQHandler
                0x0000000008000b50                LPTIM3_IRQHandler
                0x0000000008000b50                HSEM1_IRQHandler
                0x0000000008000b50                EXTI0_IRQHandler
                0x0000000008000b50                I2C2_EV_IRQHandler
                0x0000000008000b50                DMA1_Stream2_IRQHandler
                0x0000000008000b50                FPU_IRQHandler
                0x0000000008000b50                OTG_HS_WKUP_IRQHandler
                0x0000000008000b50                FDCAN1_IT1_IRQHandler
                0x0000000008000b50                LTDC_ER_IRQHandler
                0x0000000008000b50                DMA2_Stream2_IRQHandler
                0x0000000008000b50                HRTIM1_TIME_IRQHandler
                0x0000000008000b50                SPI1_IRQHandler
                0x0000000008000b50                TIM6_DAC_IRQHandler
                0x0000000008000b50                DCMI_IRQHandler
                0x0000000008000b50                HRTIM1_TIMC_IRQHandler
                0x0000000008000b50                DMA2_Stream3_IRQHandler
                0x0000000008000b50                SAI2_IRQHandler
                0x0000000008000b50                DFSDM1_FLT3_IRQHandler
                0x0000000008000b50                USART6_IRQHandler
                0x0000000008000b50                TIM17_IRQHandler
                0x0000000008000b50                USART3_IRQHandler
                0x0000000008000b50                BDMA_Channel7_IRQHandler
                0x0000000008000b50                LPTIM5_IRQHandler
                0x0000000008000b50                UART5_IRQHandler
                0x0000000008000b50                ADC3_IRQHandler
                0x0000000008000b50                DMA2_Stream0_IRQHandler
                0x0000000008000b50                TIM4_IRQHandler
                0x0000000008000b50                BDMA_Channel2_IRQHandler
                0x0000000008000b50                QUADSPI_IRQHandler
                0x0000000008000b50                I2C1_EV_IRQHandler
                0x0000000008000b50                DMA1_Stream6_IRQHandler
                0x0000000008000b50                DMAMUX1_OVR_IRQHandler
                0x0000000008000b50                DMA1_Stream1_IRQHandler
                0x0000000008000b50                TIM16_IRQHandler
                0x0000000008000b50                UART4_IRQHandler
                0x0000000008000b50                BDMA_Channel5_IRQHandler
                0x0000000008000b50                TIM3_IRQHandler
                0x0000000008000b50                RCC_IRQHandler
                0x0000000008000b50                TIM8_BRK_TIM12_IRQHandler
                0x0000000008000b50                TIM1_TRG_COM_IRQHandler
                0x0000000008000b50                Default_Handler
                0x0000000008000b50                ECC_IRQHandler
                0x0000000008000b50                CEC_IRQHandler
                0x0000000008000b50                EXTI15_10_IRQHandler
                0x0000000008000b50                BDMA_Channel0_IRQHandler
                0x0000000008000b50                ADC_IRQHandler
                0x0000000008000b50                DMA1_Stream7_IRQHandler
                0x0000000008000b50                HRTIM1_TIMA_IRQHandler
                0x0000000008000b50                SPI5_IRQHandler
                0x0000000008000b50                TIM7_IRQHandler
                0x0000000008000b50                TIM5_IRQHandler
                0x0000000008000b50                DMA2_Stream7_IRQHandler
                0x0000000008000b50                TIM15_IRQHandler
                0x0000000008000b50                PVD_AVD_IRQHandler
                0x0000000008000b50                I2C3_EV_IRQHandler
                0x0000000008000b50                EXTI9_5_IRQHandler
                0x0000000008000b50                RTC_WKUP_IRQHandler
                0x0000000008000b50                LTDC_IRQHandler
                0x0000000008000b50                SAI3_IRQHandler
                0x0000000008000b50                ETH_WKUP_IRQHandler
                0x0000000008000b50                SPDIF_RX_IRQHandler
                0x0000000008000b50                SPI2_IRQHandler
                0x0000000008000b50                OTG_HS_EP1_IN_IRQHandler
                0x0000000008000b50                DMA1_Stream0_IRQHandler
                0x0000000008000b50                CRS_IRQHandler
                0x0000000008000b50                EXTI4_IRQHandler
                0x0000000008000b50                RNG_IRQHandler
                0x0000000008000b50                HRTIM1_TIMB_IRQHandler
                0x0000000008000b50                FDCAN2_IT1_IRQHandler
                0x0000000008000b50                ETH_IRQHandler
                0x0000000008000b50                TIM1_UP_IRQHandler
                0x0000000008000b50                BDMA_Channel4_IRQHandler
                0x0000000008000b50                OTG_HS_EP1_OUT_IRQHandler
                0x0000000008000b50                WWDG_IRQHandler
                0x0000000008000b50                SPI6_IRQHandler
                0x0000000008000b50                MDIOS_IRQHandler
                0x0000000008000b50                I2C4_EV_IRQHandler
                0x0000000008000b50                FDCAN2_IT0_IRQHandler
                0x0000000008000b50                LPUART1_IRQHandler
                0x0000000008000b50                FDCAN1_IT0_IRQHandler
                0x0000000008000b50                TIM2_IRQHandler
                0x0000000008000b50                OTG_FS_WKUP_IRQHandler
                0x0000000008000b50                OTG_HS_IRQHandler
                0x0000000008000b50                DMA2D_IRQHandler
                0x0000000008000b50                TIM1_BRK_IRQHandler
                0x0000000008000b50                EXTI1_IRQHandler
                0x0000000008000b50                SDMMC2_IRQHandler
                0x0000000008000b50                OTG_FS_EP1_OUT_IRQHandler
                0x0000000008000b50                BDMA_Channel3_IRQHandler
                0x0000000008000b50                UART7_IRQHandler
                0x0000000008000b50                MDIOS_WKUP_IRQHandler
                0x0000000008000b50                USART2_IRQHandler
                0x0000000008000b50                DFSDM1_FLT0_IRQHandler
                0x0000000008000b50                SAI4_IRQHandler
                0x0000000008000b50                I2C2_ER_IRQHandler
                0x0000000008000b50                DMA2_Stream1_IRQHandler
                0x0000000008000b50                FLASH_IRQHandler
                0x0000000008000b50                DMA2_Stream4_IRQHandler
                0x0000000008000b50                USART1_IRQHandler
                0x0000000008000b50                OTG_FS_IRQHandler
                0x0000000008000b50                SPI3_IRQHandler
                0x0000000008000b50                WAKEUP_PIN_IRQHandler
                0x0000000008000b50                DMA1_Stream4_IRQHandler
                0x0000000008000b50                OTG_FS_EP1_IN_IRQHandler
                0x0000000008000b50                I2C1_ER_IRQHandler
                0x0000000008000b50                FMC_IRQHandler
                0x0000000008000b50                FDCAN_CAL_IRQHandler
                0x0000000008000b50                SWPMI1_IRQHandler
                0x0000000008000b50                COMP1_IRQHandler
                0x0000000008000b50                LPTIM1_IRQHandler
                0x0000000008000b50                I2C4_ER_IRQHandler
                0x0000000008000b50                DMA2_Stream6_IRQHandler
                0x0000000008000b50                SAI1_IRQHandler
                0x0000000008000b50                DMA1_Stream3_IRQHandler
 *fill*         0x0000000008000b52        0x2 
 .text.HAL_InitTick
                0x0000000008000b54       0x4c ./Drivers/STM32H7xx_HAL_Driver/Src/stm32h7xx_hal.o
                0x0000000008000b54                HAL_InitTick
 .text.HAL_Init
                0x0000000008000ba0       0x5c ./Drivers/STM32H7xx_HAL_Driver/Src/stm32h7xx_hal.o
                0x0000000008000ba0                HAL_Init
 .text.HAL_IncTick
                0x0000000008000bfc       0x18 ./Drivers/STM32H7xx_HAL_Driver/Src/stm32h7xx_hal.o
                0x0000000008000bfc                HAL_IncTick
 .text.HAL_GetTick
                0x0000000008000c14        0xc ./Drivers/STM32H7xx_HAL_Driver/Src/stm32h7xx_hal.o
                0x0000000008000c14                HAL_GetTick
 .text.HAL_Delay
                0x0000000008000c20       0x24 ./Drivers/STM32H7xx_HAL_Driver/Src/stm32h7xx_hal.o
                0x0000000008000c20                HAL_Delay
 .text.HAL_GetREVID
                0x0000000008000c44        0xc ./Drivers/STM32H7xx_HAL_Driver/Src/stm32h7xx_hal.o
                0x0000000008000c44                HAL_GetREVID
 .text.HAL_NVIC_SetPriorityGrouping
                0x0000000008000c50       0x24 ./Drivers/STM32H7xx_HAL_Driver/Src/stm32h7xx_hal_cortex.o
                0x0000000008000c50                HAL_NVIC_SetPriorityGrouping
 .text.HAL_NVIC_SetPriority
                0x0000000008000c74       0x64 ./Drivers/STM32H7xx_HAL_Driver/Src/stm32h7xx_hal_cortex.o
                0x0000000008000c74                HAL_NVIC_SetPriority
 .text.HAL_NVIC_EnableIRQ
                0x0000000008000cd8       0x1c ./Drivers/STM32H7xx_HAL_Driver/Src/stm32h7xx_hal_cortex.o
                0x0000000008000cd8                HAL_NVIC_EnableIRQ
 .text.HAL_SYSTICK_Config
                0x0000000008000cf4       0x28 ./Drivers/STM32H7xx_HAL_Driver/Src/stm32h7xx_hal_cortex.o
                0x0000000008000cf4                HAL_SYSTICK_Config
 .text.HAL_GPIO_Init
                0x0000000008000d1c      0x1d8 ./Drivers/STM32H7xx_HAL_Driver/Src/stm32h7xx_hal_gpio.o
                0x0000000008000d1c                HAL_GPIO_Init
 .text.HAL_GPIO_ReadPin
                0x0000000008000ef4        0xc ./Drivers/STM32H7xx_HAL_Driver/Src/stm32h7xx_hal_gpio.o
                0x0000000008000ef4                HAL_GPIO_ReadPin
 .text.HAL_GPIO_WritePin
                0x0000000008000f00        0xa ./Drivers/STM32H7xx_HAL_Driver/Src/stm32h7xx_hal_gpio.o
                0x0000000008000f00                HAL_GPIO_WritePin
 .text.HAL_GPIO_TogglePin
                0x0000000008000f0a       0x12 ./Drivers/STM32H7xx_HAL_Driver/Src/stm32h7xx_hal_gpio.o
                0x0000000008000f0a                HAL_GPIO_TogglePin
 .text.HAL_PWREx_ConfigSupply
                0x0000000008000f1c       0x48 ./Drivers/STM32H7xx_HAL_Driver/Src/stm32h7xx_hal_pwr_ex.o
                0x0000000008000f1c                HAL_PWREx_ConfigSupply
 .text.HAL_RCC_OscConfig
                0x0000000008000f64      0x568 ./Drivers/STM32H7xx_HAL_Driver/Src/stm32h7xx_hal_rcc.o
                0x0000000008000f64                HAL_RCC_OscConfig
 .text.HAL_RCC_GetSysClockFreq
                0x00000000080014cc      0x140 ./Drivers/STM32H7xx_HAL_Driver/Src/stm32h7xx_hal_rcc.o
                0x00000000080014cc                HAL_RCC_GetSysClockFreq
 .text.HAL_RCC_ClockConfig
                0x000000000800160c      0x24c ./Drivers/STM32H7xx_HAL_Driver/Src/stm32h7xx_hal_rcc.o
                0x000000000800160c                HAL_RCC_ClockConfig
 .text.HAL_RCC_GetHCLKFreq
                0x0000000008001858       0x44 ./Drivers/STM32H7xx_HAL_Driver/Src/stm32h7xx_hal_rcc.o
                0x0000000008001858                HAL_RCC_GetHCLKFreq
 .text.HAL_RCC_GetPCLK1Freq
                0x000000000800189c       0x24 ./Drivers/STM32H7xx_HAL_Driver/Src/stm32h7xx_hal_rcc.o
                0x000000000800189c                HAL_RCC_GetPCLK1Freq
 .text.HAL_RCC_GetPCLK2Freq
                0x00000000080018c0       0x24 ./Drivers/STM32H7xx_HAL_Driver/Src/stm32h7xx_hal_rcc.o
                0x00000000080018c0                HAL_RCC_GetPCLK2Freq
 .text.RCCEx_PLL2_Config
                0x00000000080018e4       0xf0 ./Drivers/STM32H7xx_HAL_Driver/Src/stm32h7xx_hal_rcc_ex.o
 .text.RCCEx_PLL3_Config
                0x00000000080019d4       0xf0 ./Drivers/STM32H7xx_HAL_Driver/Src/stm32h7xx_hal_rcc_ex.o
 .text.HAL_RCCEx_PeriphCLKConfig
                0x0000000008001ac4      0xa28 ./Drivers/STM32H7xx_HAL_Driver/Src/stm32h7xx_hal_rcc_ex.o
                0x0000000008001ac4                HAL_RCCEx_PeriphCLKConfig
 .text.HAL_RCCEx_GetD3PCLK1Freq
                0x00000000080024ec       0x24 ./Drivers/STM32H7xx_HAL_Driver/Src/stm32h7xx_hal_rcc_ex.o
                0x00000000080024ec                HAL_RCCEx_GetD3PCLK1Freq
 .text.HAL_RCCEx_GetPLL2ClockFreq
                0x0000000008002510      0x150 ./Drivers/STM32H7xx_HAL_Driver/Src/stm32h7xx_hal_rcc_ex.o
                0x0000000008002510                HAL_RCCEx_GetPLL2ClockFreq
 .text.HAL_RCCEx_GetPLL3ClockFreq
                0x0000000008002660      0x150 ./Drivers/STM32H7xx_HAL_Driver/Src/stm32h7xx_hal_rcc_ex.o
                0x0000000008002660                HAL_RCCEx_GetPLL3ClockFreq
 .text.HAL_RCCEx_GetPLL1ClockFreq
                0x00000000080027b0      0x150 ./Drivers/STM32H7xx_HAL_Driver/Src/stm32h7xx_hal_rcc_ex.o
                0x00000000080027b0                HAL_RCCEx_GetPLL1ClockFreq
 .text.HAL_RCCEx_GetPeriphCLKFreq
                0x0000000008002900      0x30c ./Drivers/STM32H7xx_HAL_Driver/Src/stm32h7xx_hal_rcc_ex.o
                0x0000000008002900                HAL_RCCEx_GetPeriphCLKFreq
 .text.SD_FindSCR
                0x0000000008002c0c       0xcc ./Drivers/STM32H7xx_HAL_Driver/Src/stm32h7xx_hal_sd.o
 .text.HAL_SD_ReadBlocks_DMA
                0x0000000008002cd8       0xd4 ./Drivers/STM32H7xx_HAL_Driver/Src/stm32h7xx_hal_sd.o
                0x0000000008002cd8                HAL_SD_ReadBlocks_DMA
 .text.HAL_SD_WriteBlocks_DMA
                0x0000000008002dac       0xd4 ./Drivers/STM32H7xx_HAL_Driver/Src/stm32h7xx_hal_sd.o
                0x0000000008002dac                HAL_SD_WriteBlocks_DMA
 .text.HAL_SD_ErrorCallback
                0x0000000008002e80        0x2 ./Drivers/STM32H7xx_HAL_Driver/Src/stm32h7xx_hal_sd.o
                0x0000000008002e80                HAL_SD_ErrorCallback
 *fill*         0x0000000008002e82        0x2 
 .text.HAL_SD_GetCardCSD
                0x0000000008002e84      0x16c ./Drivers/STM32H7xx_HAL_Driver/Src/stm32h7xx_hal_sd.o
                0x0000000008002e84                HAL_SD_GetCardCSD
 .text.HAL_SD_InitCard
                0x0000000008002ff0      0x238 ./Drivers/STM32H7xx_HAL_Driver/Src/stm32h7xx_hal_sd.o
                0x0000000008002ff0                HAL_SD_InitCard
 .text.HAL_SD_GetCardStatus
                0x0000000008003228      0x18c ./Drivers/STM32H7xx_HAL_Driver/Src/stm32h7xx_hal_sd.o
                0x0000000008003228                HAL_SD_GetCardStatus
 .text.HAL_SD_GetCardInfo
                0x00000000080033b4       0x24 ./Drivers/STM32H7xx_HAL_Driver/Src/stm32h7xx_hal_sd.o
                0x00000000080033b4                HAL_SD_GetCardInfo
 .text.HAL_SD_ConfigWideBusOperation
                0x00000000080033d8      0x184 ./Drivers/STM32H7xx_HAL_Driver/Src/stm32h7xx_hal_sd.o
                0x00000000080033d8                HAL_SD_ConfigWideBusOperation
 .text.HAL_SD_GetCardState
                0x000000000800355c       0x28 ./Drivers/STM32H7xx_HAL_Driver/Src/stm32h7xx_hal_sd.o
                0x000000000800355c                HAL_SD_GetCardState
 .text.HAL_SD_Init
                0x0000000008003584       0xa6 ./Drivers/STM32H7xx_HAL_Driver/Src/stm32h7xx_hal_sd.o
                0x0000000008003584                HAL_SD_Init
 .text.HAL_SDEx_Read_DMADoubleBuf0CpltCallback
                0x000000000800362a        0x2 ./Drivers/STM32H7xx_HAL_Driver/Src/stm32h7xx_hal_sd.o
                0x000000000800362a                HAL_SDEx_Read_DMADoubleBuf0CpltCallback
 .text.HAL_SDEx_Read_DMADoubleBuf1CpltCallback
                0x000000000800362c        0x2 ./Drivers/STM32H7xx_HAL_Driver/Src/stm32h7xx_hal_sd.o
                0x000000000800362c                HAL_SDEx_Read_DMADoubleBuf1CpltCallback
 .text.HAL_SDEx_Write_DMADoubleBuf0CpltCallback
                0x000000000800362e        0x2 ./Drivers/STM32H7xx_HAL_Driver/Src/stm32h7xx_hal_sd.o
                0x000000000800362e                HAL_SDEx_Write_DMADoubleBuf0CpltCallback
 .text.HAL_SDEx_Write_DMADoubleBuf1CpltCallback
                0x0000000008003630        0x2 ./Drivers/STM32H7xx_HAL_Driver/Src/stm32h7xx_hal_sd.o
                0x0000000008003630                HAL_SDEx_Write_DMADoubleBuf1CpltCallback
 *fill*         0x0000000008003632        0x2 
 .text.HAL_SD_IRQHandler
                0x0000000008003634      0x244 ./Drivers/STM32H7xx_HAL_Driver/Src/stm32h7xx_hal_sd.o
                0x0000000008003634                HAL_SD_IRQHandler
 .text.UART_EndRxTransfer
                0x0000000008003878       0x58 ./Drivers/STM32H7xx_HAL_Driver/Src/stm32h7xx_hal_uart.o
 .text.UART_SetConfig
                0x00000000080038d0      0x38c ./Drivers/STM32H7xx_HAL_Driver/Src/stm32h7xx_hal_uart.o
                0x00000000080038d0                UART_SetConfig
 .text.UART_AdvFeatureConfig
                0x0000000008003c5c       0xaa ./Drivers/STM32H7xx_HAL_Driver/Src/stm32h7xx_hal_uart.o
                0x0000000008003c5c                UART_AdvFeatureConfig
 .text.UART_WaitOnFlagUntilTimeout
                0x0000000008003d06       0x88 ./Drivers/STM32H7xx_HAL_Driver/Src/stm32h7xx_hal_uart.o
                0x0000000008003d06                UART_WaitOnFlagUntilTimeout
 .text.UART_CheckIdleState
                0x0000000008003d8e       0xba ./Drivers/STM32H7xx_HAL_Driver/Src/stm32h7xx_hal_uart.o
                0x0000000008003d8e                UART_CheckIdleState
 .text.HAL_UART_Init
                0x0000000008003e48       0x60 ./Drivers/STM32H7xx_HAL_Driver/Src/stm32h7xx_hal_uart.o
                0x0000000008003e48                HAL_UART_Init
 .text.UARTEx_SetNbDataToProcess
                0x0000000008003ea8       0x44 ./Drivers/STM32H7xx_HAL_Driver/Src/stm32h7xx_hal_uart_ex.o
 .text.HAL_UARTEx_DisableFifoMode
                0x0000000008003eec       0x36 ./Drivers/STM32H7xx_HAL_Driver/Src/stm32h7xx_hal_uart_ex.o
                0x0000000008003eec                HAL_UARTEx_DisableFifoMode
 .text.HAL_UARTEx_SetTxFifoThreshold
                0x0000000008003f22       0x48 ./Drivers/STM32H7xx_HAL_Driver/Src/stm32h7xx_hal_uart_ex.o
                0x0000000008003f22                HAL_UARTEx_SetTxFifoThreshold
 .text.HAL_UARTEx_SetRxFifoThreshold
                0x0000000008003f6a       0x48 ./Drivers/STM32H7xx_HAL_Driver/Src/stm32h7xx_hal_uart_ex.o
                0x0000000008003f6a                HAL_UARTEx_SetRxFifoThreshold
 *fill*         0x0000000008003fb2        0x2 
 .text.SDMMC_Init
                0x0000000008003fb4       0x34 ./Drivers/STM32H7xx_HAL_Driver/Src/stm32h7xx_ll_sdmmc.o
                0x0000000008003fb4                SDMMC_Init
 .text.SDMMC_ReadFIFO
                0x0000000008003fe8        0x6 ./Drivers/STM32H7xx_HAL_Driver/Src/stm32h7xx_ll_sdmmc.o
                0x0000000008003fe8                SDMMC_ReadFIFO
 .text.SDMMC_WriteFIFO
                0x0000000008003fee        0xa ./Drivers/STM32H7xx_HAL_Driver/Src/stm32h7xx_ll_sdmmc.o
                0x0000000008003fee                SDMMC_WriteFIFO
 .text.SDMMC_PowerState_ON
                0x0000000008003ff8        0xc ./Drivers/STM32H7xx_HAL_Driver/Src/stm32h7xx_ll_sdmmc.o
                0x0000000008003ff8                SDMMC_PowerState_ON
 .text.SDMMC_GetPowerState
                0x0000000008004004        0x8 ./Drivers/STM32H7xx_HAL_Driver/Src/stm32h7xx_ll_sdmmc.o
                0x0000000008004004                SDMMC_GetPowerState
 .text.SDMMC_SendCommand
                0x000000000800400c       0x28 ./Drivers/STM32H7xx_HAL_Driver/Src/stm32h7xx_ll_sdmmc.o
                0x000000000800400c                SDMMC_SendCommand
 .text.SDMMC_GetResponse
                0x0000000008004034        0x6 ./Drivers/STM32H7xx_HAL_Driver/Src/stm32h7xx_ll_sdmmc.o
                0x0000000008004034                SDMMC_GetResponse
 .text.SDMMC_ConfigData
                0x000000000800403a       0x26 ./Drivers/STM32H7xx_HAL_Driver/Src/stm32h7xx_ll_sdmmc.o
                0x000000000800403a                SDMMC_ConfigData
 .text.SDMMC_CmdGoIdleState
                0x0000000008004060       0x50 ./Drivers/STM32H7xx_HAL_Driver/Src/stm32h7xx_ll_sdmmc.o
                0x0000000008004060                SDMMC_CmdGoIdleState
 .text.SDMMC_GetCmdResp1
                0x00000000080040b0      0x128 ./Drivers/STM32H7xx_HAL_Driver/Src/stm32h7xx_ll_sdmmc.o
                0x00000000080040b0                SDMMC_GetCmdResp1
 .text.SDMMC_CmdBlockLength
                0x00000000080041d8       0x32 ./Drivers/STM32H7xx_HAL_Driver/Src/stm32h7xx_ll_sdmmc.o
                0x00000000080041d8                SDMMC_CmdBlockLength
 .text.SDMMC_CmdReadSingleBlock
                0x000000000800420a       0x32 ./Drivers/STM32H7xx_HAL_Driver/Src/stm32h7xx_ll_sdmmc.o
                0x000000000800420a                SDMMC_CmdReadSingleBlock
 .text.SDMMC_CmdReadMultiBlock
                0x000000000800423c       0x32 ./Drivers/STM32H7xx_HAL_Driver/Src/stm32h7xx_ll_sdmmc.o
                0x000000000800423c                SDMMC_CmdReadMultiBlock
 .text.SDMMC_CmdWriteSingleBlock
                0x000000000800426e       0x32 ./Drivers/STM32H7xx_HAL_Driver/Src/stm32h7xx_ll_sdmmc.o
                0x000000000800426e                SDMMC_CmdWriteSingleBlock
 .text.SDMMC_CmdWriteMultiBlock
                0x00000000080042a0       0x32 ./Drivers/STM32H7xx_HAL_Driver/Src/stm32h7xx_ll_sdmmc.o
                0x00000000080042a0                SDMMC_CmdWriteMultiBlock
 *fill*         0x00000000080042d2        0x2 
 .text.SDMMC_CmdStopTransfer
                0x00000000080042d4       0x54 ./Drivers/STM32H7xx_HAL_Driver/Src/stm32h7xx_ll_sdmmc.o
                0x00000000080042d4                SDMMC_CmdStopTransfer
 .text.SDMMC_CmdSelDesel
                0x0000000008004328       0x32 ./Drivers/STM32H7xx_HAL_Driver/Src/stm32h7xx_ll_sdmmc.o
                0x0000000008004328                SDMMC_CmdSelDesel
 .text.SDMMC_CmdAppCommand
                0x000000000800435a       0x32 ./Drivers/STM32H7xx_HAL_Driver/Src/stm32h7xx_ll_sdmmc.o
                0x000000000800435a                SDMMC_CmdAppCommand
 .text.SDMMC_CmdBusWidth
                0x000000000800438c       0x32 ./Drivers/STM32H7xx_HAL_Driver/Src/stm32h7xx_ll_sdmmc.o
                0x000000000800438c                SDMMC_CmdBusWidth
 .text.SDMMC_CmdSendSCR
                0x00000000080043be       0x32 ./Drivers/STM32H7xx_HAL_Driver/Src/stm32h7xx_ll_sdmmc.o
                0x00000000080043be                SDMMC_CmdSendSCR
 .text.SDMMC_CmdSendStatus
                0x00000000080043f0       0x32 ./Drivers/STM32H7xx_HAL_Driver/Src/stm32h7xx_ll_sdmmc.o
                0x00000000080043f0                SDMMC_CmdSendStatus
 .text.SDMMC_CmdStatusRegister
                0x0000000008004422       0x32 ./Drivers/STM32H7xx_HAL_Driver/Src/stm32h7xx_ll_sdmmc.o
                0x0000000008004422                SDMMC_CmdStatusRegister
 .text.SDMMC_GetCmdResp2
                0x0000000008004454       0x50 ./Drivers/STM32H7xx_HAL_Driver/Src/stm32h7xx_ll_sdmmc.o
                0x0000000008004454                SDMMC_GetCmdResp2
 .text.SDMMC_CmdSendCID
                0x00000000080044a4       0x2c ./Drivers/STM32H7xx_HAL_Driver/Src/stm32h7xx_ll_sdmmc.o
                0x00000000080044a4                SDMMC_CmdSendCID
 .text.SDMMC_CmdSendCSD
                0x00000000080044d0       0x2c ./Drivers/STM32H7xx_HAL_Driver/Src/stm32h7xx_ll_sdmmc.o
                0x00000000080044d0                SDMMC_CmdSendCSD
 .text.SDMMC_GetCmdResp3
                0x00000000080044fc       0x48 ./Drivers/STM32H7xx_HAL_Driver/Src/stm32h7xx_ll_sdmmc.o
                0x00000000080044fc                SDMMC_GetCmdResp3
 .text.SDMMC_CmdAppOperCommand
                0x0000000008004544       0x2c ./Drivers/STM32H7xx_HAL_Driver/Src/stm32h7xx_ll_sdmmc.o
                0x0000000008004544                SDMMC_CmdAppOperCommand
 .text.SDMMC_GetCmdResp6
                0x0000000008004570       0x88 ./Drivers/STM32H7xx_HAL_Driver/Src/stm32h7xx_ll_sdmmc.o
                0x0000000008004570                SDMMC_GetCmdResp6
 .text.SDMMC_CmdSetRelAdd
                0x00000000080045f8       0x32 ./Drivers/STM32H7xx_HAL_Driver/Src/stm32h7xx_ll_sdmmc.o
                0x00000000080045f8                SDMMC_CmdSetRelAdd
 *fill*         0x000000000800462a        0x2 
 .text.SDMMC_GetCmdResp7
                0x000000000800462c       0x54 ./Drivers/STM32H7xx_HAL_Driver/Src/stm32h7xx_ll_sdmmc.o
                0x000000000800462c                SDMMC_GetCmdResp7
 .text.SDMMC_CmdOperCond
                0x0000000008004680       0x30 ./Drivers/STM32H7xx_HAL_Driver/Src/stm32h7xx_ll_sdmmc.o
                0x0000000008004680                SDMMC_CmdOperCond
 .text.MX_FATFS_Init
                0x00000000080046b0       0x1c ./FATFS/App/fatfs.o
                0x00000000080046b0                MX_FATFS_Init
 .text.get_fattime
                0x00000000080046cc        0x4 ./FATFS/App/fatfs.o
                0x00000000080046cc                get_fattime
 .text.BSP_SD_ReadBlocks_DMA
                0x00000000080046d0       0x1c ./FATFS/Target/bsp_driver_sd.o
                0x00000000080046d0                BSP_SD_ReadBlocks_DMA
 .text.BSP_SD_WriteBlocks_DMA
                0x00000000080046ec       0x1c ./FATFS/Target/bsp_driver_sd.o
                0x00000000080046ec                BSP_SD_WriteBlocks_DMA
 .text.BSP_SD_GetCardState
                0x0000000008004708       0x14 ./FATFS/Target/bsp_driver_sd.o
                0x0000000008004708                BSP_SD_GetCardState
 .text.BSP_SD_GetCardInfo
                0x000000000800471c        0xc ./FATFS/Target/bsp_driver_sd.o
                0x000000000800471c                BSP_SD_GetCardInfo
 .text.HAL_SD_TxCpltCallback
                0x0000000008004728        0x8 ./FATFS/Target/bsp_driver_sd.o
                0x0000000008004728                HAL_SD_TxCpltCallback
 .text.HAL_SD_RxCpltCallback
                0x0000000008004730        0x8 ./FATFS/Target/bsp_driver_sd.o
                0x0000000008004730                HAL_SD_RxCpltCallback
 .text.BSP_SD_IsDetected
                0x0000000008004738       0x1c ./FATFS/Target/bsp_driver_sd.o
                0x0000000008004738                BSP_SD_IsDetected
 .text.BSP_SD_Init
                0x0000000008004754       0x2c ./FATFS/Target/bsp_driver_sd.o
                0x0000000008004754                BSP_SD_Init
 .text.BSP_PlatformIsDetected
                0x0000000008004780       0x18 ./FATFS/Target/fatfs_platform.o
                0x0000000008004780                BSP_PlatformIsDetected
 .text.SD_ioctl
                0x0000000008004798       0x54 ./FATFS/Target/sd_diskio.o
                0x0000000008004798                SD_ioctl
 .text.SD_status
                0x00000000080047ec       0x20 ./FATFS/Target/sd_diskio.o
                0x00000000080047ec                SD_status
 .text.SD_CheckStatusWithTimeout.constprop.0
                0x000000000800480c       0x26 ./FATFS/Target/sd_diskio.o
 *fill*         0x0000000008004832        0x2 
 .text.SD_write
                0x0000000008004834       0x70 ./FATFS/Target/sd_diskio.o
                0x0000000008004834                SD_write
 .text.SD_read  0x00000000080048a4       0x6c ./FATFS/Target/sd_diskio.o
                0x00000000080048a4                SD_read
 .text.SD_initialize
                0x0000000008004910       0x2c ./FATFS/Target/sd_diskio.o
                0x0000000008004910                SD_initialize
 .text.BSP_SD_WriteCpltCallback
                0x000000000800493c        0xc ./FATFS/Target/sd_diskio.o
                0x000000000800493c                BSP_SD_WriteCpltCallback
 .text.BSP_SD_ReadCpltCallback
                0x0000000008004948        0xc ./FATFS/Target/sd_diskio.o
                0x0000000008004948                BSP_SD_ReadCpltCallback
 .text.disk_status
                0x0000000008004954       0x14 ./Middlewares/Third_Party/FatFs/src/diskio.o
                0x0000000008004954                disk_status
 .text.disk_initialize
                0x0000000008004968       0x20 ./Middlewares/Third_Party/FatFs/src/diskio.o
                0x0000000008004968                disk_initialize
 .text.disk_read
                0x0000000008004988       0x1c ./Middlewares/Third_Party/FatFs/src/diskio.o
                0x0000000008004988                disk_read
 .text.disk_write
                0x00000000080049a4       0x1c ./Middlewares/Third_Party/FatFs/src/diskio.o
                0x00000000080049a4                disk_write
 .text.disk_ioctl
                0x00000000080049c0       0x1c ./Middlewares/Third_Party/FatFs/src/diskio.o
                0x00000000080049c0                disk_ioctl
 .text.ld_dword
                0x00000000080049dc        0x4 ./Middlewares/Third_Party/FatFs/src/ff.o
 .text.st_dword
                0x00000000080049e0       0x10 ./Middlewares/Third_Party/FatFs/src/ff.o
 .text.mem_set  0x00000000080049f0        0xc ./Middlewares/Third_Party/FatFs/src/ff.o
 .text.chk_lock
                0x00000000080049fc       0x74 ./Middlewares/Third_Party/FatFs/src/ff.o
 .text.inc_lock
                0x0000000008004a70       0x84 ./Middlewares/Third_Party/FatFs/src/ff.o
 .text.dec_lock
                0x0000000008004af4       0x3c ./Middlewares/Third_Party/FatFs/src/ff.o
 .text.clear_lock
                0x0000000008004b30       0x1c ./Middlewares/Third_Party/FatFs/src/ff.o
 .text.clust2sect
                0x0000000008004b4c       0x16 ./Middlewares/Third_Party/FatFs/src/ff.o
 .text.clmt_clust
                0x0000000008004b62       0x22 ./Middlewares/Third_Party/FatFs/src/ff.o
 .text.st_clust
                0x0000000008004b84       0x18 ./Middlewares/Third_Party/FatFs/src/ff.o
 .text.sum_sfn  0x0000000008004b9c       0x1e ./Middlewares/Third_Party/FatFs/src/ff.o
 .text.get_ldnumber
                0x0000000008004bba       0x30 ./Middlewares/Third_Party/FatFs/src/ff.o
 .text.validate
                0x0000000008004bea       0x34 ./Middlewares/Third_Party/FatFs/src/ff.o
 .text.get_fileinfo
                0x0000000008004c1e       0xe8 ./Middlewares/Third_Party/FatFs/src/ff.o
 .text.mem_cpy.part.0
                0x0000000008004d06       0x12 ./Middlewares/Third_Party/FatFs/src/ff.o
 .text.sync_window.part.0
                0x0000000008004d18       0x4c ./Middlewares/Third_Party/FatFs/src/ff.o
 .text.sync_window
                0x0000000008004d64        0xc ./Middlewares/Third_Party/FatFs/src/ff.o
 .text.move_window
                0x0000000008004d70       0x32 ./Middlewares/Third_Party/FatFs/src/ff.o
 *fill*         0x0000000008004da2        0x2 
 .text.check_fs
                0x0000000008004da4       0x74 ./Middlewares/Third_Party/FatFs/src/ff.o
 .text.find_volume
                0x0000000008004e18      0x260 ./Middlewares/Third_Party/FatFs/src/ff.o
 .text.put_fat  0x0000000008005078       0xfc ./Middlewares/Third_Party/FatFs/src/ff.o
 .text.sync_fs  0x0000000008005174       0x96 ./Middlewares/Third_Party/FatFs/src/ff.o
 .text.ld_clust.isra.0
                0x000000000800520a       0x10 ./Middlewares/Third_Party/FatFs/src/ff.o
 .text.get_fat.isra.0
                0x000000000800521a       0xac ./Middlewares/Third_Party/FatFs/src/ff.o
 .text.remove_chain
                0x00000000080052c6       0x70 ./Middlewares/Third_Party/FatFs/src/ff.o
 .text.create_chain
                0x0000000008005336       0xb0 ./Middlewares/Third_Party/FatFs/src/ff.o
 .text.dir_sdi  0x00000000080053e6       0x82 ./Middlewares/Third_Party/FatFs/src/ff.o
 .text.dir_next
                0x0000000008005468       0xea ./Middlewares/Third_Party/FatFs/src/ff.o
 *fill*         0x0000000008005552        0x2 
 .text.dir_find
                0x0000000008005554      0x160 ./Middlewares/Third_Party/FatFs/src/ff.o
 .text.dir_register
                0x00000000080056b4      0x27c ./Middlewares/Third_Party/FatFs/src/ff.o
 .text.follow_path
                0x0000000008005930      0x25c ./Middlewares/Third_Party/FatFs/src/ff.o
 .text.f_mount  0x0000000008005b8c       0x54 ./Middlewares/Third_Party/FatFs/src/ff.o
                0x0000000008005b8c                f_mount
 .text.f_open   0x0000000008005be0      0x200 ./Middlewares/Third_Party/FatFs/src/ff.o
                0x0000000008005be0                f_open
 .text.f_write  0x0000000008005de0      0x18c ./Middlewares/Third_Party/FatFs/src/ff.o
                0x0000000008005de0                f_write
 .text.f_sync   0x0000000008005f6c       0x92 ./Middlewares/Third_Party/FatFs/src/ff.o
                0x0000000008005f6c                f_sync
 .text.f_close  0x0000000008005ffe       0x22 ./Middlewares/Third_Party/FatFs/src/ff.o
                0x0000000008005ffe                f_close
 .text.f_stat   0x0000000008006020       0x3e ./Middlewares/Third_Party/FatFs/src/ff.o
                0x0000000008006020                f_stat
 *fill*         0x000000000800605e        0x2 
 .text.FATFS_LinkDriverEx
                0x0000000008006060       0x40 ./Middlewares/Third_Party/FatFs/src/ff_gen_drv.o
                0x0000000008006060                FATFS_LinkDriverEx
 .text.FATFS_LinkDriver
                0x00000000080060a0        0x6 ./Middlewares/Third_Party/FatFs/src/ff_gen_drv.o
                0x00000000080060a0                FATFS_LinkDriver
 *fill*         0x00000000080060a6        0x2 
 .text.ff_convert
                0x00000000080060a8       0x3c ./Middlewares/Third_Party/FatFs/src/option/ccsbcs.o
                0x00000000080060a8                ff_convert
 .text.ff_wtoupper
                0x00000000080060e4       0x84 ./Middlewares/Third_Party/FatFs/src/option/ccsbcs.o
                0x00000000080060e4                ff_wtoupper
 .text.__libc_init_array
                0x0000000008006168       0x48 d:/aplicativos/stm32cubeide_1.11.2/stm32cubeide/plugins/com.st.stm32cube.ide.mcu.externaltools.gnu-tools-for-stm32.10.3-2021.10.win32_1.0.100.202210260954/tools/bin/../lib/gcc/arm-none-eabi/10.3.1/../../../../arm-none-eabi/lib/thumb/v7e-m+dp/hard\libc_nano.a(lib_a-init.o)
                0x0000000008006168                __libc_init_array
 .text.memset   0x00000000080061b0       0x10 d:/aplicativos/stm32cubeide_1.11.2/stm32cubeide/plugins/com.st.stm32cube.ide.mcu.externaltools.gnu-tools-for-stm32.10.3-2021.10.win32_1.0.100.202210260954/tools/bin/../lib/gcc/arm-none-eabi/10.3.1/../../../../arm-none-eabi/lib/thumb/v7e-m+dp/hard\libc_nano.a(lib_a-memset.o)
                0x00000000080061b0                memset
 *(.glue_7)
 .glue_7        0x00000000080061c0        0x0 linker stubs
 *(.glue_7t)
 .glue_7t       0x00000000080061c0        0x0 linker stubs
 *(.eh_frame)
 .eh_frame      0x00000000080061c0        0x0 d:/aplicativos/stm32cubeide_1.11.2/stm32cubeide/plugins/com.st.stm32cube.ide.mcu.externaltools.gnu-tools-for-stm32.10.3-2021.10.win32_1.0.100.202210260954/tools/bin/../lib/gcc/arm-none-eabi/10.3.1/thumb/v7e-m+dp/hard/crtbegin.o
 *(.init)
 .init          0x00000000080061c0        0x4 d:/aplicativos/stm32cubeide_1.11.2/stm32cubeide/plugins/com.st.stm32cube.ide.mcu.externaltools.gnu-tools-for-stm32.10.3-2021.10.win32_1.0.100.202210260954/tools/bin/../lib/gcc/arm-none-eabi/10.3.1/thumb/v7e-m+dp/hard/crti.o
                0x00000000080061c0                _init
 .init          0x00000000080061c4        0x8 d:/aplicativos/stm32cubeide_1.11.2/stm32cubeide/plugins/com.st.stm32cube.ide.mcu.externaltools.gnu-tools-for-stm32.10.3-2021.10.win32_1.0.100.202210260954/tools/bin/../lib/gcc/arm-none-eabi/10.3.1/thumb/v7e-m+dp/hard/crtn.o
 *(.fini)
 .fini          0x00000000080061cc        0x4 d:/aplicativos/stm32cubeide_1.11.2/stm32cubeide/plugins/com.st.stm32cube.ide.mcu.externaltools.gnu-tools-for-stm32.10.3-2021.10.win32_1.0.100.202210260954/tools/bin/../lib/gcc/arm-none-eabi/10.3.1/thumb/v7e-m+dp/hard/crti.o
                0x00000000080061cc                _fini
 .fini          0x00000000080061d0        0x8 d:/aplicativos/stm32cubeide_1.11.2/stm32cubeide/plugins/com.st.stm32cube.ide.mcu.externaltools.gnu-tools-for-stm32.10.3-2021.10.win32_1.0.100.202210260954/tools/bin/../lib/gcc/arm-none-eabi/10.3.1/thumb/v7e-m+dp/hard/crtn.o
                0x00000000080061d8                . = ALIGN (0x4)
                0x00000000080061d8                _etext = .

.vfp11_veneer   0x00000000080061d8        0x0
 .vfp11_veneer  0x00000000080061d8        0x0 linker stubs

.v4_bx          0x00000000080061d8        0x0
 .v4_bx         0x00000000080061d8        0x0 linker stubs

.iplt           0x00000000080061d8        0x0
 .iplt          0x00000000080061d8        0x0 d:/aplicativos/stm32cubeide_1.11.2/stm32cubeide/plugins/com.st.stm32cube.ide.mcu.externaltools.gnu-tools-for-stm32.10.3-2021.10.win32_1.0.100.202210260954/tools/bin/../lib/gcc/arm-none-eabi/10.3.1/thumb/v7e-m+dp/hard/crtbegin.o

.rodata         0x00000000080061d8      0x4ec
                0x00000000080061d8                . = ALIGN (0x4)
 *(.rodata)
 *(.rodata*)
 .rodata.SD_Criar_Arquivo.str1.1
                0x00000000080061d8        0x3 ./Core/Src/Funcoes_uSD.o
 .rodata.main.str1.1
                0x00000000080061db       0x1c ./Core/Src/main.o
 .rodata.D1CorePrescTable
                0x00000000080061f7       0x10 ./Core/Src/system_stm32h7xx.o
                0x00000000080061f7                D1CorePrescTable
 .rodata.CSWTCH.61
                0x0000000008006207       0x29 ./Drivers/STM32H7xx_HAL_Driver/Src/stm32h7xx_hal_uart.o
 .rodata.CSWTCH.62
                0x0000000008006230        0x6 ./Drivers/STM32H7xx_HAL_Driver/Src/stm32h7xx_hal_uart.o
 .rodata.CSWTCH.69
                0x0000000008006236        0x6 ./Drivers/STM32H7xx_HAL_Driver/Src/stm32h7xx_hal_uart.o
 .rodata.UARTPrescTable
                0x000000000800623c       0x18 ./Drivers/STM32H7xx_HAL_Driver/Src/stm32h7xx_hal_uart.o
                0x000000000800623c                UARTPrescTable
 .rodata.denominator.0
                0x0000000008006254        0x8 ./Drivers/STM32H7xx_HAL_Driver/Src/stm32h7xx_hal_uart_ex.o
 .rodata.numerator.1
                0x000000000800625c        0x8 ./Drivers/STM32H7xx_HAL_Driver/Src/stm32h7xx_hal_uart_ex.o
 .rodata.SD_Driver
                0x0000000008006264       0x14 ./FATFS/Target/sd_diskio.o
                0x0000000008006264                SD_Driver
 .rodata.follow_path.str1.1
                0x0000000008006278       0x10 ./Middlewares/Third_Party/FatFs/src/ff.o
 .rodata.ExCvt  0x0000000008006288       0x80 ./Middlewares/Third_Party/FatFs/src/ff.o
 .rodata.LfnOfs
                0x0000000008006308        0xd ./Middlewares/Third_Party/FatFs/src/ff.o
 *fill*         0x0000000008006315        0x1 
 .rodata.Tbl    0x0000000008006316      0x100 ./Middlewares/Third_Party/FatFs/src/option/ccsbcs.o
 .rodata.cvt1.1
                0x0000000008006416      0x1f2 ./Middlewares/Third_Party/FatFs/src/option/ccsbcs.o
 .rodata.cvt2.0
                0x0000000008006608       0xbc ./Middlewares/Third_Party/FatFs/src/option/ccsbcs.o
                0x00000000080066c4                . = ALIGN (0x4)

.ARM.extab
 *(.ARM.extab* .gnu.linkonce.armextab.*)

.ARM            0x00000000080066c4        0x8
                0x00000000080066c4                __exidx_start = .
 *(.ARM.exidx*)
 .ARM.exidx     0x00000000080066c4        0x8 d:/aplicativos/stm32cubeide_1.11.2/stm32cubeide/plugins/com.st.stm32cube.ide.mcu.externaltools.gnu-tools-for-stm32.10.3-2021.10.win32_1.0.100.202210260954/tools/bin/../lib/gcc/arm-none-eabi/10.3.1/thumb/v7e-m+dp/hard\libgcc.a(_udivmoddi4.o)
                0x00000000080066cc                __exidx_end = .

.rel.dyn        0x00000000080066cc        0x0
 .rel.iplt      0x00000000080066cc        0x0 d:/aplicativos/stm32cubeide_1.11.2/stm32cubeide/plugins/com.st.stm32cube.ide.mcu.externaltools.gnu-tools-for-stm32.10.3-2021.10.win32_1.0.100.202210260954/tools/bin/../lib/gcc/arm-none-eabi/10.3.1/thumb/v7e-m+dp/hard/crtbegin.o

.preinit_array  0x00000000080066cc        0x0
                0x00000000080066cc                PROVIDE (__preinit_array_start = .)
 *(.preinit_array*)
                0x00000000080066cc                PROVIDE (__preinit_array_end = .)

.init_array     0x00000000080066cc        0x4
                0x00000000080066cc                PROVIDE (__init_array_start = .)
 *(SORT_BY_NAME(.init_array.*))
 *(.init_array*)
 .init_array    0x00000000080066cc        0x4 d:/aplicativos/stm32cubeide_1.11.2/stm32cubeide/plugins/com.st.stm32cube.ide.mcu.externaltools.gnu-tools-for-stm32.10.3-2021.10.win32_1.0.100.202210260954/tools/bin/../lib/gcc/arm-none-eabi/10.3.1/thumb/v7e-m+dp/hard/crtbegin.o
                0x00000000080066d0                PROVIDE (__init_array_end = .)

.fini_array     0x00000000080066d0        0x4
                [!provide]                        PROVIDE (__fini_array_start = .)
 *(SORT_BY_NAME(.fini_array.*))
 *(.fini_array*)
 .fini_array    0x00000000080066d0        0x4 d:/aplicativos/stm32cubeide_1.11.2/stm32cubeide/plugins/com.st.stm32cube.ide.mcu.externaltools.gnu-tools-for-stm32.10.3-2021.10.win32_1.0.100.202210260954/tools/bin/../lib/gcc/arm-none-eabi/10.3.1/thumb/v7e-m+dp/hard/crtbegin.o
                [!provide]                        PROVIDE (__fini_array_end = .)
                0x00000000080066d4                _sidata = LOADADDR (.data)

.data           0x0000000024000000       0x14 load address 0x00000000080066d4
                0x0000000024000000                . = ALIGN (0x4)
                0x0000000024000000                _sdata = .
 *(.data)
 *(.data*)
 .data.SystemCoreClock
                0x0000000024000000        0x4 ./Core/Src/system_stm32h7xx.o
                0x0000000024000000                SystemCoreClock
 .data.SystemD2Clock
                0x0000000024000004        0x4 ./Core/Src/system_stm32h7xx.o
                0x0000000024000004                SystemD2Clock
 .data.uwTickFreq
                0x0000000024000008        0x1 ./Drivers/STM32H7xx_HAL_Driver/Src/stm32h7xx_hal.o
                0x0000000024000008                uwTickFreq
 *fill*         0x0000000024000009        0x3 
 .data.uwTickPrio
                0x000000002400000c        0x4 ./Drivers/STM32H7xx_HAL_Driver/Src/stm32h7xx_hal.o
                0x000000002400000c                uwTickPrio
 .data.Stat     0x0000000024000010        0x1 ./FATFS/Target/sd_diskio.o
 *(.RamFunc)
 *(.RamFunc*)
                0x0000000024000014                . = ALIGN (0x4)
 *fill*         0x0000000024000011        0x3 
                0x0000000024000014                _edata = .

.igot.plt       0x0000000024000014        0x0 load address 0x00000000080066e8
 .igot.plt      0x0000000024000014        0x0 d:/aplicativos/stm32cubeide_1.11.2/stm32cubeide/plugins/com.st.stm32cube.ide.mcu.externaltools.gnu-tools-for-stm32.10.3-2021.10.win32_1.0.100.202210260954/tools/bin/../lib/gcc/arm-none-eabi/10.3.1/thumb/v7e-m+dp/hard/crtbegin.o
                0x0000000024000014                . = ALIGN (0x4)

.bss            0x0000000024000014      0x8f0 load address 0x00000000080066e8
                0x0000000024000014                _sbss = .
                0x0000000024000014                __bss_start__ = _sbss
 *(.bss)
 .bss           0x0000000024000014       0x1c d:/aplicativos/stm32cubeide_1.11.2/stm32cubeide/plugins/com.st.stm32cube.ide.mcu.externaltools.gnu-tools-for-stm32.10.3-2021.10.win32_1.0.100.202210260954/tools/bin/../lib/gcc/arm-none-eabi/10.3.1/thumb/v7e-m+dp/hard/crtbegin.o
 *(.bss*)
 .bss.file      0x0000000024000030      0x230 ./Core/Src/Funcoes_uSD.o
                0x0000000024000030                file
 .bss.fileInfo  0x0000000024000260      0x118 ./Core/Src/Funcoes_uSD.o
                0x0000000024000260                fileInfo
 .bss.g_sFatFs  0x0000000024000378      0x234 ./Core/Src/Funcoes_uSD.o
 .bss.hsd1      0x00000000240005ac       0x7c ./Core/Src/main.o
                0x00000000240005ac                hsd1
 .bss.huart4    0x0000000024000628       0x94 ./Core/Src/main.o
                0x0000000024000628                huart4
 .bss.uwTick    0x00000000240006bc        0x4 ./Drivers/STM32H7xx_HAL_Driver/Src/stm32h7xx_hal.o
                0x00000000240006bc                uwTick
 .bss.SDPath    0x00000000240006c0        0x4 ./FATFS/App/fatfs.o
                0x00000000240006c0                SDPath
 .bss.retSD     0x00000000240006c4        0x1 ./FATFS/App/fatfs.o
                0x00000000240006c4                retSD
 *fill*         0x00000000240006c5        0x3 
 .bss.ReadStatus
                0x00000000240006c8        0x4 ./FATFS/Target/sd_diskio.o
 .bss.WriteStatus
                0x00000000240006cc        0x4 ./FATFS/Target/sd_diskio.o
 .bss.FatFs     0x00000000240006d0        0x4 ./Middlewares/Third_Party/FatFs/src/ff.o
 .bss.Files     0x00000000240006d4       0x20 ./Middlewares/Third_Party/FatFs/src/ff.o
 .bss.Fsid      0x00000000240006f4        0x2 ./Middlewares/Third_Party/FatFs/src/ff.o
 .bss.LfnBuf    0x00000000240006f6      0x200 ./Middlewares/Third_Party/FatFs/src/ff.o
 *fill*         0x00000000240008f6        0x2 
 .bss.disk      0x00000000240008f8        0xc ./Middlewares/Third_Party/FatFs/src/ff_gen_drv.o
                0x00000000240008f8                disk
 *(COMMON)
                0x0000000024000904                . = ALIGN (0x4)
                0x0000000024000904                _ebss = .
                0x0000000024000904                __bss_end__ = _ebss

._user_heap_stack
                0x0000000024000904      0xc04 load address 0x00000000080066e8
                0x0000000024000908                . = ALIGN (0x8)
 *fill*         0x0000000024000904        0x4 
                [!provide]                        PROVIDE (end = .)
                0x0000000024000908                PROVIDE (_end = .)
                0x0000000024000d08                . = (. + _Min_Heap_Size)
 *fill*         0x0000000024000908      0x400 
                0x0000000024001508                . = (. + _Min_Stack_Size)
 *fill*         0x0000000024000d08      0x800 
                0x0000000024001508                . = ALIGN (0x8)

/DISCARD/
 libc.a(*)
 libm.a(*)
 libgcc.a(*)

.ARM.attributes
                0x0000000000000000       0x2e
 *(.ARM.attributes)
 .ARM.attributes
                0x0000000000000000       0x1e d:/aplicativos/stm32cubeide_1.11.2/stm32cubeide/plugins/com.st.stm32cube.ide.mcu.externaltools.gnu-tools-for-stm32.10.3-2021.10.win32_1.0.100.202210260954/tools/bin/../lib/gcc/arm-none-eabi/10.3.1/thumb/v7e-m+dp/hard/crti.o
 .ARM.attributes
                0x000000000000001e       0x32 d:/aplicativos/stm32cubeide_1.11.2/stm32cubeide/plugins/com.st.stm32cube.ide.mcu.externaltools.gnu-tools-for-stm32.10.3-2021.10.win32_1.0.100.202210260954/tools/bin/../lib/gcc/arm-none-eabi/10.3.1/thumb/v7e-m+dp/hard/crtbegin.o
 .ARM.attributes
                0x0000000000000050       0x32 ./Core/Src/Funcoes_uSD.o
 .ARM.attributes
                0x0000000000000082       0x32 ./Core/Src/main.o
 .ARM.attributes
                0x00000000000000b4       0x32 ./Core/Src/stm32h7xx_hal_msp.o
 .ARM.attributes
                0x00000000000000e6       0x32 ./Core/Src/stm32h7xx_it.o
 .ARM.attributes
                0x0000000000000118       0x32 ./Core/Src/system_stm32h7xx.o
 .ARM.attributes
                0x000000000000014a       0x21 ./Core/Startup/startup_stm32h743vitx.o
 .ARM.attributes
                0x000000000000016b       0x32 ./Drivers/STM32H7xx_HAL_Driver/Src/stm32h7xx_hal.o
 .ARM.attributes
                0x000000000000019d       0x32 ./Drivers/STM32H7xx_HAL_Driver/Src/stm32h7xx_hal_cortex.o
 .ARM.attributes
                0x00000000000001cf       0x32 ./Drivers/STM32H7xx_HAL_Driver/Src/stm32h7xx_hal_gpio.o
 .ARM.attributes
                0x0000000000000201       0x32 ./Drivers/STM32H7xx_HAL_Driver/Src/stm32h7xx_hal_pwr_ex.o
 .ARM.attributes
                0x0000000000000233       0x32 ./Drivers/STM32H7xx_HAL_Driver/Src/stm32h7xx_hal_rcc.o
 .ARM.attributes
                0x0000000000000265       0x32 ./Drivers/STM32H7xx_HAL_Driver/Src/stm32h7xx_hal_rcc_ex.o
 .ARM.attributes
                0x0000000000000297       0x32 ./Drivers/STM32H7xx_HAL_Driver/Src/stm32h7xx_hal_sd.o
 .ARM.attributes
                0x00000000000002c9       0x32 ./Drivers/STM32H7xx_HAL_Driver/Src/stm32h7xx_hal_uart.o
 .ARM.attributes
                0x00000000000002fb       0x32 ./Drivers/STM32H7xx_HAL_Driver/Src/stm32h7xx_hal_uart_ex.o
 .ARM.attributes
                0x000000000000032d       0x32 ./Drivers/STM32H7xx_HAL_Driver/Src/stm32h7xx_ll_sdmmc.o
 .ARM.attributes
                0x000000000000035f       0x32 ./FATFS/App/fatfs.o
 .ARM.attributes
                0x0000000000000391       0x32 ./FATFS/Target/bsp_driver_sd.o
 .ARM.attributes
                0x00000000000003c3       0x32 ./FATFS/Target/fatfs_platform.o
 .ARM.attributes
                0x00000000000003f5       0x32 ./FATFS/Target/sd_diskio.o
 .ARM.attributes
                0x0000000000000427       0x32 ./Middlewares/Third_Party/FatFs/src/diskio.o
 .ARM.attributes
                0x0000000000000459       0x32 ./Middlewares/Third_Party/FatFs/src/ff.o
 .ARM.attributes
                0x000000000000048b       0x32 ./Middlewares/Third_Party/FatFs/src/ff_gen_drv.o
 .ARM.attributes
                0x00000000000004bd       0x32 ./Middlewares/Third_Party/FatFs/src/option/ccsbcs.o
 .ARM.attributes
                0x00000000000004ef       0x32 d:/aplicativos/stm32cubeide_1.11.2/stm32cubeide/plugins/com.st.stm32cube.ide.mcu.externaltools.gnu-tools-for-stm32.10.3-2021.10.win32_1.0.100.202210260954/tools/bin/../lib/gcc/arm-none-eabi/10.3.1/../../../../arm-none-eabi/lib/thumb/v7e-m+dp/hard\libc_nano.a(lib_a-init.o)
 .ARM.attributes
                0x0000000000000521       0x32 d:/aplicativos/stm32cubeide_1.11.2/stm32cubeide/plugins/com.st.stm32cube.ide.mcu.externaltools.gnu-tools-for-stm32.10.3-2021.10.win32_1.0.100.202210260954/tools/bin/../lib/gcc/arm-none-eabi/10.3.1/../../../../arm-none-eabi/lib/thumb/v7e-m+dp/hard\libc_nano.a(lib_a-memset.o)
 .ARM.attributes
                0x0000000000000553       0x1e d:/aplicativos/stm32cubeide_1.11.2/stm32cubeide/plugins/com.st.stm32cube.ide.mcu.externaltools.gnu-tools-for-stm32.10.3-2021.10.win32_1.0.100.202210260954/tools/bin/../lib/gcc/arm-none-eabi/10.3.1/thumb/v7e-m+dp/hard\libgcc.a(_aeabi_uldivmod.o)
 .ARM.attributes
                0x0000000000000571       0x32 d:/aplicativos/stm32cubeide_1.11.2/stm32cubeide/plugins/com.st.stm32cube.ide.mcu.externaltools.gnu-tools-for-stm32.10.3-2021.10.win32_1.0.100.202210260954/tools/bin/../lib/gcc/arm-none-eabi/10.3.1/thumb/v7e-m+dp/hard\libgcc.a(_udivmoddi4.o)
 .ARM.attributes
                0x00000000000005a3       0x1e d:/aplicativos/stm32cubeide_1.11.2/stm32cubeide/plugins/com.st.stm32cube.ide.mcu.externaltools.gnu-tools-for-stm32.10.3-2021.10.win32_1.0.100.202210260954/tools/bin/../lib/gcc/arm-none-eabi/10.3.1/thumb/v7e-m+dp/hard\libgcc.a(_dvmd_tls.o)
 .ARM.attributes
                0x00000000000005c1       0x1e d:/aplicativos/stm32cubeide_1.11.2/stm32cubeide/plugins/com.st.stm32cube.ide.mcu.externaltools.gnu-tools-for-stm32.10.3-2021.10.win32_1.0.100.202210260954/tools/bin/../lib/gcc/arm-none-eabi/10.3.1/thumb/v7e-m+dp/hard/crtn.o
OUTPUT(Datalogger_0.2.elf elf32-littlearm)
LOAD linker stubs
LOAD d:/aplicativos/stm32cubeide_1.11.2/stm32cubeide/plugins/com.st.stm32cube.ide.mcu.externaltools.gnu-tools-for-stm32.10.3-2021.10.win32_1.0.100.202210260954/tools/bin/../lib/gcc/arm-none-eabi/10.3.1/../../../../arm-none-eabi/lib/thumb/v7e-m+dp/hard\libc.a
LOAD d:/aplicativos/stm32cubeide_1.11.2/stm32cubeide/plugins/com.st.stm32cube.ide.mcu.externaltools.gnu-tools-for-stm32.10.3-2021.10.win32_1.0.100.202210260954/tools/bin/../lib/gcc/arm-none-eabi/10.3.1/../../../../arm-none-eabi/lib/thumb/v7e-m+dp/hard\libm.a
LOAD d:/aplicativos/stm32cubeide_1.11.2/stm32cubeide/plugins/com.st.stm32cube.ide.mcu.externaltools.gnu-tools-for-stm32.10.3-2021.10.win32_1.0.100.202210260954/tools/bin/../lib/gcc/arm-none-eabi/10.3.1/thumb/v7e-m+dp/hard\libgcc.a

.comment        0x0000000000000000       0x50
 .comment       0x0000000000000000       0x50 ./Core/Src/Funcoes_uSD.o
                                         0x51 (size before relaxing)
 .comment       0x0000000000000050       0x51 ./Core/Src/main.o
 .comment       0x0000000000000050       0x51 ./Core/Src/stm32h7xx_hal_msp.o
 .comment       0x0000000000000050       0x51 ./Core/Src/stm32h7xx_it.o
 .comment       0x0000000000000050       0x51 ./Core/Src/system_stm32h7xx.o
 .comment       0x0000000000000050       0x51 ./Drivers/STM32H7xx_HAL_Driver/Src/stm32h7xx_hal.o
 .comment       0x0000000000000050       0x51 ./Drivers/STM32H7xx_HAL_Driver/Src/stm32h7xx_hal_cortex.o
 .comment       0x0000000000000050       0x51 ./Drivers/STM32H7xx_HAL_Driver/Src/stm32h7xx_hal_gpio.o
 .comment       0x0000000000000050       0x51 ./Drivers/STM32H7xx_HAL_Driver/Src/stm32h7xx_hal_pwr_ex.o
 .comment       0x0000000000000050       0x51 ./Drivers/STM32H7xx_HAL_Driver/Src/stm32h7xx_hal_rcc.o
 .comment       0x0000000000000050       0x51 ./Drivers/STM32H7xx_HAL_Driver/Src/stm32h7xx_hal_rcc_ex.o
 .comment       0x0000000000000050       0x51 ./Drivers/STM32H7xx_HAL_Driver/Src/stm32h7xx_hal_sd.o
 .comment       0x0000000000000050       0x51 ./Drivers/STM32H7xx_HAL_Driver/Src/stm32h7xx_hal_uart.o
 .comment       0x0000000000000050       0x51 ./Drivers/STM32H7xx_HAL_Driver/Src/stm32h7xx_hal_uart_ex.o
 .comment       0x0000000000000050       0x51 ./Drivers/STM32H7xx_HAL_Driver/Src/stm32h7xx_ll_sdmmc.o
 .comment       0x0000000000000050       0x51 ./FATFS/App/fatfs.o
 .comment       0x0000000000000050       0x51 ./FATFS/Target/bsp_driver_sd.o
 .comment       0x0000000000000050       0x51 ./FATFS/Target/fatfs_platform.o
 .comment       0x0000000000000050       0x51 ./FATFS/Target/sd_diskio.o
 .comment       0x0000000000000050       0x51 ./Middlewares/Third_Party/FatFs/src/diskio.o
 .comment       0x0000000000000050       0x51 ./Middlewares/Third_Party/FatFs/src/ff.o
 .comment       0x0000000000000050       0x51 ./Middlewares/Third_Party/FatFs/src/ff_gen_drv.o
 .comment       0x0000000000000050       0x51 ./Middlewares/Third_Party/FatFs/src/option/ccsbcs.o

.debug_frame    0x0000000000000000       0xac
 .debug_frame   0x0000000000000000       0x2c d:/aplicativos/stm32cubeide_1.11.2/stm32cubeide/plugins/com.st.stm32cube.ide.mcu.externaltools.gnu-tools-for-stm32.10.3-2021.10.win32_1.0.100.202210260954/tools/bin/../lib/gcc/arm-none-eabi/10.3.1/../../../../arm-none-eabi/lib/thumb/v7e-m+dp/hard\libc_nano.a(lib_a-init.o)
 .debug_frame   0x000000000000002c       0x20 d:/aplicativos/stm32cubeide_1.11.2/stm32cubeide/plugins/com.st.stm32cube.ide.mcu.externaltools.gnu-tools-for-stm32.10.3-2021.10.win32_1.0.100.202210260954/tools/bin/../lib/gcc/arm-none-eabi/10.3.1/../../../../arm-none-eabi/lib/thumb/v7e-m+dp/hard\libc_nano.a(lib_a-memset.o)
 .debug_frame   0x000000000000004c       0x2c d:/aplicativos/stm32cubeide_1.11.2/stm32cubeide/plugins/com.st.stm32cube.ide.mcu.externaltools.gnu-tools-for-stm32.10.3-2021.10.win32_1.0.100.202210260954/tools/bin/../lib/gcc/arm-none-eabi/10.3.1/thumb/v7e-m+dp/hard\libgcc.a(_aeabi_uldivmod.o)
 .debug_frame   0x0000000000000078       0x34 d:/aplicativos/stm32cubeide_1.11.2/stm32cubeide/plugins/com.st.stm32cube.ide.mcu.externaltools.gnu-tools-for-stm32.10.3-2021.10.win32_1.0.100.202210260954/tools/bin/../lib/gcc/arm-none-eabi/10.3.1/thumb/v7e-m+dp/hard\libgcc.a(_udivmoddi4.o)
