Archive member included to satisfy reference by file (symbol)

d:/aplicativos/stm32cubeide_1.11.2/stm32cubeide/plugins/com.st.stm32cube.ide.mcu.externaltools.gnu-tools-for-stm32.10.3-2021.10.win32_1.0.100.202210260954/tools/bin/../lib/gcc/arm-none-eabi/10.3.1/../../../../arm-none-eabi/lib/thumb/v7e-m+dp/hard\libc_nano.a(lib_a-errno.o)
                              ./Core/Src/syscalls.o (__errno)
d:/aplicativos/stm32cubeide_1.11.2/stm32cubeide/plugins/com.st.stm32cube.ide.mcu.externaltools.gnu-tools-for-stm32.10.3-2021.10.win32_1.0.100.202210260954/tools/bin/../lib/gcc/arm-none-eabi/10.3.1/../../../../arm-none-eabi/lib/thumb/v7e-m+dp/hard\libc_nano.a(lib_a-exit.o)
                              d:/aplicativos/stm32cubeide_1.11.2/stm32cubeide/plugins/com.st.stm32cube.ide.mcu.externaltools.gnu-tools-for-stm32.10.3-2021.10.win32_1.0.100.202210260954/tools/bin/../lib/gcc/arm-none-eabi/10.3.1/../../../../arm-none-eabi/lib/thumb/v7e-m+dp/hard/crt0.o (exit)
d:/aplicativos/stm32cubeide_1.11.2/stm32cubeide/plugins/com.st.stm32cube.ide.mcu.externaltools.gnu-tools-for-stm32.10.3-2021.10.win32_1.0.100.202210260954/tools/bin/../lib/gcc/arm-none-eabi/10.3.1/../../../../arm-none-eabi/lib/thumb/v7e-m+dp/hard\libc_nano.a(lib_a-impure.o)
                              d:/aplicativos/stm32cubeide_1.11.2/stm32cubeide/plugins/com.st.stm32cube.ide.mcu.externaltools.gnu-tools-for-stm32.10.3-2021.10.win32_1.0.100.202210260954/tools/bin/../lib/gcc/arm-none-eabi/10.3.1/../../../../arm-none-eabi/lib/thumb/v7e-m+dp/hard\libc_nano.a(lib_a-exit.o) (_global_impure_ptr)
d:/aplicativos/stm32cubeide_1.11.2/stm32cubeide/plugins/com.st.stm32cube.ide.mcu.externaltools.gnu-tools-for-stm32.10.3-2021.10.win32_1.0.100.202210260954/tools/bin/../lib/gcc/arm-none-eabi/10.3.1/../../../../arm-none-eabi/lib/thumb/v7e-m+dp/hard\libc_nano.a(lib_a-init.o)
                              d:/aplicativos/stm32cubeide_1.11.2/stm32cubeide/plugins/com.st.stm32cube.ide.mcu.externaltools.gnu-tools-for-stm32.10.3-2021.10.win32_1.0.100.202210260954/tools/bin/../lib/gcc/arm-none-eabi/10.3.1/../../../../arm-none-eabi/lib/thumb/v7e-m+dp/hard/crt0.o (__libc_init_array)
d:/aplicativos/stm32cubeide_1.11.2/stm32cubeide/plugins/com.st.stm32cube.ide.mcu.externaltools.gnu-tools-for-stm32.10.3-2021.10.win32_1.0.100.202210260954/tools/bin/../lib/gcc/arm-none-eabi/10.3.1/../../../../arm-none-eabi/lib/thumb/v7e-m+dp/hard\libc_nano.a(lib_a-memset.o)
                              d:/aplicativos/stm32cubeide_1.11.2/stm32cubeide/plugins/com.st.stm32cube.ide.mcu.externaltools.gnu-tools-for-stm32.10.3-2021.10.win32_1.0.100.202210260954/tools/bin/../lib/gcc/arm-none-eabi/10.3.1/../../../../arm-none-eabi/lib/thumb/v7e-m+dp/hard/crt0.o (memset)

Discarded input sections

 .text          0x0000000000000000        0x0 d:/aplicativos/stm32cubeide_1.11.2/stm32cubeide/plugins/com.st.stm32cube.ide.mcu.externaltools.gnu-tools-for-stm32.10.3-2021.10.win32_1.0.100.202210260954/tools/bin/../lib/gcc/arm-none-eabi/10.3.1/thumb/v7e-m+dp/hard/crti.o
 .data          0x0000000000000000        0x0 d:/aplicativos/stm32cubeide_1.11.2/stm32cubeide/plugins/com.st.stm32cube.ide.mcu.externaltools.gnu-tools-for-stm32.10.3-2021.10.win32_1.0.100.202210260954/tools/bin/../lib/gcc/arm-none-eabi/10.3.1/thumb/v7e-m+dp/hard/crti.o
 .bss           0x0000000000000000        0x0 d:/aplicativos/stm32cubeide_1.11.2/stm32cubeide/plugins/com.st.stm32cube.ide.mcu.externaltools.gnu-tools-for-stm32.10.3-2021.10.win32_1.0.100.202210260954/tools/bin/../lib/gcc/arm-none-eabi/10.3.1/thumb/v7e-m+dp/hard/crti.o
 .data          0x0000000000000000        0x4 d:/aplicativos/stm32cubeide_1.11.2/stm32cubeide/plugins/com.st.stm32cube.ide.mcu.externaltools.gnu-tools-for-stm32.10.3-2021.10.win32_1.0.100.202210260954/tools/bin/../lib/gcc/arm-none-eabi/10.3.1/thumb/v7e-m+dp/hard/crtbegin.o
 .rodata        0x0000000000000000       0x24 d:/aplicativos/stm32cubeide_1.11.2/stm32cubeide/plugins/com.st.stm32cube.ide.mcu.externaltools.gnu-tools-for-stm32.10.3-2021.10.win32_1.0.100.202210260954/tools/bin/../lib/gcc/arm-none-eabi/10.3.1/thumb/v7e-m+dp/hard/crtbegin.o
 .text          0x0000000000000000       0x7c d:/aplicativos/stm32cubeide_1.11.2/stm32cubeide/plugins/com.st.stm32cube.ide.mcu.externaltools.gnu-tools-for-stm32.10.3-2021.10.win32_1.0.100.202210260954/tools/bin/../lib/gcc/arm-none-eabi/10.3.1/../../../../arm-none-eabi/lib/thumb/v7e-m+dp/hard/crt0.o
 .data          0x0000000000000000        0x0 d:/aplicativos/stm32cubeide_1.11.2/stm32cubeide/plugins/com.st.stm32cube.ide.mcu.externaltools.gnu-tools-for-stm32.10.3-2021.10.win32_1.0.100.202210260954/tools/bin/../lib/gcc/arm-none-eabi/10.3.1/../../../../arm-none-eabi/lib/thumb/v7e-m+dp/hard/crt0.o
 .bss           0x0000000000000000        0x0 d:/aplicativos/stm32cubeide_1.11.2/stm32cubeide/plugins/com.st.stm32cube.ide.mcu.externaltools.gnu-tools-for-stm32.10.3-2021.10.win32_1.0.100.202210260954/tools/bin/../lib/gcc/arm-none-eabi/10.3.1/../../../../arm-none-eabi/lib/thumb/v7e-m+dp/hard/crt0.o
[...]
Memory Configuration

Name             Origin             Length             Attributes
FLASH            0x0000000008000000 0x0000000000200000 xr
DTCMRAM          0x0000000020000000 0x0000000000020000 xrw
RAM_D1           0x0000000024000000 0x0000000000080000 xrw
RAM_D2           0x0000000030000000 0x0000000000048000 xrw
RAM_D3           0x0000000038000000 0x0000000000010000 xrw
ITCMRAM          0x0000000000000000 0x0000000000010000 xrw
*default*        0x0000000000000000 0xffffffffffffffff

Linker script and memory map

LOAD d:/aplicativos/stm32cubeide_1.11.2/stm32cubeide/plugins/com.st.stm32cube.ide.mcu.externaltools.gnu-tools-for-stm32.10.3-2021.10.win32_1.0.100.202210260954/tools/bin/../lib/gcc/arm-none-eabi/10.3.1/thumb/v7e-m+dp/hard/crti.o
LOAD d:/aplicativos/stm32cubeide_1.11.2/stm32cubeide/plugins/com.st.stm32cube.ide.mcu.externaltools.gnu-tools-for-stm32.10.3-2021.10.win32_1.0.100.202210260954/tools/bin/../lib/gcc/arm-none-eabi/10.3.1/thumb/v7e-m+dp/hard/crtbegin.o
LOAD d:/aplicativos/stm32cubeide_1.11.2/stm32cubeide/plugins/com.st.stm32cube.ide.mcu.externaltools.gnu-tools-for-stm32.10.3-2021.10.win32_1.0.100.202210260954/tools/bin/../lib/gcc/arm-none-eabi/10.3.1/../../../../arm-none-eabi/lib/thumb/v7e-m+dp/hard/crt0.o
LOAD ./Core/Src/cartaoSD.o
LOAD ./Core/Src/gpio.o
LOAD ./Core/Src/main.o
LOAD ./Core/Src/sdmmc.o
LOAD ./Core/Src/stm32h7xx_hal_msp.o
LOAD ./Core/Src/stm32h7xx_it.o
LOAD ./Core/Src/syscalls.o
LOAD ./Core/Src/sysmem.o
LOAD ./Core/Src/system_stm32h7xx.o
LOAD ./Core/Startup/startup_stm32h743vitx.o
LOAD ./Drivers/STM32H7xx_HAL_Driver/Src/stm32h7xx_hal.o
LOAD ./Drivers/STM32H7xx_HAL_Driver/Src/stm32h7xx_hal_cortex.o
LOAD ./Drivers/STM32H7xx_HAL_Driver/Src/stm32h7xx_hal_dma.o
LOAD ./Drivers/STM32H7xx_HAL_Driver/Src/stm32h7xx_hal_dma_ex.o
LOAD ./Drivers/STM32H7xx_HAL_Driver/Src/stm32h7xx_hal_exti.o
LOAD ./Drivers/STM32H7xx_HAL_Driver/Src/stm32h7xx_hal_flash.o
LOAD ./Drivers/STM32H7xx_HAL_Driver/Src/stm32h7xx_hal_flash_ex.o
LOAD ./Drivers/STM32H7xx_HAL_Driver/Src/stm32h7xx_hal_gpio.o
LOAD ./Drivers/STM32H7xx_HAL_Driver/Src/stm32h7xx_hal_hsem.o
LOAD ./Drivers/STM32H7xx_HAL_Driver/Src/stm32h7xx_hal_i2c.o
LOAD ./Drivers/STM32H7xx_HAL_Driver/Src/stm32h7xx_hal_i2c_ex.o
LOAD ./Drivers/STM32H7xx_HAL_Driver/Src/stm32h7xx_hal_mdma.o
LOAD ./Drivers/STM32H7xx_HAL_Driver/Src/stm32h7xx_hal_pwr.o
LOAD ./Drivers/STM32H7xx_HAL_Driver/Src/stm32h7xx_hal_pwr_ex.o
LOAD ./Drivers/STM32H7xx_HAL_Driver/Src/stm32h7xx_hal_rcc.o
LOAD ./Drivers/STM32H7xx_HAL_Driver/Src/stm32h7xx_hal_rcc_ex.o
LOAD ./Drivers/STM32H7xx_HAL_Driver/Src/stm32h7xx_hal_sd.o
LOAD ./Drivers/STM32H7xx_HAL_Driver/Src/stm32h7xx_hal_sd_ex.o
LOAD ./Drivers/STM32H7xx_HAL_Driver/Src/stm32h7xx_hal_tim.o
LOAD ./Drivers/STM32H7xx_HAL_Driver/Src/stm32h7xx_hal_tim_ex.o
LOAD ./Drivers/STM32H7xx_HAL_Driver/Src/stm32h7xx_ll_delayblock.o
LOAD ./Drivers/STM32H7xx_HAL_Driver/Src/stm32h7xx_ll_sdmmc.o
LOAD ./FATFS/App/fatfs.o
LOAD ./FATFS/Target/bsp_driver_sd.o
LOAD ./FATFS/Target/fatfs_platform.o
LOAD ./FATFS/Target/sd_diskio.o
LOAD ./Middlewares/Third_Party/FatFs/src/diskio.o
LOAD ./Middlewares/Third_Party/FatFs/src/ff.o
LOAD ./Middlewares/Third_Party/FatFs/src/ff_gen_drv.o
LOAD ./Middlewares/Third_Party/FatFs/src/option/syscall.o
START GROUP
LOAD d:/aplicativos/stm32cubeide_1.11.2/stm32cubeide/plugins/com.st.stm32cube.ide.mcu.externaltools.gnu-tools-for-stm32.10.3-2021.10.win32_1.0.100.202210260954/tools/bin/../lib/gcc/arm-none-eabi/10.3.1/../../../../arm-none-eabi/lib/thumb/v7e-m+dp/hard\libc_nano.a
LOAD d:/aplicativos/stm32cubeide_1.11.2/stm32cubeide/plugins/com.st.stm32cube.ide.mcu.externaltools.gnu-tools-for-stm32.10.3-2021.10.win32_1.0.100.202210260954/tools/bin/../lib/gcc/arm-none-eabi/10.3.1/../../../../arm-none-eabi/lib/thumb/v7e-m+dp/hard\libm.a
END GROUP
START GROUP
LOAD d:/aplicativos/stm32cubeide_1.11.2/stm32cubeide/plugins/com.st.stm32cube.ide.mcu.externaltools.gnu-tools-for-stm32.10.3-2021.10.win32_1.0.100.202210260954/tools/bin/../lib/gcc/arm-none-eabi/10.3.1/thumb/v7e-m+dp/hard\libgcc.a
LOAD d:/aplicativos/stm32cubeide_1.11.2/stm32cubeide/plugins/com.st.stm32cube.ide.mcu.externaltools.gnu-tools-for-stm32.10.3-2021.10.win32_1.0.100.202210260954/tools/bin/../lib/gcc/arm-none-eabi/10.3.1/../../../../arm-none-eabi/lib/thumb/v7e-m+dp/hard\libc_nano.a
END GROUP
START GROUP
LOAD d:/aplicativos/stm32cubeide_1.11.2/stm32cubeide/plugins/com.st.stm32cube.ide.mcu.externaltools.gnu-tools-for-stm32.10.3-2021.10.win32_1.0.100.202210260954/tools/bin/../lib/gcc/arm-none-eabi/10.3.1/thumb/v7e-m+dp/hard\libgcc.a
LOAD d:/aplicativos/stm32cubeide_1.11.2/stm32cubeide/plugins/com.st.stm32cube.ide.mcu.externaltools.gnu-tools-for-stm32.10.3-2021.10.win32_1.0.100.202210260954/tools/bin/../lib/gcc/arm-none-eabi/10.3.1/../../../../arm-none-eabi/lib/thumb/v7e-m+dp/hard\libc_nano.a
LOAD d:/aplicativos/stm32cubeide_1.11.2/stm32cubeide/plugins/com.st.stm32cube.ide.mcu.externaltools.gnu-tools-for-stm32.10.3-2021.10.win32_1.0.100.202210260954/tools/bin/../lib/gcc/arm-none-eabi/10.3.1/../../../../arm-none-eabi/lib/thumb/v7e-m+dp/hard\libnosys.a
END GROUP
START GROUP
LOAD d:/aplicativos/stm32cubeide_1.11.2/stm32cubeide/plugins/com.st.stm32cube.ide.mcu.externaltools.gnu-tools-for-stm32.10.3-2021.10.win32_1.0.100.202210260954/tools/bin/../lib/gcc/arm-none-eabi/10.3.1/thumb/v7e-m+dp/hard\libgcc.a
LOAD d:/aplicativos/stm32cubeide_1.11.2/stm32cubeide/plugins/com.st.stm32cube.ide.mcu.externaltools.gnu-tools-for-stm32.10.3-2021.10.win32_1.0.100.202210260954/tools/bin/../lib/gcc/arm-none-eabi/10.3.1/../../../../arm-none-eabi/lib/thumb/v7e-m+dp/hard\libc_nano.a
LOAD d:/aplicativos/stm32cubeide_1.11.2/stm32cubeide/plugins/com.st.stm32cube.ide.mcu.externaltools.gnu-tools-for-stm32.10.3-2021.10.win32_1.0.100.202210260954/tools/bin/../lib/gcc/arm-none-eabi/10.3.1/../../../../arm-none-eabi/lib/thumb/v7e-m+dp/hard\libnosys.a
END GROUP
LOAD d:/aplicativos/stm32cubeide_1.11.2/stm32cubeide/plugins/com.st.stm32cube.ide.mcu.externaltools.gnu-tools-for-stm32.10.3-2021.10.win32_1.0.100.202210260954/tools/bin/../lib/gcc/arm-none-eabi/10.3.1/thumb/v7e-m+dp/hard/crtend.o
LOAD d:/aplicativos/stm32cubeide_1.11.2/stm32cubeide/plugins/com.st.stm32cube.ide.mcu.externaltools.gnu-tools-for-stm32.10.3-2021.10.win32_1.0.100.202210260954/tools/bin/../lib/gcc/arm-none-eabi/10.3.1/thumb/v7e-m+dp/hard/crtn.o
                0x0000000024080000                _estack = (ORIGIN (RAM_D1) + LENGTH (RAM_D1))
                0x0000000000000400                _Min_Heap_Size = 0x400
                0x0000000000000800                _Min_Stack_Size = 0x800

.isr_vector     0x0000000008000000      0x298
                0x0000000008000000                . = ALIGN (0x4)
 *(.isr_vector)
 .isr_vector    0x0000000008000000      0x298 ./Core/Startup/startup_stm32h743vitx.o
                0x0000000008000000                g_pfnVectors
                0x0000000008000298                . = ALIGN (0x4)

.text           0x0000000008000298     0x73a0
                0x0000000008000298                . = ALIGN (0x4)
 *(.text)
 .text          0x0000000008000298       0x40 d:/aplicativos/stm32cubeide_1.11.2/stm32cubeide/plugins/com.st.stm32cube.ide.mcu.externaltools.gnu-tools-for-stm32.10.3-2021.10.win32_1.0.100.202210260954/tools/bin/../lib/gcc/arm-none-eabi/10.3.1/thumb/v7e-m+dp/hard/crtbegin.o
 *(.text*)
 .text.MX_GPIO_Init
                0x00000000080002d8       0xa0 ./Core/Src/gpio.o
                0x00000000080002d8                MX_GPIO_Init
 .text.main     0x0000000008000378       0x44 ./Core/Src/main.o
                0x0000000008000378                main
 .text.SystemClock_Config
                0x00000000080003bc       0xfc ./Core/Src/main.o
                0x00000000080003bc                SystemClock_Config
 .text.Error_Handler
                0x00000000080004b8        0xa ./Core/Src/main.o
                0x00000000080004b8                Error_Handler
 *fill*         0x00000000080004c2        0x2 
 .text.MX_SDMMC1_SD_Init
                0x00000000080004c4       0x3c ./Core/Src/sdmmc.o
                0x00000000080004c4                MX_SDMMC1_SD_Init
 .text.HAL_SD_MspInit
                0x0000000008000500      0x12c ./Core/Src/sdmmc.o
                0x0000000008000500                HAL_SD_MspInit
 .text.HAL_MspInit
                0x000000000800062c       0x34 ./Core/Src/stm32h7xx_hal_msp.o
                0x000000000800062c                HAL_MspInit
 .text.NMI_Handler
                0x0000000008000660        0x6 ./Core/Src/stm32h7xx_it.o
                0x0000000008000660                NMI_Handler
 .text.HardFault_Handler
                0x0000000008000666        0x6 ./Core/Src/stm32h7xx_it.o
                0x0000000008000666                HardFault_Handler
 .text.MemManage_Handler
                0x000000000800066c        0x6 ./Core/Src/stm32h7xx_it.o
                0x000000000800066c                MemManage_Handler
 .text.BusFault_Handler
                0x0000000008000672        0x6 ./Core/Src/stm32h7xx_it.o
                0x0000000008000672                BusFault_Handler
 .text.UsageFault_Handler
                0x0000000008000678        0x6 ./Core/Src/stm32h7xx_it.o
                0x0000000008000678                UsageFault_Handler
 .text.SVC_Handler
                0x000000000800067e        0xe ./Core/Src/stm32h7xx_it.o
                0x000000000800067e                SVC_Handler
 .text.DebugMon_Handler
                0x000000000800068c        0xe ./Core/Src/stm32h7xx_it.o
                0x000000000800068c                DebugMon_Handler
 .text.PendSV_Handler
                0x000000000800069a        0xe ./Core/Src/stm32h7xx_it.o
                0x000000000800069a                PendSV_Handler
 .text.SysTick_Handler
                0x00000000080006a8        0xc ./Core/Src/stm32h7xx_it.o
                0x00000000080006a8                SysTick_Handler
 .text.SDMMC1_IRQHandler
                0x00000000080006b4       0x14 ./Core/Src/stm32h7xx_it.o
                0x00000000080006b4                SDMMC1_IRQHandler
 .text.SystemInit
                0x00000000080006c8      0x110 ./Core/Src/system_stm32h7xx.o
                0x00000000080006c8                SystemInit
 .text.Reset_Handler
                0x00000000080007d8       0x50 ./Core/Startup/startup_stm32h743vitx.o
                0x00000000080007d8                Reset_Handler
 .text.Default_Handler
                0x0000000008000828        0x2 ./Core/Startup/startup_stm32h743vitx.o
                0x0000000008000828                RTC_Alarm_IRQHandler
                0x0000000008000828                EXTI2_IRQHandler
                0x0000000008000828                TIM8_CC_IRQHandler
                0x0000000008000828                HRTIM1_Master_IRQHandler
                0x0000000008000828                UART8_IRQHandler
                0x0000000008000828                SPI4_IRQHandler
                0x0000000008000828                TIM1_CC_IRQHandler
                0x0000000008000828                BDMA_Channel6_IRQHandler
                0x0000000008000828                DMA2_Stream5_IRQHandler
                0x0000000008000828                HRTIM1_FLT_IRQHandler
                0x0000000008000828                JPEG_IRQHandler
                0x0000000008000828                DMA1_Stream5_IRQHandler
                0x0000000008000828                BDMA_Channel1_IRQHandler
                0x0000000008000828                HRTIM1_TIMD_IRQHandler
                0x0000000008000828                TAMP_STAMP_IRQHandler
                0x0000000008000828                EXTI3_IRQHandler
                0x0000000008000828                LPTIM4_IRQHandler
                0x0000000008000828                TIM8_TRG_COM_TIM14_IRQHandler
                0x0000000008000828                LPTIM2_IRQHandler
                0x0000000008000828                DFSDM1_FLT1_IRQHandler
                0x0000000008000828                DMAMUX2_OVR_IRQHandler
                0x0000000008000828                TIM8_UP_TIM13_IRQHandler
                0x0000000008000828                I2C3_ER_IRQHandler
                0x0000000008000828                DFSDM1_FLT2_IRQHandler
                0x0000000008000828                MDMA_IRQHandler
                0x0000000008000828                LPTIM3_IRQHandler
                0x0000000008000828                HSEM1_IRQHandler
                0x0000000008000828                EXTI0_IRQHandler
                0x0000000008000828                I2C2_EV_IRQHandler
                0x0000000008000828                DMA1_Stream2_IRQHandler
                0x0000000008000828                FPU_IRQHandler
                0x0000000008000828                OTG_HS_WKUP_IRQHandler
                0x0000000008000828                FDCAN1_IT1_IRQHandler
                0x0000000008000828                LTDC_ER_IRQHandler
                0x0000000008000828                DMA2_Stream2_IRQHandler
                0x0000000008000828                HRTIM1_TIME_IRQHandler
                0x0000000008000828                SPI1_IRQHandler
                0x0000000008000828                TIM6_DAC_IRQHandler
                0x0000000008000828                DCMI_IRQHandler
                0x0000000008000828                HRTIM1_TIMC_IRQHandler
                0x0000000008000828                DMA2_Stream3_IRQHandler
                0x0000000008000828                SAI2_IRQHandler
                0x0000000008000828                DFSDM1_FLT3_IRQHandler
                0x0000000008000828                USART6_IRQHandler
                0x0000000008000828                TIM17_IRQHandler
                0x0000000008000828                USART3_IRQHandler
                0x0000000008000828                BDMA_Channel7_IRQHandler
                0x0000000008000828                LPTIM5_IRQHandler
                0x0000000008000828                UART5_IRQHandler
                0x0000000008000828                ADC3_IRQHandler
                0x0000000008000828                DMA2_Stream0_IRQHandler
                0x0000000008000828                TIM4_IRQHandler
                0x0000000008000828                BDMA_Channel2_IRQHandler
                0x0000000008000828                QUADSPI_IRQHandler
                0x0000000008000828                I2C1_EV_IRQHandler
                0x0000000008000828                DMA1_Stream6_IRQHandler
                0x0000000008000828                DMAMUX1_OVR_IRQHandler
                0x0000000008000828                DMA1_Stream1_IRQHandler
                0x0000000008000828                TIM16_IRQHandler
                0x0000000008000828                UART4_IRQHandler
                0x0000000008000828                BDMA_Channel5_IRQHandler
                0x0000000008000828                TIM3_IRQHandler
                0x0000000008000828                RCC_IRQHandler
                0x0000000008000828                TIM8_BRK_TIM12_IRQHandler
                0x0000000008000828                TIM1_TRG_COM_IRQHandler
                0x0000000008000828                Default_Handler
                0x0000000008000828                ECC_IRQHandler
                0x0000000008000828                CEC_IRQHandler
                0x0000000008000828                EXTI15_10_IRQHandler
                0x0000000008000828                BDMA_Channel0_IRQHandler
                0x0000000008000828                ADC_IRQHandler
                0x0000000008000828                DMA1_Stream7_IRQHandler
                0x0000000008000828                HRTIM1_TIMA_IRQHandler
                0x0000000008000828                SPI5_IRQHandler
                0x0000000008000828                TIM7_IRQHandler
                0x0000000008000828                TIM5_IRQHandler
                0x0000000008000828                DMA2_Stream7_IRQHandler
                0x0000000008000828                TIM15_IRQHandler
                0x0000000008000828                PVD_AVD_IRQHandler
                0x0000000008000828                I2C3_EV_IRQHandler
                0x0000000008000828                EXTI9_5_IRQHandler
                0x0000000008000828                RTC_WKUP_IRQHandler
                0x0000000008000828                LTDC_IRQHandler
                0x0000000008000828                SAI3_IRQHandler
                0x0000000008000828                ETH_WKUP_IRQHandler
                0x0000000008000828                SPDIF_RX_IRQHandler
                0x0000000008000828                SPI2_IRQHandler
                0x0000000008000828                OTG_HS_EP1_IN_IRQHandler
                0x0000000008000828                DMA1_Stream0_IRQHandler
                0x0000000008000828                CRS_IRQHandler
                0x0000000008000828                EXTI4_IRQHandler
                0x0000000008000828                RNG_IRQHandler
                0x0000000008000828                HRTIM1_TIMB_IRQHandler
                0x0000000008000828                FDCAN2_IT1_IRQHandler
                0x0000000008000828                ETH_IRQHandler
                0x0000000008000828                TIM1_UP_IRQHandler
                0x0000000008000828                BDMA_Channel4_IRQHandler
                0x0000000008000828                OTG_HS_EP1_OUT_IRQHandler
                0x0000000008000828                WWDG_IRQHandler
                0x0000000008000828                SPI6_IRQHandler
                0x0000000008000828                MDIOS_IRQHandler
                0x0000000008000828                I2C4_EV_IRQHandler
                0x0000000008000828                FDCAN2_IT0_IRQHandler
                0x0000000008000828                LPUART1_IRQHandler
                0x0000000008000828                FDCAN1_IT0_IRQHandler
                0x0000000008000828                TIM2_IRQHandler
                0x0000000008000828                OTG_FS_WKUP_IRQHandler
                0x0000000008000828                OTG_HS_IRQHandler
                0x0000000008000828                DMA2D_IRQHandler
                0x0000000008000828                TIM1_BRK_IRQHandler
                0x0000000008000828                EXTI1_IRQHandler
                0x0000000008000828                SDMMC2_IRQHandler
                0x0000000008000828                OTG_FS_EP1_OUT_IRQHandler
                0x0000000008000828                BDMA_Channel3_IRQHandler
                0x0000000008000828                UART7_IRQHandler
                0x0000000008000828                MDIOS_WKUP_IRQHandler
                0x0000000008000828                USART2_IRQHandler
                0x0000000008000828                DFSDM1_FLT0_IRQHandler
                0x0000000008000828                SAI4_IRQHandler
                0x0000000008000828                I2C2_ER_IRQHandler
                0x0000000008000828                DMA2_Stream1_IRQHandler
                0x0000000008000828                FLASH_IRQHandler
                0x0000000008000828                DMA2_Stream4_IRQHandler
                0x0000000008000828                USART1_IRQHandler
                0x0000000008000828                OTG_FS_IRQHandler
                0x0000000008000828                SPI3_IRQHandler
                0x0000000008000828                WAKEUP_PIN_IRQHandler
                0x0000000008000828                DMA1_Stream4_IRQHandler
                0x0000000008000828                OTG_FS_EP1_IN_IRQHandler
                0x0000000008000828                I2C1_ER_IRQHandler
                0x0000000008000828                FMC_IRQHandler
                0x0000000008000828                FDCAN_CAL_IRQHandler
                0x0000000008000828                SWPMI1_IRQHandler
                0x0000000008000828                COMP1_IRQHandler
                0x0000000008000828                LPTIM1_IRQHandler
                0x0000000008000828                I2C4_ER_IRQHandler
                0x0000000008000828                DMA2_Stream6_IRQHandler
                0x0000000008000828                SAI1_IRQHandler
                0x0000000008000828                DMA1_Stream3_IRQHandler
 *fill*         0x000000000800082a        0x2 
 .text.HAL_Init
                0x000000000800082c       0x78 ./Drivers/STM32H7xx_HAL_Driver/Src/stm32h7xx_hal.o
                0x000000000800082c                HAL_Init
 .text.HAL_InitTick
                0x00000000080008a4       0x6c ./Drivers/STM32H7xx_HAL_Driver/Src/stm32h7xx_hal.o
                0x00000000080008a4                HAL_InitTick
 .text.HAL_IncTick
                0x0000000008000910       0x28 ./Drivers/STM32H7xx_HAL_Driver/Src/stm32h7xx_hal.o
                0x0000000008000910                HAL_IncTick
 .text.HAL_GetTick
                0x0000000008000938       0x18 ./Drivers/STM32H7xx_HAL_Driver/Src/stm32h7xx_hal.o
                0x0000000008000938                HAL_GetTick
 .text.HAL_Delay
                0x0000000008000950       0x48 ./Drivers/STM32H7xx_HAL_Driver/Src/stm32h7xx_hal.o
                0x0000000008000950                HAL_Delay
 .text.HAL_GetREVID
                0x0000000008000998       0x18 ./Drivers/STM32H7xx_HAL_Driver/Src/stm32h7xx_hal.o
                0x0000000008000998                HAL_GetREVID
 .text.__NVIC_SetPriorityGrouping
                0x00000000080009b0       0x48 ./Drivers/STM32H7xx_HAL_Driver/Src/stm32h7xx_hal_cortex.o
 .text.__NVIC_GetPriorityGrouping
                0x00000000080009f8       0x1c ./Drivers/STM32H7xx_HAL_Driver/Src/stm32h7xx_hal_cortex.o
 .text.__NVIC_EnableIRQ
                0x0000000008000a14       0x3c ./Drivers/STM32H7xx_HAL_Driver/Src/stm32h7xx_hal_cortex.o
 .text.__NVIC_SetPriority
                0x0000000008000a50       0x54 ./Drivers/STM32H7xx_HAL_Driver/Src/stm32h7xx_hal_cortex.o
 .text.NVIC_EncodePriority
                0x0000000008000aa4       0x66 ./Drivers/STM32H7xx_HAL_Driver/Src/stm32h7xx_hal_cortex.o
 *fill*         0x0000000008000b0a        0x2 
 .text.SysTick_Config
                0x0000000008000b0c       0x44 ./Drivers/STM32H7xx_HAL_Driver/Src/stm32h7xx_hal_cortex.o
 .text.HAL_NVIC_SetPriorityGrouping
                0x0000000008000b50       0x16 ./Drivers/STM32H7xx_HAL_Driver/Src/stm32h7xx_hal_cortex.o
                0x0000000008000b50                HAL_NVIC_SetPriorityGrouping
 .text.HAL_NVIC_SetPriority
                0x0000000008000b66       0x34 ./Drivers/STM32H7xx_HAL_Driver/Src/stm32h7xx_hal_cortex.o
                0x0000000008000b66                HAL_NVIC_SetPriority
 .text.HAL_NVIC_EnableIRQ
                0x0000000008000b9a       0x1c ./Drivers/STM32H7xx_HAL_Driver/Src/stm32h7xx_hal_cortex.o
                0x0000000008000b9a                HAL_NVIC_EnableIRQ
 .text.HAL_SYSTICK_Config
                0x0000000008000bb6       0x18 ./Drivers/STM32H7xx_HAL_Driver/Src/stm32h7xx_hal_cortex.o
                0x0000000008000bb6                HAL_SYSTICK_Config
 *fill*         0x0000000008000bce        0x2 
 .text.HAL_GPIO_Init
                0x0000000008000bd0      0x360 ./Drivers/STM32H7xx_HAL_Driver/Src/stm32h7xx_hal_gpio.o
                0x0000000008000bd0                HAL_GPIO_Init
 .text.HAL_GPIO_ReadPin
                0x0000000008000f30       0x30 ./Drivers/STM32H7xx_HAL_Driver/Src/stm32h7xx_hal_gpio.o
                0x0000000008000f30                HAL_GPIO_ReadPin
 .text.HAL_GPIO_WritePin
                0x0000000008000f60       0x32 ./Drivers/STM32H7xx_HAL_Driver/Src/stm32h7xx_hal_gpio.o
                0x0000000008000f60                HAL_GPIO_WritePin
 *fill*         0x0000000008000f92        0x2 
 .text.HAL_PWREx_ConfigSupply
                0x0000000008000f94       0x74 ./Drivers/STM32H7xx_HAL_Driver/Src/stm32h7xx_hal_pwr_ex.o
                0x0000000008000f94                HAL_PWREx_ConfigSupply
 .text.HAL_RCC_OscConfig
                0x0000000008001008      0x8b4 ./Drivers/STM32H7xx_HAL_Driver/Src/stm32h7xx_hal_rcc.o
                0x0000000008001008                HAL_RCC_OscConfig
 .text.HAL_RCC_ClockConfig
                0x00000000080018bc      0x36c ./Drivers/STM32H7xx_HAL_Driver/Src/stm32h7xx_hal_rcc.o
                0x00000000080018bc                HAL_RCC_ClockConfig
 .text.HAL_RCC_GetSysClockFreq
                0x0000000008001c28      0x2f4 ./Drivers/STM32H7xx_HAL_Driver/Src/stm32h7xx_hal_rcc.o
                0x0000000008001c28                HAL_RCC_GetSysClockFreq
 .text.HAL_RCC_GetHCLKFreq
                0x0000000008001f1c       0x60 ./Drivers/STM32H7xx_HAL_Driver/Src/stm32h7xx_hal_rcc.o
                0x0000000008001f1c                HAL_RCC_GetHCLKFreq
 .text.HAL_RCC_GetPCLK1Freq
                0x0000000008001f7c       0x2c ./Drivers/STM32H7xx_HAL_Driver/Src/stm32h7xx_hal_rcc.o
                0x0000000008001f7c                HAL_RCC_GetPCLK1Freq
 .text.HAL_RCCEx_PeriphCLKConfig
                0x0000000008001fa8     0x1414 ./Drivers/STM32H7xx_HAL_Driver/Src/stm32h7xx_hal_rcc_ex.o
                0x0000000008001fa8                HAL_RCCEx_PeriphCLKConfig
 .text.HAL_RCCEx_GetPeriphCLKFreq
                0x00000000080033bc      0xb00 ./Drivers/STM32H7xx_HAL_Driver/Src/stm32h7xx_hal_rcc_ex.o
                0x00000000080033bc                HAL_RCCEx_GetPeriphCLKFreq
 .text.HAL_RCCEx_GetD3PCLK1Freq
                0x0000000008003ebc       0x2c ./Drivers/STM32H7xx_HAL_Driver/Src/stm32h7xx_hal_rcc_ex.o
                0x0000000008003ebc                HAL_RCCEx_GetD3PCLK1Freq
 .text.HAL_RCCEx_GetPLL2ClockFreq
                0x0000000008003ee8      0x2a8 ./Drivers/STM32H7xx_HAL_Driver/Src/stm32h7xx_hal_rcc_ex.o
                0x0000000008003ee8                HAL_RCCEx_GetPLL2ClockFreq
 .text.HAL_RCCEx_GetPLL3ClockFreq
                0x0000000008004190      0x2a8 ./Drivers/STM32H7xx_HAL_Driver/Src/stm32h7xx_hal_rcc_ex.o
                0x0000000008004190                HAL_RCCEx_GetPLL3ClockFreq
 .text.HAL_RCCEx_GetPLL1ClockFreq
                0x0000000008004438      0x2a4 ./Drivers/STM32H7xx_HAL_Driver/Src/stm32h7xx_hal_rcc_ex.o
                0x0000000008004438                HAL_RCCEx_GetPLL1ClockFreq
 .text.RCCEx_PLL2_Config
                0x00000000080046dc      0x164 ./Drivers/STM32H7xx_HAL_Driver/Src/stm32h7xx_hal_rcc_ex.o
 .text.RCCEx_PLL3_Config
                0x0000000008004840      0x164 ./Drivers/STM32H7xx_HAL_Driver/Src/stm32h7xx_hal_rcc_ex.o
 .text.HAL_SD_Init
                0x00000000080049a4      0x106 ./Drivers/STM32H7xx_HAL_Driver/Src/stm32h7xx_hal_sd.o
                0x00000000080049a4                HAL_SD_Init
 *fill*         0x0000000008004aaa        0x2 
 .text.HAL_SD_InitCard
                0x0000000008004aac      0x138 ./Drivers/STM32H7xx_HAL_Driver/Src/stm32h7xx_hal_sd.o
                0x0000000008004aac                HAL_SD_InitCard
 .text.HAL_SD_ReadBlocks
                0x0000000008004be4      0x314 ./Drivers/STM32H7xx_HAL_Driver/Src/stm32h7xx_hal_sd.o
                0x0000000008004be4                HAL_SD_ReadBlocks
 .text.HAL_SD_WriteBlocks
                0x0000000008004ef8      0x31c ./Drivers/STM32H7xx_HAL_Driver/Src/stm32h7xx_hal_sd.o
                0x0000000008004ef8                HAL_SD_WriteBlocks
 .text.HAL_SD_IRQHandler
                0x0000000008005214      0x370 ./Drivers/STM32H7xx_HAL_Driver/Src/stm32h7xx_hal_sd.o
                0x0000000008005214                HAL_SD_IRQHandler
 .text.HAL_SD_ErrorCallback
                0x0000000008005584       0x14 ./Drivers/STM32H7xx_HAL_Driver/Src/stm32h7xx_hal_sd.o
                0x0000000008005584                HAL_SD_ErrorCallback
 .text.HAL_SD_GetCardCSD
                0x0000000008005598      0x348 ./Drivers/STM32H7xx_HAL_Driver/Src/stm32h7xx_hal_sd.o
                0x0000000008005598                HAL_SD_GetCardCSD
 .text.HAL_SD_GetCardStatus
                0x00000000080058e0      0x17c ./Drivers/STM32H7xx_HAL_Driver/Src/stm32h7xx_hal_sd.o
                0x00000000080058e0                HAL_SD_GetCardStatus
 .text.HAL_SD_GetCardInfo
                0x0000000008005a5c       0x58 ./Drivers/STM32H7xx_HAL_Driver/Src/stm32h7xx_hal_sd.o
                0x0000000008005a5c                HAL_SD_GetCardInfo
 .text.HAL_SD_ConfigWideBusOperation
                0x0000000008005ab4      0x224 ./Drivers/STM32H7xx_HAL_Driver/Src/stm32h7xx_hal_sd.o
                0x0000000008005ab4                HAL_SD_ConfigWideBusOperation
 .text.HAL_SD_GetCardState
                0x0000000008005cd8       0x40 ./Drivers/STM32H7xx_HAL_Driver/Src/stm32h7xx_hal_sd.o
                0x0000000008005cd8                HAL_SD_GetCardState
 .text.SD_InitCard
                0x0000000008005d18      0x19c ./Drivers/STM32H7xx_HAL_Driver/Src/stm32h7xx_hal_sd.o
 .text.SD_PowerON
                0x0000000008005eb4      0x11c ./Drivers/STM32H7xx_HAL_Driver/Src/stm32h7xx_hal_sd.o
 .text.SD_SendSDStatus
                0x0000000008005fd0      0x1a0 ./Drivers/STM32H7xx_HAL_Driver/Src/stm32h7xx_hal_sd.o
 .text.SD_SendStatus
                0x0000000008006170       0x50 ./Drivers/STM32H7xx_HAL_Driver/Src/stm32h7xx_hal_sd.o
 .text.SD_WideBus_Enable
                0x00000000080061c0       0x96 ./Drivers/STM32H7xx_HAL_Driver/Src/stm32h7xx_hal_sd.o
 .text.SD_WideBus_Disable
                0x0000000008006256       0x96 ./Drivers/STM32H7xx_HAL_Driver/Src/stm32h7xx_hal_sd.o
 .text.SD_FindSCR
                0x00000000080062ec      0x1a0 ./Drivers/STM32H7xx_HAL_Driver/Src/stm32h7xx_hal_sd.o
 .text.SD_Read_IT
                0x000000000800648c       0x8c ./Drivers/STM32H7xx_HAL_Driver/Src/stm32h7xx_hal_sd.o
 .text.SD_Write_IT
                0x0000000008006518       0x94 ./Drivers/STM32H7xx_HAL_Driver/Src/stm32h7xx_hal_sd.o
 .text.HAL_SDEx_Read_DMADoubleBuf0CpltCallback
                0x00000000080065ac       0x14 ./Drivers/STM32H7xx_HAL_Driver/Src/stm32h7xx_hal_sd.o
                0x00000000080065ac                HAL_SDEx_Read_DMADoubleBuf0CpltCallback
 .text.HAL_SDEx_Read_DMADoubleBuf1CpltCallback
                0x00000000080065c0       0x14 ./Drivers/STM32H7xx_HAL_Driver/Src/stm32h7xx_hal_sd.o
                0x00000000080065c0                HAL_SDEx_Read_DMADoubleBuf1CpltCallback
 .text.HAL_SDEx_Write_DMADoubleBuf0CpltCallback
                0x00000000080065d4       0x14 ./Drivers/STM32H7xx_HAL_Driver/Src/stm32h7xx_hal_sd.o
                0x00000000080065d4                HAL_SDEx_Write_DMADoubleBuf0CpltCallback
 .text.HAL_SDEx_Write_DMADoubleBuf1CpltCallback
                0x00000000080065e8       0x14 ./Drivers/STM32H7xx_HAL_Driver/Src/stm32h7xx_hal_sd.o
                0x00000000080065e8                HAL_SDEx_Write_DMADoubleBuf1CpltCallback
 .text.SDMMC_Init
                0x00000000080065fc       0x54 ./Drivers/STM32H7xx_HAL_Driver/Src/stm32h7xx_ll_sdmmc.o
                0x00000000080065fc                SDMMC_Init
 .text.SDMMC_ReadFIFO
                0x0000000008006650       0x1a ./Drivers/STM32H7xx_HAL_Driver/Src/stm32h7xx_ll_sdmmc.o
                0x0000000008006650                SDMMC_ReadFIFO
 .text.SDMMC_WriteFIFO
                0x000000000800666a       0x22 ./Drivers/STM32H7xx_HAL_Driver/Src/stm32h7xx_ll_sdmmc.o
                0x000000000800666a                SDMMC_WriteFIFO
 .text.SDMMC_PowerState_ON
                0x000000000800668c       0x22 ./Drivers/STM32H7xx_HAL_Driver/Src/stm32h7xx_ll_sdmmc.o
                0x000000000800668c                SDMMC_PowerState_ON
 .text.SDMMC_GetPowerState
                0x00000000080066ae       0x1c ./Drivers/STM32H7xx_HAL_Driver/Src/stm32h7xx_ll_sdmmc.o
                0x00000000080066ae                SDMMC_GetPowerState
 *fill*         0x00000000080066ca        0x2 
 .text.SDMMC_SendCommand
                0x00000000080066cc       0x54 ./Drivers/STM32H7xx_HAL_Driver/Src/stm32h7xx_ll_sdmmc.o
                0x00000000080066cc                SDMMC_SendCommand
 .text.SDMMC_GetCommandResponse
                0x0000000008006720       0x1a ./Drivers/STM32H7xx_HAL_Driver/Src/stm32h7xx_ll_sdmmc.o
                0x0000000008006720                SDMMC_GetCommandResponse
 .text.SDMMC_GetResponse
                0x000000000800673a       0x26 ./Drivers/STM32H7xx_HAL_Driver/Src/stm32h7xx_ll_sdmmc.o
                0x000000000800673a                SDMMC_GetResponse
 .text.SDMMC_ConfigData
                0x0000000008006760       0x58 ./Drivers/STM32H7xx_HAL_Driver/Src/stm32h7xx_ll_sdmmc.o
                0x0000000008006760                SDMMC_ConfigData
 .text.SDMMC_CmdBlockLength
                0x00000000080067b8       0x46 ./Drivers/STM32H7xx_HAL_Driver/Src/stm32h7xx_ll_sdmmc.o
                0x00000000080067b8                SDMMC_CmdBlockLength
 .text.SDMMC_CmdReadSingleBlock
                0x00000000080067fe       0x46 ./Drivers/STM32H7xx_HAL_Driver/Src/stm32h7xx_ll_sdmmc.o
                0x00000000080067fe                SDMMC_CmdReadSingleBlock
 .text.SDMMC_CmdReadMultiBlock
                0x0000000008006844       0x46 ./Drivers/STM32H7xx_HAL_Driver/Src/stm32h7xx_ll_sdmmc.o
                0x0000000008006844                SDMMC_CmdReadMultiBlock
 .text.SDMMC_CmdWriteSingleBlock
                0x000000000800688a       0x46 ./Drivers/STM32H7xx_HAL_Driver/Src/stm32h7xx_ll_sdmmc.o
                0x000000000800688a                SDMMC_CmdWriteSingleBlock
 .text.SDMMC_CmdWriteMultiBlock
                0x00000000080068d0       0x46 ./Drivers/STM32H7xx_HAL_Driver/Src/stm32h7xx_ll_sdmmc.o
                0x00000000080068d0                SDMMC_CmdWriteMultiBlock
 *fill*         0x0000000008006916        0x2 
 .text.SDMMC_CmdStopTransfer
                0x0000000008006918       0x78 ./Drivers/STM32H7xx_HAL_Driver/Src/stm32h7xx_ll_sdmmc.o
                0x0000000008006918                SDMMC_CmdStopTransfer
 .text.SDMMC_CmdSelDesel
                0x0000000008006990       0x46 ./Drivers/STM32H7xx_HAL_Driver/Src/stm32h7xx_ll_sdmmc.o
                0x0000000008006990                SDMMC_CmdSelDesel
 .text.SDMMC_CmdGoIdleState
                0x00000000080069d6       0x3c ./Drivers/STM32H7xx_HAL_Driver/Src/stm32h7xx_ll_sdmmc.o
                0x00000000080069d6                SDMMC_CmdGoIdleState
 .text.SDMMC_CmdOperCond
                0x0000000008006a12       0x40 ./Drivers/STM32H7xx_HAL_Driver/Src/stm32h7xx_ll_sdmmc.o
                0x0000000008006a12                SDMMC_CmdOperCond
 .text.SDMMC_CmdAppCommand
                0x0000000008006a52       0x46 ./Drivers/STM32H7xx_HAL_Driver/Src/stm32h7xx_ll_sdmmc.o
                0x0000000008006a52                SDMMC_CmdAppCommand
 .text.SDMMC_CmdAppOperCommand
                0x0000000008006a98       0x40 ./Drivers/STM32H7xx_HAL_Driver/Src/stm32h7xx_ll_sdmmc.o
                0x0000000008006a98                SDMMC_CmdAppOperCommand
 .text.SDMMC_CmdBusWidth
                0x0000000008006ad8       0x46 ./Drivers/STM32H7xx_HAL_Driver/Src/stm32h7xx_ll_sdmmc.o
                0x0000000008006ad8                SDMMC_CmdBusWidth
 .text.SDMMC_CmdSendSCR
                0x0000000008006b1e       0x44 ./Drivers/STM32H7xx_HAL_Driver/Src/stm32h7xx_ll_sdmmc.o
                0x0000000008006b1e                SDMMC_CmdSendSCR
 .text.SDMMC_CmdSendCID
                0x0000000008006b62       0x3e ./Drivers/STM32H7xx_HAL_Driver/Src/stm32h7xx_ll_sdmmc.o
                0x0000000008006b62                SDMMC_CmdSendCID
 .text.SDMMC_CmdSendCSD
                0x0000000008006ba0       0x40 ./Drivers/STM32H7xx_HAL_Driver/Src/stm32h7xx_ll_sdmmc.o
                0x0000000008006ba0                SDMMC_CmdSendCSD
 .text.SDMMC_CmdSetRelAdd
                0x0000000008006be0       0x44 ./Drivers/STM32H7xx_HAL_Driver/Src/stm32h7xx_ll_sdmmc.o
                0x0000000008006be0                SDMMC_CmdSetRelAdd
 .text.SDMMC_CmdSendStatus
                0x0000000008006c24       0x46 ./Drivers/STM32H7xx_HAL_Driver/Src/stm32h7xx_ll_sdmmc.o
                0x0000000008006c24                SDMMC_CmdSendStatus
 .text.SDMMC_CmdStatusRegister
                0x0000000008006c6a       0x44 ./Drivers/STM32H7xx_HAL_Driver/Src/stm32h7xx_ll_sdmmc.o
                0x0000000008006c6a                SDMMC_CmdStatusRegister
 *fill*         0x0000000008006cae        0x2 
 .text.SDMMC_GetCmdResp1
                0x0000000008006cb0      0x1e4 ./Drivers/STM32H7xx_HAL_Driver/Src/stm32h7xx_ll_sdmmc.o
                0x0000000008006cb0                SDMMC_GetCmdResp1
 .text.SDMMC_GetCmdResp2
                0x0000000008006e94       0x94 ./Drivers/STM32H7xx_HAL_Driver/Src/stm32h7xx_ll_sdmmc.o
                0x0000000008006e94                SDMMC_GetCmdResp2
 .text.SDMMC_GetCmdResp3
                0x0000000008006f28       0x80 ./Drivers/STM32H7xx_HAL_Driver/Src/stm32h7xx_ll_sdmmc.o
                0x0000000008006f28                SDMMC_GetCmdResp3
 .text.SDMMC_GetCmdResp6
                0x0000000008006fa8       0xf0 ./Drivers/STM32H7xx_HAL_Driver/Src/stm32h7xx_ll_sdmmc.o
                0x0000000008006fa8                SDMMC_GetCmdResp6
 .text.SDMMC_GetCmdResp7
                0x0000000008007098       0x9c ./Drivers/STM32H7xx_HAL_Driver/Src/stm32h7xx_ll_sdmmc.o
                0x0000000008007098                SDMMC_GetCmdResp7
 .text.SDMMC_GetCmdError
                0x0000000008007134       0x5c ./Drivers/STM32H7xx_HAL_Driver/Src/stm32h7xx_ll_sdmmc.o
 .text.MX_FATFS_Init
                0x0000000008007190       0x24 ./FATFS/App/fatfs.o
                0x0000000008007190                MX_FATFS_Init
 .text.BSP_SD_Init
                0x00000000080071b4       0x4c ./FATFS/Target/bsp_driver_sd.o
                0x00000000080071b4                BSP_SD_Init
 .text.BSP_SD_ReadBlocks
                0x0000000008007200       0x3c ./FATFS/Target/bsp_driver_sd.o
                0x0000000008007200                BSP_SD_ReadBlocks
 .text.BSP_SD_WriteBlocks
                0x000000000800723c       0x3c ./FATFS/Target/bsp_driver_sd.o
                0x000000000800723c                BSP_SD_WriteBlocks
 .text.BSP_SD_GetCardState
                0x0000000008007278       0x20 ./FATFS/Target/bsp_driver_sd.o
                0x0000000008007278                BSP_SD_GetCardState
 .text.BSP_SD_GetCardInfo
                0x0000000008007298       0x1c ./FATFS/Target/bsp_driver_sd.o
                0x0000000008007298                BSP_SD_GetCardInfo
 .text.HAL_SD_TxCpltCallback
                0x00000000080072b4       0x14 ./FATFS/Target/bsp_driver_sd.o
                0x00000000080072b4                HAL_SD_TxCpltCallback
 .text.HAL_SD_RxCpltCallback
                0x00000000080072c8       0x14 ./FATFS/Target/bsp_driver_sd.o
                0x00000000080072c8                HAL_SD_RxCpltCallback
 .text.BSP_SD_WriteCpltCallback
                0x00000000080072dc        0xe ./FATFS/Target/bsp_driver_sd.o
                0x00000000080072dc                BSP_SD_WriteCpltCallback
 .text.BSP_SD_ReadCpltCallback
                0x00000000080072ea        0xe ./FATFS/Target/bsp_driver_sd.o
                0x00000000080072ea                BSP_SD_ReadCpltCallback
 .text.BSP_SD_IsDetected
                0x00000000080072f8       0x24 ./FATFS/Target/bsp_driver_sd.o
                0x00000000080072f8                BSP_SD_IsDetected
 .text.BSP_PlatformIsDetected
                0x000000000800731c       0x2c ./FATFS/Target/fatfs_platform.o
                0x000000000800731c                BSP_PlatformIsDetected
 .text.SD_CheckStatus
                0x0000000008007348       0x3c ./FATFS/Target/sd_diskio.o
 .text.SD_initialize
                0x0000000008007384       0x3c ./FATFS/Target/sd_diskio.o
                0x0000000008007384                SD_initialize
 .text.SD_status
                0x00000000080073c0       0x1c ./FATFS/Target/sd_diskio.o
                0x00000000080073c0                SD_status
 .text.SD_read  0x00000000080073dc       0x42 ./FATFS/Target/sd_diskio.o
                0x00000000080073dc                SD_read
 .text.SD_write
                0x000000000800741e       0x42 ./FATFS/Target/sd_diskio.o
                0x000000000800741e                SD_write
 .text.SD_ioctl
                0x0000000008007460       0xb0 ./FATFS/Target/sd_diskio.o
                0x0000000008007460                SD_ioctl
 .text.FATFS_LinkDriverEx
                0x0000000008007510       0x98 ./Middlewares/Third_Party/FatFs/src/ff_gen_drv.o
                0x0000000008007510                FATFS_LinkDriverEx
 .text.FATFS_LinkDriver
                0x00000000080075a8       0x1e ./Middlewares/Third_Party/FatFs/src/ff_gen_drv.o
                0x00000000080075a8                FATFS_LinkDriver
 *fill*         0x00000000080075c6        0x2 
 .text.__libc_init_array
                0x00000000080075c8       0x48 d:/aplicativos/stm32cubeide_1.11.2/stm32cubeide/plugins/com.st.stm32cube.ide.mcu.externaltools.gnu-tools-for-stm32.10.3-2021.10.win32_1.0.100.202210260954/tools/bin/../lib/gcc/arm-none-eabi/10.3.1/../../../../arm-none-eabi/lib/thumb/v7e-m+dp/hard\libc_nano.a(lib_a-init.o)
                0x00000000080075c8                __libc_init_array
 .text.memset   0x0000000008007610       0x10 d:/aplicativos/stm32cubeide_1.11.2/stm32cubeide/plugins/com.st.stm32cube.ide.mcu.externaltools.gnu-tools-for-stm32.10.3-2021.10.win32_1.0.100.202210260954/tools/bin/../lib/gcc/arm-none-eabi/10.3.1/../../../../arm-none-eabi/lib/thumb/v7e-m+dp/hard\libc_nano.a(lib_a-memset.o)
                0x0000000008007610                memset
 *(.glue_7)
 .glue_7        0x0000000008007620        0x0 linker stubs
 *(.glue_7t)
 .glue_7t       0x0000000008007620        0x0 linker stubs
 *(.eh_frame)
 .eh_frame      0x0000000008007620        0x0 d:/aplicativos/stm32cubeide_1.11.2/stm32cubeide/plugins/com.st.stm32cube.ide.mcu.externaltools.gnu-tools-for-stm32.10.3-2021.10.win32_1.0.100.202210260954/tools/bin/../lib/gcc/arm-none-eabi/10.3.1/thumb/v7e-m+dp/hard/crtbegin.o
 *(.init)
 .init          0x0000000008007620        0x4 d:/aplicativos/stm32cubeide_1.11.2/stm32cubeide/plugins/com.st.stm32cube.ide.mcu.externaltools.gnu-tools-for-stm32.10.3-2021.10.win32_1.0.100.202210260954/tools/bin/../lib/gcc/arm-none-eabi/10.3.1/thumb/v7e-m+dp/hard/crti.o
                0x0000000008007620                _init
 .init          0x0000000008007624        0x8 d:/aplicativos/stm32cubeide_1.11.2/stm32cubeide/plugins/com.st.stm32cube.ide.mcu.externaltools.gnu-tools-for-stm32.10.3-2021.10.win32_1.0.100.202210260954/tools/bin/../lib/gcc/arm-none-eabi/10.3.1/thumb/v7e-m+dp/hard/crtn.o
 *(.fini)
 .fini          0x000000000800762c        0x4 d:/aplicativos/stm32cubeide_1.11.2/stm32cubeide/plugins/com.st.stm32cube.ide.mcu.externaltools.gnu-tools-for-stm32.10.3-2021.10.win32_1.0.100.202210260954/tools/bin/../lib/gcc/arm-none-eabi/10.3.1/thumb/v7e-m+dp/hard/crti.o
                0x000000000800762c                _fini
 .fini          0x0000000008007630        0x8 d:/aplicativos/stm32cubeide_1.11.2/stm32cubeide/plugins/com.st.stm32cube.ide.mcu.externaltools.gnu-tools-for-stm32.10.3-2021.10.win32_1.0.100.202210260954/tools/bin/../lib/gcc/arm-none-eabi/10.3.1/thumb/v7e-m+dp/hard/crtn.o
                0x0000000008007638                . = ALIGN (0x4)
                0x0000000008007638                _etext = .

.vfp11_veneer   0x0000000008007638        0x0
 .vfp11_veneer  0x0000000008007638        0x0 linker stubs

.v4_bx          0x0000000008007638        0x0
 .v4_bx         0x0000000008007638        0x0 linker stubs

.iplt           0x0000000008007638        0x0
 .iplt          0x0000000008007638        0x0 d:/aplicativos/stm32cubeide_1.11.2/stm32cubeide/plugins/com.st.stm32cube.ide.mcu.externaltools.gnu-tools-for-stm32.10.3-2021.10.win32_1.0.100.202210260954/tools/bin/../lib/gcc/arm-none-eabi/10.3.1/thumb/v7e-m+dp/hard/crtbegin.o

.rodata         0x0000000008007638       0x40
                0x0000000008007638                . = ALIGN (0x4)
 *(.rodata)
 .rodata        0x0000000008007638       0x19 ./Core/Src/main.o
 *(.rodata*)
 *fill*         0x0000000008007651        0x3 
 .rodata.D1CorePrescTable
                0x0000000008007654       0x10 ./Core/Src/system_stm32h7xx.o
                0x0000000008007654                D1CorePrescTable
 .rodata.SD_Driver
                0x0000000008007664       0x14 ./FATFS/Target/sd_diskio.o
                0x0000000008007664                SD_Driver
                0x0000000008007678                . = ALIGN (0x4)

.rel.dyn        0x0000000008007678        0x0
 .rel.iplt      0x0000000008007678        0x0 d:/aplicativos/stm32cubeide_1.11.2/stm32cubeide/plugins/com.st.stm32cube.ide.mcu.externaltools.gnu-tools-for-stm32.10.3-2021.10.win32_1.0.100.202210260954/tools/bin/../lib/gcc/arm-none-eabi/10.3.1/thumb/v7e-m+dp/hard/crtbegin.o

.ARM.extab
 *(.ARM.extab* .gnu.linkonce.armextab.*)

.ARM            0x0000000008007678        0x0
                0x0000000008007678                __exidx_start = .
 *(.ARM.exidx*)
                0x0000000008007678                __exidx_end = .

.preinit_array  0x0000000008007678        0x0
                0x0000000008007678                PROVIDE (__preinit_array_start = .)
 *(.preinit_array*)
                0x0000000008007678                PROVIDE (__preinit_array_end = .)

.init_array     0x0000000008007678        0x4
                0x0000000008007678                PROVIDE (__init_array_start = .)
 *(SORT_BY_NAME(.init_array.*))
 *(.init_array*)
 .init_array    0x0000000008007678        0x4 d:/aplicativos/stm32cubeide_1.11.2/stm32cubeide/plugins/com.st.stm32cube.ide.mcu.externaltools.gnu-tools-for-stm32.10.3-2021.10.win32_1.0.100.202210260954/tools/bin/../lib/gcc/arm-none-eabi/10.3.1/thumb/v7e-m+dp/hard/crtbegin.o
                0x000000000800767c                PROVIDE (__init_array_end = .)

.fini_array     0x000000000800767c        0x4
                [!provide]                        PROVIDE (__fini_array_start = .)
 *(SORT_BY_NAME(.fini_array.*))
 *(.fini_array*)
 .fini_array    0x000000000800767c        0x4 d:/aplicativos/stm32cubeide_1.11.2/stm32cubeide/plugins/com.st.stm32cube.ide.mcu.externaltools.gnu-tools-for-stm32.10.3-2021.10.win32_1.0.100.202210260954/tools/bin/../lib/gcc/arm-none-eabi/10.3.1/thumb/v7e-m+dp/hard/crtbegin.o
                [!provide]                        PROVIDE (__fini_array_end = .)
                0x0000000008007680                _sidata = LOADADDR (.data)

.data           0x0000000024000000       0x10 load address 0x0000000008007680
                0x0000000024000000                . = ALIGN (0x4)
                0x0000000024000000                _sdata = .
 *(.data)
 *(.data*)
 .data.SystemCoreClock
                0x0000000024000000        0x4 ./Core/Src/system_stm32h7xx.o
                0x0000000024000000                SystemCoreClock
 .data.SystemD2Clock
                0x0000000024000004        0x4 ./Core/Src/system_stm32h7xx.o
                0x0000000024000004                SystemD2Clock
 .data.uwTickPrio
                0x0000000024000008        0x4 ./Drivers/STM32H7xx_HAL_Driver/Src/stm32h7xx_hal.o
                0x0000000024000008                uwTickPrio
 .data.uwTickFreq
                0x000000002400000c        0x1 ./Drivers/STM32H7xx_HAL_Driver/Src/stm32h7xx_hal.o
                0x000000002400000c                uwTickFreq
 .data.Stat     0x000000002400000d        0x1 ./FATFS/Target/sd_diskio.o
 *(.RamFunc)
 *(.RamFunc*)
                0x0000000024000010                . = ALIGN (0x4)
 *fill*         0x000000002400000e        0x2 
                0x0000000024000010                _edata = .

.igot.plt       0x0000000024000010        0x0 load address 0x0000000008007690
 .igot.plt      0x0000000024000010        0x0 d:/aplicativos/stm32cubeide_1.11.2/stm32cubeide/plugins/com.st.stm32cube.ide.mcu.externaltools.gnu-tools-for-stm32.10.3-2021.10.win32_1.0.100.202210260954/tools/bin/../lib/gcc/arm-none-eabi/10.3.1/thumb/v7e-m+dp/hard/crtbegin.o
                0x0000000024000010                . = ALIGN (0x4)

.bss            0x0000000024000010       0xb0 load address 0x0000000008007690
                0x0000000024000010                _sbss = .
                0x0000000024000010                __bss_start__ = _sbss
 *(.bss)
 .bss           0x0000000024000010       0x1c d:/aplicativos/stm32cubeide_1.11.2/stm32cubeide/plugins/com.st.stm32cube.ide.mcu.externaltools.gnu-tools-for-stm32.10.3-2021.10.win32_1.0.100.202210260954/tools/bin/../lib/gcc/arm-none-eabi/10.3.1/thumb/v7e-m+dp/hard/crtbegin.o
 *(.bss*)
 .bss.hsd1      0x000000002400002c       0x7c ./Core/Src/sdmmc.o
                0x000000002400002c                hsd1
 .bss.uwTick    0x00000000240000a8        0x4 ./Drivers/STM32H7xx_HAL_Driver/Src/stm32h7xx_hal.o
                0x00000000240000a8                uwTick
 .bss.retSD     0x00000000240000ac        0x1 ./FATFS/App/fatfs.o
                0x00000000240000ac                retSD
 *fill*         0x00000000240000ad        0x3 
 .bss.SDPath    0x00000000240000b0        0x4 ./FATFS/App/fatfs.o
                0x00000000240000b0                SDPath
 .bss.disk      0x00000000240000b4        0xc ./Middlewares/Third_Party/FatFs/src/ff_gen_drv.o
                0x00000000240000b4                disk
 *(COMMON)
                0x00000000240000c0                . = ALIGN (0x4)
                0x00000000240000c0                _ebss = .
                0x00000000240000c0                __bss_end__ = _ebss

._user_heap_stack
                0x00000000240000c0      0xc00 load address 0x0000000008007690
                0x00000000240000c0                . = ALIGN (0x8)
                [!provide]                        PROVIDE (end = .)
                0x00000000240000c0                PROVIDE (_end = .)
                0x00000000240004c0                . = (. + _Min_Heap_Size)
 *fill*         0x00000000240000c0      0x400 
                0x0000000024000cc0                . = (. + _Min_Stack_Size)
 *fill*         0x00000000240004c0      0x800 
                0x0000000024000cc0                . = ALIGN (0x8)

/DISCARD/
 libc.a(*)
 libm.a(*)
 libgcc.a(*)

.ARM.attributes
                0x0000000000000000       0x2e
 *(.ARM.attributes)
 .ARM.attributes
                0x0000000000000000       0x1e d:/aplicativos/stm32cubeide_1.11.2/stm32cubeide/plugins/com.st.stm32cube.ide.mcu.externaltools.gnu-tools-for-stm32.10.3-2021.10.win32_1.0.100.202210260954/tools/bin/../lib/gcc/arm-none-eabi/10.3.1/thumb/v7e-m+dp/hard/crti.o
 .ARM.attributes
                0x000000000000001e       0x32 d:/aplicativos/stm32cubeide_1.11.2/stm32cubeide/plugins/com.st.stm32cube.ide.mcu.externaltools.gnu-tools-for-stm32.10.3-2021.10.win32_1.0.100.202210260954/tools/bin/../lib/gcc/arm-none-eabi/10.3.1/thumb/v7e-m+dp/hard/crtbegin.o
 .ARM.attributes
                0x0000000000000050       0x32 ./Core/Src/gpio.o
 .ARM.attributes
                0x0000000000000082       0x32 ./Core/Src/main.o
 .ARM.attributes
                0x00000000000000b4       0x32 ./Core/Src/sdmmc.o
 .ARM.attributes
                0x00000000000000e6       0x32 ./Core/Src/stm32h7xx_hal_msp.o
 .ARM.attributes
                0x0000000000000118       0x32 ./Core/Src/stm32h7xx_it.o
 .ARM.attributes
                0x000000000000014a       0x32 ./Core/Src/system_stm32h7xx.o
 .ARM.attributes
                0x000000000000017c       0x21 ./Core/Startup/startup_stm32h743vitx.o
 .ARM.attributes
                0x000000000000019d       0x32 ./Drivers/STM32H7xx_HAL_Driver/Src/stm32h7xx_hal.o
 .ARM.attributes
                0x00000000000001cf       0x32 ./Drivers/STM32H7xx_HAL_Driver/Src/stm32h7xx_hal_cortex.o
 .ARM.attributes
                0x0000000000000201       0x32 ./Drivers/STM32H7xx_HAL_Driver/Src/stm32h7xx_hal_gpio.o
 .ARM.attributes
                0x0000000000000233       0x32 ./Drivers/STM32H7xx_HAL_Driver/Src/stm32h7xx_hal_pwr_ex.o
 .ARM.attributes
                0x0000000000000265       0x32 ./Drivers/STM32H7xx_HAL_Driver/Src/stm32h7xx_hal_rcc.o
 .ARM.attributes
                0x0000000000000297       0x32 ./Drivers/STM32H7xx_HAL_Driver/Src/stm32h7xx_hal_rcc_ex.o
 .ARM.attributes
                0x00000000000002c9       0x32 ./Drivers/STM32H7xx_HAL_Driver/Src/stm32h7xx_hal_sd.o
 .ARM.attributes
                0x00000000000002fb       0x32 ./Drivers/STM32H7xx_HAL_Driver/Src/stm32h7xx_ll_sdmmc.o
 .ARM.attributes
                0x000000000000032d       0x32 ./FATFS/App/fatfs.o
 .ARM.attributes
                0x000000000000035f       0x32 ./FATFS/Target/bsp_driver_sd.o
 .ARM.attributes
                0x0000000000000391       0x32 ./FATFS/Target/fatfs_platform.o
 .ARM.attributes
                0x00000000000003c3       0x32 ./FATFS/Target/sd_diskio.o
 .ARM.attributes
                0x00000000000003f5       0x32 ./Middlewares/Third_Party/FatFs/src/ff_gen_drv.o
 .ARM.attributes
                0x0000000000000427       0x32 d:/aplicativos/stm32cubeide_1.11.2/stm32cubeide/plugins/com.st.stm32cube.ide.mcu.externaltools.gnu-tools-for-stm32.10.3-2021.10.win32_1.0.100.202210260954/tools/bin/../lib/gcc/arm-none-eabi/10.3.1/../../../../arm-none-eabi/lib/thumb/v7e-m+dp/hard\libc_nano.a(lib_a-init.o)
 .ARM.attributes
                0x0000000000000459       0x32 d:/aplicativos/stm32cubeide_1.11.2/stm32cubeide/plugins/com.st.stm32cube.ide.mcu.externaltools.gnu-tools-for-stm32.10.3-2021.10.win32_1.0.100.202210260954/tools/bin/../lib/gcc/arm-none-eabi/10.3.1/../../../../arm-none-eabi/lib/thumb/v7e-m+dp/hard\libc_nano.a(lib_a-memset.o)
 .ARM.attributes
                0x000000000000048b       0x1e d:/aplicativos/stm32cubeide_1.11.2/stm32cubeide/plugins/com.st.stm32cube.ide.mcu.externaltools.gnu-tools-for-stm32.10.3-2021.10.win32_1.0.100.202210260954/tools/bin/../lib/gcc/arm-none-eabi/10.3.1/thumb/v7e-m+dp/hard/crtn.o
OUTPUT(Datalogger_0.1.elf elf32-littlearm)
LOAD linker stubs
LOAD d:/aplicativos/stm32cubeide_1.11.2/stm32cubeide/plugins/com.st.stm32cube.ide.mcu.externaltools.gnu-tools-for-stm32.10.3-2021.10.win32_1.0.100.202210260954/tools/bin/../lib/gcc/arm-none-eabi/10.3.1/../../../../arm-none-eabi/lib/thumb/v7e-m+dp/hard\libc.a
LOAD d:/aplicativos/stm32cubeide_1.11.2/stm32cubeide/plugins/com.st.stm32cube.ide.mcu.externaltools.gnu-tools-for-stm32.10.3-2021.10.win32_1.0.100.202210260954/tools/bin/../lib/gcc/arm-none-eabi/10.3.1/../../../../arm-none-eabi/lib/thumb/v7e-m+dp/hard\libm.a
LOAD d:/aplicativos/stm32cubeide_1.11.2/stm32cubeide/plugins/com.st.stm32cube.ide.mcu.externaltools.gnu-tools-for-stm32.10.3-2021.10.win32_1.0.100.202210260954/tools/bin/../lib/gcc/arm-none-eabi/10.3.1/thumb/v7e-m+dp/hard\libgcc.a

.debug_info     0x0000000000000000     0xe745
 .debug_info    0x0000000000000000      0x651 ./Core/Src/gpio.o
 .debug_info    0x0000000000000651      0x899 ./Core/Src/main.o
 .debug_info    0x0000000000000eea     0x11d0 ./Core/Src/sdmmc.o
 .debug_info    0x00000000000020ba      0x4a4 ./Core/Src/stm32h7xx_hal_msp.o
 .debug_info    0x000000000000255e      0x59d ./Core/Src/stm32h7xx_it.o
 .debug_info    0x0000000000002afb      0xd07 ./Core/Src/system_stm32h7xx.o
 .debug_info    0x0000000000003802       0x22 ./Core/Startup/startup_stm32h743vitx.o
 .debug_info    0x0000000000003824     0x15d7 ./Drivers/STM32H7xx_HAL_Driver/Src/stm32h7xx_hal.o
 .debug_info    0x0000000000004dfb     0x116d ./Drivers/STM32H7xx_HAL_Driver/Src/stm32h7xx_hal_cortex.o
 .debug_info    0x0000000000005f68      0xd28 ./Drivers/STM32H7xx_HAL_Driver/Src/stm32h7xx_hal_gpio.o
 .debug_info    0x0000000000006c90     0x109d ./Drivers/STM32H7xx_HAL_Driver/Src/stm32h7xx_hal_pwr_ex.o
 .debug_info    0x0000000000007d2d      0xf4a ./Drivers/STM32H7xx_HAL_Driver/Src/stm32h7xx_hal_rcc.o
 .debug_info    0x0000000000008c77     0x12d9 ./Drivers/STM32H7xx_HAL_Driver/Src/stm32h7xx_hal_rcc_ex.o
 .debug_info    0x0000000000009f50     0x1b97 ./Drivers/STM32H7xx_HAL_Driver/Src/stm32h7xx_hal_sd.o
 .debug_info    0x000000000000bae7     0x1315 ./Drivers/STM32H7xx_HAL_Driver/Src/stm32h7xx_ll_sdmmc.o
 .debug_info    0x000000000000cdfc      0x520 ./FATFS/App/fatfs.o
 .debug_info    0x000000000000d31c      0x963 ./FATFS/Target/bsp_driver_sd.o
 .debug_info    0x000000000000dc7f      0x1f3 ./FATFS/Target/fatfs_platform.o
 .debug_info    0x000000000000de72      0x504 ./FATFS/Target/sd_diskio.o
 .debug_info    0x000000000000e376      0x3cf ./Middlewares/Third_Party/FatFs/src/ff_gen_drv.o

.debug_abbrev   0x0000000000000000     0x24ec
 .debug_abbrev  0x0000000000000000      0x17b ./Core/Src/gpio.o
 .debug_abbrev  0x000000000000017b      0x256 ./Core/Src/main.o
 .debug_abbrev  0x00000000000003d1      0x204 ./Core/Src/sdmmc.o
 .debug_abbrev  0x00000000000005d5       0xda ./Core/Src/stm32h7xx_hal_msp.o
 .debug_abbrev  0x00000000000006af      0x179 ./Core/Src/stm32h7xx_it.o
 .debug_abbrev  0x0000000000000828      0x147 ./Core/Src/system_stm32h7xx.o
 .debug_abbrev  0x000000000000096f       0x12 ./Core/Startup/startup_stm32h743vitx.o
 .debug_abbrev  0x0000000000000981      0x289 ./Drivers/STM32H7xx_HAL_Driver/Src/stm32h7xx_hal.o
 .debug_abbrev  0x0000000000000c0a      0x329 ./Drivers/STM32H7xx_HAL_Driver/Src/stm32h7xx_hal_cortex.o
 .debug_abbrev  0x0000000000000f33      0x1ec ./Drivers/STM32H7xx_HAL_Driver/Src/stm32h7xx_hal_gpio.o
 .debug_abbrev  0x000000000000111f      0x28f ./Drivers/STM32H7xx_HAL_Driver/Src/stm32h7xx_hal_pwr_ex.o
 .debug_abbrev  0x00000000000013ae      0x2b8 ./Drivers/STM32H7xx_HAL_Driver/Src/stm32h7xx_hal_rcc.o
 .debug_abbrev  0x0000000000001666      0x25c ./Drivers/STM32H7xx_HAL_Driver/Src/stm32h7xx_hal_rcc_ex.o
 .debug_abbrev  0x00000000000018c2      0x25e ./Drivers/STM32H7xx_HAL_Driver/Src/stm32h7xx_hal_sd.o
 .debug_abbrev  0x0000000000001b20      0x1fd ./Drivers/STM32H7xx_HAL_Driver/Src/stm32h7xx_ll_sdmmc.o
 .debug_abbrev  0x0000000000001d1d      0x15a ./FATFS/App/fatfs.o
 .debug_abbrev  0x0000000000001e77      0x253 ./FATFS/Target/bsp_driver_sd.o
 .debug_abbrev  0x00000000000020ca      0x105 ./FATFS/Target/fatfs_platform.o
 .debug_abbrev  0x00000000000021cf      0x187 ./FATFS/Target/sd_diskio.o
 .debug_abbrev  0x0000000000002356      0x196 ./Middlewares/Third_Party/FatFs/src/ff_gen_drv.o

.debug_aranges  0x0000000000000000      0xbb8
 .debug_aranges
                0x0000000000000000       0x20 ./Core/Src/gpio.o
 .debug_aranges
                0x0000000000000020       0x30 ./Core/Src/main.o
 .debug_aranges
                0x0000000000000050       0x30 ./Core/Src/sdmmc.o
 .debug_aranges
                0x0000000000000080       0x20 ./Core/Src/stm32h7xx_hal_msp.o
 .debug_aranges
                0x00000000000000a0       0x68 ./Core/Src/stm32h7xx_it.o
 .debug_aranges
                0x0000000000000108       0x28 ./Core/Src/system_stm32h7xx.o
 .debug_aranges
                0x0000000000000130       0x28 ./Core/Startup/startup_stm32h743vitx.o
 .debug_aranges
                0x0000000000000158      0x198 ./Drivers/STM32H7xx_HAL_Driver/Src/stm32h7xx_hal.o
 .debug_aranges
                0x00000000000002f0      0x120 ./Drivers/STM32H7xx_HAL_Driver/Src/stm32h7xx_hal_cortex.o
 .debug_aranges
                0x0000000000000410       0x58 ./Drivers/STM32H7xx_HAL_Driver/Src/stm32h7xx_hal_gpio.o
 .debug_aranges
                0x0000000000000468      0x158 ./Drivers/STM32H7xx_HAL_Driver/Src/stm32h7xx_hal_pwr_ex.o
 .debug_aranges
                0x00000000000005c0       0x88 ./Drivers/STM32H7xx_HAL_Driver/Src/stm32h7xx_hal_rcc.o
 .debug_aranges
                0x0000000000000648       0xf8 ./Drivers/STM32H7xx_HAL_Driver/Src/stm32h7xx_hal_rcc_ex.o
 .debug_aranges
                0x0000000000000740      0x170 ./Drivers/STM32H7xx_HAL_Driver/Src/stm32h7xx_hal_sd.o
 .debug_aranges
                0x00000000000008b0      0x1a0 ./Drivers/STM32H7xx_HAL_Driver/Src/stm32h7xx_ll_sdmmc.o
 .debug_aranges
                0x0000000000000a50       0x28 ./FATFS/App/fatfs.o
 .debug_aranges
                0x0000000000000a78       0x98 ./FATFS/Target/bsp_driver_sd.o
 .debug_aranges
                0x0000000000000b10       0x20 ./FATFS/Target/fatfs_platform.o
 .debug_aranges
                0x0000000000000b30       0x48 ./FATFS/Target/sd_diskio.o
 .debug_aranges
                0x0000000000000b78       0x40 ./Middlewares/Third_Party/FatFs/src/ff_gen_drv.o

.debug_ranges   0x0000000000000000      0xa80
 .debug_ranges  0x0000000000000000       0x10 ./Core/Src/gpio.o
 .debug_ranges  0x0000000000000010       0x20 ./Core/Src/main.o
 .debug_ranges  0x0000000000000030       0x20 ./Core/Src/sdmmc.o
 .debug_ranges  0x0000000000000050       0x10 ./Core/Src/stm32h7xx_hal_msp.o
 .debug_ranges  0x0000000000000060       0x58 ./Core/Src/stm32h7xx_it.o
 .debug_ranges  0x00000000000000b8       0x18 ./Core/Src/system_stm32h7xx.o
 .debug_ranges  0x00000000000000d0       0x20 ./Core/Startup/startup_stm32h743vitx.o
 .debug_ranges  0x00000000000000f0      0x188 ./Drivers/STM32H7xx_HAL_Driver/Src/stm32h7xx_hal.o
 .debug_ranges  0x0000000000000278      0x110 ./Drivers/STM32H7xx_HAL_Driver/Src/stm32h7xx_hal_cortex.o
 .debug_ranges  0x0000000000000388       0x48 ./Drivers/STM32H7xx_HAL_Driver/Src/stm32h7xx_hal_gpio.o
 .debug_ranges  0x00000000000003d0      0x148 ./Drivers/STM32H7xx_HAL_Driver/Src/stm32h7xx_hal_pwr_ex.o
 .debug_ranges  0x0000000000000518       0x78 ./Drivers/STM32H7xx_HAL_Driver/Src/stm32h7xx_hal_rcc.o
 .debug_ranges  0x0000000000000590       0xe8 ./Drivers/STM32H7xx_HAL_Driver/Src/stm32h7xx_hal_rcc_ex.o
 .debug_ranges  0x0000000000000678      0x160 ./Drivers/STM32H7xx_HAL_Driver/Src/stm32h7xx_hal_sd.o
 .debug_ranges  0x00000000000007d8      0x190 ./Drivers/STM32H7xx_HAL_Driver/Src/stm32h7xx_ll_sdmmc.o
 .debug_ranges  0x0000000000000968       0x18 ./FATFS/App/fatfs.o
 .debug_ranges  0x0000000000000980       0x88 ./FATFS/Target/bsp_driver_sd.o
 .debug_ranges  0x0000000000000a08       0x10 ./FATFS/Target/fatfs_platform.o
 .debug_ranges  0x0000000000000a18       0x38 ./FATFS/Target/sd_diskio.o
 .debug_ranges  0x0000000000000a50       0x30 ./Middlewares/Third_Party/FatFs/src/ff_gen_drv.o

.debug_macro    0x0000000000000000     0x3ac0
 .debug_macro   0x0000000000000000      0x2c5 ./Core/Src/gpio.o
 .debug_macro   0x00000000000002c5      0x378 ./Core/Src/main.o
 .debug_macro   0x000000000000063d       0x1c ./Core/Src/main.o
 .debug_macro   0x0000000000000659       0x40 ./Core/Src/main.o
 .debug_macro   0x0000000000000699       0xe5 ./Core/Src/main.o
 .debug_macro   0x000000000000077e       0x16 ./Core/Src/main.o
 .debug_macro   0x0000000000000794       0x35 ./Core/Src/main.o
 .debug_macro   0x00000000000007c9       0x16 ./Core/Src/main.o
 .debug_macro   0x00000000000007df       0x29 ./Core/Src/main.o
 .debug_macro   0x0000000000000808       0x12 ./Core/Src/main.o
 .debug_macro   0x000000000000081a       0xe2 ./Core/Src/main.o
 .debug_macro   0x00000000000008fc       0x8e ./Core/Src/main.o
 .debug_macro   0x000000000000098a      0x2c5 ./Core/Src/sdmmc.o
 .debug_macro   0x0000000000000c4f      0x2bb ./Core/Src/stm32h7xx_hal_msp.o
 .debug_macro   0x0000000000000f0a      0x2c5 ./Core/Src/stm32h7xx_it.o
 .debug_macro   0x00000000000011cf      0x2ac ./Core/Src/system_stm32h7xx.o
 .debug_macro   0x000000000000147b      0x2d6 ./Drivers/STM32H7xx_HAL_Driver/Src/stm32h7xx_hal.o
 .debug_macro   0x0000000000001751      0x2ac ./Drivers/STM32H7xx_HAL_Driver/Src/stm32h7xx_hal_cortex.o
 .debug_macro   0x00000000000019fd      0x2b3 ./Drivers/STM32H7xx_HAL_Driver/Src/stm32h7xx_hal_gpio.o
 .debug_macro   0x0000000000001cb0      0x2e5 ./Drivers/STM32H7xx_HAL_Driver/Src/stm32h7xx_hal_pwr_ex.o
 .debug_macro   0x0000000000001f95      0x2d0 ./Drivers/STM32H7xx_HAL_Driver/Src/stm32h7xx_hal_rcc.o
 .debug_macro   0x0000000000002265      0x2ca ./Drivers/STM32H7xx_HAL_Driver/Src/stm32h7xx_hal_rcc_ex.o
 .debug_macro   0x000000000000252f      0x2c9 ./Drivers/STM32H7xx_HAL_Driver/Src/stm32h7xx_hal_sd.o
 .debug_macro   0x00000000000027f8      0x2ad ./Drivers/STM32H7xx_HAL_Driver/Src/stm32h7xx_ll_sdmmc.o
 .debug_macro   0x0000000000002aa5      0x360 ./FATFS/App/fatfs.o
 .debug_macro   0x0000000000002e05      0x2c4 ./FATFS/Target/bsp_driver_sd.o
 .debug_macro   0x00000000000030c9      0x2b5 ./FATFS/Target/fatfs_platform.o
 .debug_macro   0x000000000000337e      0x363 ./FATFS/Target/sd_diskio.o
 .debug_macro   0x00000000000036e1       0x16 ./FATFS/Target/sd_diskio.o
 .debug_macro   0x00000000000036f7       0x7c ./FATFS/Target/sd_diskio.o
 .debug_macro   0x0000000000003773      0x34d ./Middlewares/Third_Party/FatFs/src/ff_gen_drv.o

.debug_line     0x0000000000000000    0x10498
 .debug_line    0x0000000000000000      0x89a ./Core/Src/gpio.o
 .debug_line    0x000000000000089a      0xa11 ./Core/Src/main.o
 .debug_line    0x00000000000012ab      0x908 ./Core/Src/sdmmc.o
 .debug_line    0x0000000000001bb3      0x881 ./Core/Src/stm32h7xx_hal_msp.o
 .debug_line    0x0000000000002434      0x95d ./Core/Src/stm32h7xx_it.o
 .debug_line    0x0000000000002d91      0xa32 ./Core/Src/system_stm32h7xx.o
 .debug_line    0x00000000000037c3       0x88 ./Core/Startup/startup_stm32h743vitx.o
 .debug_line    0x000000000000384b      0xe30 ./Drivers/STM32H7xx_HAL_Driver/Src/stm32h7xx_hal.o
 .debug_line    0x000000000000467b      0xe36 ./Drivers/STM32H7xx_HAL_Driver/Src/stm32h7xx_hal_cortex.o
 .debug_line    0x00000000000054b1      0xcf3 ./Drivers/STM32H7xx_HAL_Driver/Src/stm32h7xx_hal_gpio.o
 .debug_line    0x00000000000061a4      0xf4a ./Drivers/STM32H7xx_HAL_Driver/Src/stm32h7xx_hal_pwr_ex.o
 .debug_line    0x00000000000070ee     0x1400 ./Drivers/STM32H7xx_HAL_Driver/Src/stm32h7xx_hal_rcc.o
 .debug_line    0x00000000000084ee     0x1cce ./Drivers/STM32H7xx_HAL_Driver/Src/stm32h7xx_hal_rcc_ex.o
 .debug_line    0x000000000000a1bc     0x20da ./Drivers/STM32H7xx_HAL_Driver/Src/stm32h7xx_hal_sd.o
 .debug_line    0x000000000000c296     0x1165 ./Drivers/STM32H7xx_HAL_Driver/Src/stm32h7xx_ll_sdmmc.o
 .debug_line    0x000000000000d3fb      0x967 ./FATFS/App/fatfs.o
 .debug_line    0x000000000000dd62      0xa5d ./FATFS/Target/bsp_driver_sd.o
 .debug_line    0x000000000000e7bf      0x898 ./FATFS/Target/fatfs_platform.o
 .debug_line    0x000000000000f057      0xa4b ./FATFS/Target/sd_diskio.o
 .debug_line    0x000000000000faa2      0x9f6 ./Middlewares/Third_Party/FatFs/src/ff_gen_drv.o

.debug_str      0x0000000000000000   0x154984
 .debug_str     0x0000000000000000   0x14fe34 ./Core/Src/gpio.o
                                     0x15028c (size before relaxing)
 .debug_str     0x000000000014fe34      0xcfa ./Core/Src/main.o
                                     0x150d4d (size before relaxing)
 .debug_str     0x0000000000150b2e      0xda5 ./Core/Src/sdmmc.o
                                     0x151172 (size before relaxing)
 .debug_str     0x00000000001518d3       0x2c ./Core/Src/stm32h7xx_hal_msp.o
                                     0x1501c1 (size before relaxing)
 .debug_str     0x00000000001518ff       0xed ./Core/Src/stm32h7xx_it.o
                                     0x150332 (size before relaxing)
 .debug_str     0x00000000001519ec      0x344 ./Core/Src/system_stm32h7xx.o
                                     0x15041f (size before relaxing)
 .debug_str     0x0000000000151d30       0x36 ./Core/Startup/startup_stm32h743vitx.o
                                         0x67 (size before relaxing)
 .debug_str     0x0000000000151d66      0x7f4 ./Drivers/STM32H7xx_HAL_Driver/Src/stm32h7xx_hal.o
                                     0x151335 (size before relaxing)
 .debug_str     0x000000000015255a      0x33f ./Drivers/STM32H7xx_HAL_Driver/Src/stm32h7xx_hal_cortex.o
                                     0x150d38 (size before relaxing)
 .debug_str     0x0000000000152899       0xf1 ./Drivers/STM32H7xx_HAL_Driver/Src/stm32h7xx_hal_gpio.o
                                     0x1503d6 (size before relaxing)
 .debug_str     0x000000000015298a      0x642 ./Drivers/STM32H7xx_HAL_Driver/Src/stm32h7xx_hal_pwr_ex.o
                                     0x150897 (size before relaxing)
 .debug_str     0x0000000000152fcc      0x22e ./Drivers/STM32H7xx_HAL_Driver/Src/stm32h7xx_hal_rcc.o
                                     0x1507ba (size before relaxing)
 .debug_str     0x00000000001531fa      0x655 ./Drivers/STM32H7xx_HAL_Driver/Src/stm32h7xx_hal_rcc_ex.o
                                     0x150c9b (size before relaxing)
 .debug_str     0x000000000015384f      0xa2a ./Drivers/STM32H7xx_HAL_Driver/Src/stm32h7xx_hal_sd.o
                                     0x150db5 (size before relaxing)
 .debug_str     0x0000000000154279      0x269 ./Drivers/STM32H7xx_HAL_Driver/Src/stm32h7xx_ll_sdmmc.o
                                     0x15056f (size before relaxing)
 .debug_str     0x00000000001544e2      0x1bc ./FATFS/App/fatfs.o
                                     0x150a06 (size before relaxing)
 .debug_str     0x000000000015469e      0x16b ./FATFS/Target/bsp_driver_sd.o
                                     0x1505ce (size before relaxing)
 .debug_str     0x0000000000154809       0x21 ./FATFS/Target/fatfs_platform.o
                                     0x14ffcb (size before relaxing)
 .debug_str     0x000000000015482a       0xa0 ./FATFS/Target/sd_diskio.o
                                     0x150a44 (size before relaxing)
 .debug_str     0x00000000001548ca       0xba ./Middlewares/Third_Party/FatFs/src/ff_gen_drv.o
                                     0x150972 (size before relaxing)

.comment        0x0000000000000000       0x50
 .comment       0x0000000000000000       0x50 ./Core/Src/gpio.o
                                         0x51 (size before relaxing)
 .comment       0x0000000000000050       0x51 ./Core/Src/main.o
 .comment       0x0000000000000050       0x51 ./Core/Src/sdmmc.o
 .comment       0x0000000000000050       0x51 ./Core/Src/stm32h7xx_hal_msp.o
 .comment       0x0000000000000050       0x51 ./Core/Src/stm32h7xx_it.o
 .comment       0x0000000000000050       0x51 ./Core/Src/system_stm32h7xx.o
 .comment       0x0000000000000050       0x51 ./Drivers/STM32H7xx_HAL_Driver/Src/stm32h7xx_hal.o
 .comment       0x0000000000000050       0x51 ./Drivers/STM32H7xx_HAL_Driver/Src/stm32h7xx_hal_cortex.o
 .comment       0x0000000000000050       0x51 ./Drivers/STM32H7xx_HAL_Driver/Src/stm32h7xx_hal_gpio.o
 .comment       0x0000000000000050       0x51 ./Drivers/STM32H7xx_HAL_Driver/Src/stm32h7xx_hal_pwr_ex.o
 .comment       0x0000000000000050       0x51 ./Drivers/STM32H7xx_HAL_Driver/Src/stm32h7xx_hal_rcc.o
 .comment       0x0000000000000050       0x51 ./Drivers/STM32H7xx_HAL_Driver/Src/stm32h7xx_hal_rcc_ex.o
 .comment       0x0000000000000050       0x51 ./Drivers/STM32H7xx_HAL_Driver/Src/stm32h7xx_hal_sd.o
 .comment       0x0000000000000050       0x51 ./Drivers/STM32H7xx_HAL_Driver/Src/stm32h7xx_ll_sdmmc.o
 .comment       0x0000000000000050       0x51 ./FATFS/App/fatfs.o
 .comment       0x0000000000000050       0x51 ./FATFS/Target/bsp_driver_sd.o
 .comment       0x0000000000000050       0x51 ./FATFS/Target/fatfs_platform.o
 .comment       0x0000000000000050       0x51 ./FATFS/Target/sd_diskio.o
 .comment       0x0000000000000050       0x51 ./Middlewares/Third_Party/FatFs/src/ff_gen_drv.o

.debug_frame    0x0000000000000000     0x2d54
 .debug_frame   0x0000000000000000       0x34 ./Core/Src/gpio.o
 .debug_frame   0x0000000000000034       0x70 ./Core/Src/main.o
 .debug_frame   0x00000000000000a4       0x7c ./Core/Src/sdmmc.o
 .debug_frame   0x0000000000000120       0x38 ./Core/Src/stm32h7xx_hal_msp.o
 .debug_frame   0x0000000000000158      0x120 ./Core/Src/stm32h7xx_it.o
 .debug_frame   0x0000000000000278       0x58 ./Core/Src/system_stm32h7xx.o
 .debug_frame   0x00000000000002d0      0x690 ./Drivers/STM32H7xx_HAL_Driver/Src/stm32h7xx_hal.o
 .debug_frame   0x0000000000000960      0x4b8 ./Drivers/STM32H7xx_HAL_Driver/Src/stm32h7xx_hal_cortex.o
 .debug_frame   0x0000000000000e18      0x14c ./Drivers/STM32H7xx_HAL_Driver/Src/stm32h7xx_hal_gpio.o
 .debug_frame   0x0000000000000f64      0x580 ./Drivers/STM32H7xx_HAL_Driver/Src/stm32h7xx_hal_pwr_ex.o
 .debug_frame   0x00000000000014e4      0x1f8 ./Drivers/STM32H7xx_HAL_Driver/Src/stm32h7xx_hal_rcc.o
 .debug_frame   0x00000000000016dc      0x414 ./Drivers/STM32H7xx_HAL_Driver/Src/stm32h7xx_hal_rcc_ex.o
 .debug_frame   0x0000000000001af0      0x670 ./Drivers/STM32H7xx_HAL_Driver/Src/stm32h7xx_hal_sd.o
 .debug_frame   0x0000000000002160      0x740 ./Drivers/STM32H7xx_HAL_Driver/Src/stm32h7xx_ll_sdmmc.o
 .debug_frame   0x00000000000028a0       0x4c ./FATFS/App/fatfs.o
 .debug_frame   0x00000000000028ec      0x238 ./FATFS/Target/bsp_driver_sd.o
 .debug_frame   0x0000000000002b24       0x34 ./FATFS/Target/fatfs_platform.o
 .debug_frame   0x0000000000002b58       0xe8 ./FATFS/Target/sd_diskio.o
 .debug_frame   0x0000000000002c40       0xc8 ./Middlewares/Third_Party/FatFs/src/ff_gen_drv.o
 .debug_frame   0x0000000000002d08       0x2c d:/aplicativos/stm32cubeide_1.11.2/stm32cubeide/plugins/com.st.stm32cube.ide.mcu.externaltools.gnu-tools-for-stm32.10.3-2021.10.win32_1.0.100.202210260954/tools/bin/../lib/gcc/arm-none-eabi/10.3.1/../../../../arm-none-eabi/lib/thumb/v7e-m+dp/hard\libc_nano.a(lib_a-init.o)
 .debug_frame   0x0000000000002d34       0x20 d:/aplicativos/stm32cubeide_1.11.2/stm32cubeide/plugins/com.st.stm32cube.ide.mcu.externaltools.gnu-tools-for-stm32.10.3-2021.10.win32_1.0.100.202210260954/tools/bin/../lib/gcc/arm-none-eabi/10.3.1/../../../../arm-none-eabi/lib/thumb/v7e-m+dp/hard\libc_nano.a(lib_a-memset.o)
